Component: ARM Compiler 5.06 update 7 (build 960) Tool: armlink [4d3601]

==============================================================================

Section Cross References

    startup_stm32f103xb.o(STACK) refers (Special) to heapauxi.o(.text) for __use_two_region_memory
    startup_stm32f103xb.o(HEAP) refers (Special) to heapauxi.o(.text) for __use_two_region_memory
    startup_stm32f103xb.o(RESET) refers (Special) to heapauxi.o(.text) for __use_two_region_memory
    startup_stm32f103xb.o(RESET) refers to startup_stm32f103xb.o(STACK) for __initial_sp
    startup_stm32f103xb.o(RESET) refers to startup_stm32f103xb.o(.text) for Reset_Handler
    startup_stm32f103xb.o(RESET) refers to stm32f1xx_it.o(i.NMI_Handler) for NMI_Handler
    startup_stm32f103xb.o(RESET) refers to stm32f1xx_it.o(i.HardFault_Handler) for HardFault_Handler
    startup_stm32f103xb.o(RESET) refers to stm32f1xx_it.o(i.MemManage_Handler) for MemManage_Handler
    startup_stm32f103xb.o(RESET) refers to stm32f1xx_it.o(i.BusFault_Handler) for BusFault_Handler
    startup_stm32f103xb.o(RESET) refers to stm32f1xx_it.o(i.UsageFault_Handler) for UsageFault_Handler
    startup_stm32f103xb.o(RESET) refers to stm32f1xx_it.o(i.SVC_Handler) for SVC_Handler
    startup_stm32f103xb.o(RESET) refers to stm32f1xx_it.o(i.DebugMon_Handler) for DebugMon_Handler
    startup_stm32f103xb.o(RESET) refers to stm32f1xx_it.o(i.PendSV_Handler) for PendSV_Handler
    startup_stm32f103xb.o(RESET) refers to stm32f1xx_it.o(i.SysTick_Handler) for SysTick_Handler
    startup_stm32f103xb.o(RESET) refers to stm32f1xx_it.o(i.EXTI3_IRQHandler) for EXTI3_IRQHandler
    startup_stm32f103xb.o(RESET) refers to stm32f1xx_it.o(i.USB_HP_CAN1_TX_IRQHandler) for USB_HP_CAN1_TX_IRQHandler
    startup_stm32f103xb.o(RESET) refers to stm32f1xx_it.o(i.USB_LP_CAN1_RX0_IRQHandler) for USB_LP_CAN1_RX0_IRQHandler
    startup_stm32f103xb.o(RESET) refers to stm32f1xx_it.o(i.TIM1_UP_IRQHandler) for TIM1_UP_IRQHandler
    startup_stm32f103xb.o(RESET) refers to stm32f1xx_it.o(i.SPI1_IRQHandler) for SPI1_IRQHandler
    startup_stm32f103xb.o(RESET) refers to stm32f1xx_it.o(i.EXTI15_10_IRQHandler) for EXTI15_10_IRQHandler
    startup_stm32f103xb.o(.text) refers (Special) to heapauxi.o(.text) for __use_two_region_memory
    startup_stm32f103xb.o(.text) refers to system_stm32f1xx.o(i.SystemInit) for SystemInit
    startup_stm32f103xb.o(.text) refers to __main.o(!!!main) for __main
    startup_stm32f103xb.o(.text) refers to startup_stm32f103xb.o(HEAP) for Heap_Mem
    startup_stm32f103xb.o(.text) refers to startup_stm32f103xb.o(STACK) for Stack_Mem
    main.o(i.SystemClock_Config) refers to rt_memclr_w.o(.text) for __aeabi_memclr4
    main.o(i.SystemClock_Config) refers to stm32f1xx_hal_rcc.o(i.HAL_RCC_OscConfig) for HAL_RCC_OscConfig
    main.o(i.SystemClock_Config) refers to stm32f1xx_hal_rcc.o(i.HAL_RCC_ClockConfig) for HAL_RCC_ClockConfig
    main.o(i.SystemClock_Config) refers to stm32f1xx_hal_rcc_ex.o(i.HAL_RCCEx_PeriphCLKConfig) for HAL_RCCEx_PeriphCLKConfig
    main.o(i.main) refers to stm32f1xx_hal.o(i.HAL_Init) for HAL_Init
    main.o(i.main) refers to main.o(i.SystemClock_Config) for SystemClock_Config
    main.o(i.main) refers to gpio.o(i.MX_GPIO_Init) for MX_GPIO_Init
    main.o(i.main) refers to i2c.o(i.MX_I2C2_Init) for MX_I2C2_Init
    main.o(i.main) refers to spi.o(i.MX_SPI1_Init) for MX_SPI1_Init
    main.o(i.main) refers to usb_device.o(i.MX_USB_DEVICE_Init) for MX_USB_DEVICE_Init
    main.o(i.main) refers to stm32f1xx_hal_gpio.o(i.HAL_GPIO_WritePin) for HAL_GPIO_WritePin
    main.o(i.main) refers to stm32f1xx_hal.o(i.HAL_Delay) for HAL_Delay
    main.o(i.main) refers to gpio.o(i.MXT_SSN_Init) for MXT_SSN_Init
    main.o(i.main) refers to mxt_spi_stream.o(i.MXT_SPI_StartIT) for MXT_SPI_StartIT
    main.o(i.main) refers to mxt_cmd.o(i.MXT_ProcessCommand) for MXT_ProcessCommand
    main.o(i.main) refers to mxt_bridge.o(i.MXT_ProcessControlPending) for MXT_ProcessControlPending
    main.o(i.main) refers to gpio.o(i.MXT_SSN_StopPullupPending) for MXT_SSN_StopPullupPending
    main.o(i.main) refers to mxt_spi_stream.o(i.MXT_ProcessSPICheck) for MXT_ProcessSPICheck
    main.o(i.main) refers to gpio.o(i.MXT_SSN_Poll) for MXT_SSN_Poll
    main.o(i.main) refers to mxt_usb_io.o(i.MXT_FlushMessageBuffer) for MXT_FlushMessageBuffer
    main.o(i.main) refers to mxt_msg.o(i.MXT_CheckAndProcessMessages) for MXT_CheckAndProcessMessages
    main.o(i.main) refers to mxt_touch.o(i.MXT_TimerDiagnosticRead) for MXT_TimerDiagnosticRead
    main.o(i.main) refers to mxt_state.o(.data) for g_spi_stream_enabled
    main.o(i.main) refers to mxt_state.o(.data) for g_spi_rx_q_head
    main.o(i.main) refers to mxt_state.o(.data) for g_spi_rx_q_tail
    gpio.o(i.MXT_SSN_EndActive) refers to mxt_spi_stream.o(i.MXT_SPI_QueueGapMarker) for MXT_SPI_QueueGapMarker
    gpio.o(i.MXT_SSN_EndActive) refers to gpio.o(.data) for .data
[...]
    HAL_SPI_TransmitReceive_IT               0x08003659   Thumb Code   138  stm32f1xx_hal_spi.o(i.HAL_SPI_TransmitReceive_IT)
    HAL_SPI_TxRxCpltCallback                 0x080036f5   Thumb Code     2  stm32f1xx_hal_spi.o(i.HAL_SPI_TxRxCpltCallback)
    HAL_SYSTICK_Config                       0x080036f7   Thumb Code    40  stm32f1xx_hal_cortex.o(i.HAL_SYSTICK_Config)
    HardFault_Handler                        0x0800371f   Thumb Code     2  stm32f1xx_it.o(i.HardFault_Handler)
    MSG_BufferFlush                          0x08003d21   Thumb Code   136  mxt_usb_io.o(i.MSG_BufferFlush)
    MSG_BufferWrite                          0x08003dc5   Thumb Code   142  mxt_usb_io.o(i.MSG_BufferWrite)
    MXT_CheckAndProcessMessages              0x08003e69   Thumb Code   422  mxt_msg.o(i.MXT_CheckAndProcessMessages)
    MXT_DelayUs                              0x08004051   Thumb Code    28  mxt_i2c.o(i.MXT_DelayUs)
    MXT_DisableDebugCtrl2                    0x08004075   Thumb Code    82  mxt_touch.o(i.MXT_DisableDebugCtrl2)
    MXT_EnableDebugCtrl2                     0x08004131   Thumb Code    72  mxt_touch.o(i.MXT_EnableDebugCtrl2)
    MXT_EnableOutput                         0x080041e9   Thumb Code     6  mxt_touch.o(i.MXT_EnableOutput)
    MXT_ExportConfigAsBin                    0x080041f5   Thumb Code   334  mxt_bridge.o(i.MXT_ExportConfigAsBin)
    MXT_ExportConfigAsTxt                    0x080043ad   Thumb Code   240  mxt_bridge.o(i.MXT_ExportConfigAsTxt)
    MXT_FindI2CAddress                       0x080045d5   Thumb Code    78  mxt_i2c.o(i.MXT_FindI2CAddress)
    MXT_FlushMessageBuffer                   0x08004629   Thumb Code    20  mxt_usb_io.o(i.MXT_FlushMessageBuffer)
    MXT_GetObjectAddr                        0x0800463d   Thumb Code   142  mxt_touch.o(i.MXT_GetObjectAddr)
    MXT_I2C_Probe                            0x080046e5   Thumb Code    22  mxt_i2c.o(i.MXT_I2C_Probe)
    MXT_I2C_Read                             0x08004701   Thumb Code    28  mxt_i2c.o(i.MXT_I2C_Read)
    MXT_I2C_ReadNoReg                        0x08004721   Thumb Code    28  mxt_i2c.o(i.MXT_I2C_ReadNoReg)
    MXT_I2C_Write                            0x08004741   Thumb Code    28  mxt_i2c.o(i.MXT_I2C_Write)
    MXT_I2C_WriteNoReg                       0x08004761   Thumb Code    28  mxt_i2c.o(i.MXT_I2C_WriteNoReg)
    MXT_InitTouchScreen                      0x08004781   Thumb Code    32  mxt_touch.o(i.MXT_InitTouchScreen)
    MXT_IsOutputEnabled                      0x080047a9   Thumb Code     6  mxt_touch.o(i.MXT_IsOutputEnabled)
    MXT_OutputDiagnosticData                 0x080047b5   Thumb Code   342  mxt_touch.o(i.MXT_OutputDiagnosticData)
    MXT_OutputMap16                          0x08004955   Thumb Code   178  mxt_touch.o(i.MXT_OutputMap16)
    MXT_OutputMap16Transformed               0x08004a61   Thumb Code   312  mxt_touch.o(i.MXT_OutputMap16Transformed)
    MXT_OutputMapAll                         0x08004c2d   Thumb Code   174  mxt_touch.o(i.MXT_OutputMapAll)
    MXT_ParseMessage                         0x08004d25   Thumb Code   562  mxt_msg.o(i.MXT_ParseMessage)
    MXT_ProcessCommand                       0x080050a1   Thumb Code     4  mxt_cmd.o(i.MXT_ProcessCommand)
    MXT_ProcessControlPending                0x080050a5   Thumb Code   154  mxt_bridge.o(i.MXT_ProcessControlPending)
    MXT_ProcessSPICheck                      0x08005169   Thumb Code   226  mxt_spi_stream.o(i.MXT_ProcessSPICheck)
    MXT_ReadCompleteDiagnosticFrame          0x08005285   Thumb Code   236  mxt_touch.o(i.MXT_ReadCompleteDiagnosticFrame)
    MXT_ReadObjectTable                      0x08005459   Thumb Code   302  mxt_touch.o(i.MXT_ReadObjectTable)
    MXT_ReadT100UnknownFields                0x08005695   Thumb Code   104  mxt_touch.o(i.MXT_ReadT100UnknownFields)
    MXT_SPI_OnSsnActive                      0x0800597d   Thumb Code     8  mxt_spi_stream.o(i.MXT_SPI_OnSsnActive)
    MXT_SPI_QueueGapMarker                   0x08005989   Thumb Code    62  mxt_spi_stream.o(i.MXT_SPI_QueueGapMarker)
    MXT_SPI_StartIT                          0x08005a01   Thumb Code    88  mxt_spi_stream.o(i.MXT_SPI_StartIT)
    MXT_SPI_StopIT                           0x08005a6d   Thumb Code    30  mxt_spi_stream.o(i.MXT_SPI_StopIT)
    MXT_SSN_GetDebug                         0x08005b09   Thumb Code    40  gpio.o(i.MXT_SSN_GetDebug)
    MXT_SSN_Init                             0x08005b35   Thumb Code    72  gpio.o(i.MXT_SSN_Init)
    MXT_SSN_IsSelected                       0x08005b85   Thumb Code    14  gpio.o(i.MXT_SSN_IsSelected)
    MXT_SSN_NotifySpiRx                      0x08005b99   Thumb Code     8  gpio.o(i.MXT_SSN_NotifySpiRx)
    MXT_SSN_OnMisoEdge                       0x08005ba5   Thumb Code    42  gpio.o(i.MXT_SSN_OnMisoEdge)
    MXT_SSN_Poll                             0x08005bd9   Thumb Code    60  gpio.o(i.MXT_SSN_Poll)
    MXT_SSN_ResetForStream                   0x08005c29   Thumb Code    44  gpio.o(i.MXT_SSN_ResetForStream)
    MXT_SSN_StopPullup                       0x08005cfd   Thumb Code     8  gpio.o(i.MXT_SSN_StopPullup)
    MXT_SSN_StopPullupPending                0x08005d09   Thumb Code     6  gpio.o(i.MXT_SSN_StopPullupPending)
    MXT_SSN_TimStart                         0x08005d91   Thumb Code    48  gpio.o(i.MXT_SSN_TimStart)
    MXT_SSN_TimStop                          0x08005dcd   Thumb Code    14  gpio.o(i.MXT_SSN_TimStop)
    MXT_SSN_TimUpIsr                         0x08005de1   Thumb Code    24  gpio.o(i.MXT_SSN_TimUpIsr)
    MXT_SendMode3Packets                     0x08005e2d   Thumb Code   482  mxt_touch.o(i.MXT_SendMode3Packets)
    MXT_SendSelfCapMode3Packets              0x08006031   Thumb Code   254  mxt_touch.o(i.MXT_SendSelfCapMode3Packets)
    MXT_SetChgPending                        0x08006139   Thumb Code     8  mxt_msg.o(i.MXT_SetChgPending)
    MXT_TimerDiagnosticRead                  0x08006145   Thumb Code   156  mxt_touch.o(i.MXT_TimerDiagnosticRead)
    MXT_TouchQueuePop                        0x08006219   Thumb Code    58  mxt_touch.o(i.MXT_TouchQueuePop)
    MXT_TouchQueuePush                       0x08006261   Thumb Code    54  mxt_touch.o(i.MXT_TouchQueuePush)
    MXT_WaitUsbIdle                          0x080062a5   Thumb Code    70  mxt_usb_io.o(i.MXT_WaitUsbIdle)
    MX_GPIO_Init                             0x080062f9   Thumb Code   326  gpio.o(i.MX_GPIO_Init)
    MX_I2C2_Init                             0x08006455   Thumb Code    50  i2c.o(i.MX_I2C2_Init)
    MX_SPI1_Init                             0x08006495   Thumb Code    62  spi.o(i.MX_SPI1_Init)
    MX_USB_DEVICE_Init                       0x080064dd   Thumb Code    66  usb_device.o(i.MX_USB_DEVICE_Init)
    Map16_CalcCRC16                          0x08006531   Thumb Code    60  mxt_touch.o(i.Map16_CalcCRC16)
    MemManage_Handler                        0x0800656d   Thumb Code     2  stm32f1xx_it.o(i.MemManage_Handler)
    NMI_Handler                              0x0800656f   Thumb Code     2  stm32f1xx_it.o(i.NMI_Handler)
    PendSV_Handler                           0x08006917   Thumb Code     2  stm32f1xx_it.o(i.PendSV_Handler)
    ProcessBridgePacket                      0x08006919   Thumb Code  1804  mxt_bridge.o(i.ProcessBridgePacket)
    ProcessPendingCommand                    0x0800711d   Thumb Code  8850  mxt_cmd.o(i.ProcessPendingCommand)
    ProcessStringCommand                     0x080093d9   Thumb Code    86  mxt_cmd.o(i.ProcessStringCommand)
    SPI1_IRQHandler                          0x0800943d   Thumb Code     6  stm32f1xx_it.o(i.SPI1_IRQHandler)
    SPIUSB_EndRawFrame                       0x08009449   Thumb Code     2  mxt_spi_stream.o(i.SPIUSB_EndRawFrame)
    SPIUSB_OnTxComplete                      0x080094cd   Thumb Code    14  mxt_spi_stream.o(i.SPIUSB_OnTxComplete)
    SPIUSB_ResetState                        0x080094e1   Thumb Code    96  mxt_spi_stream.o(i.SPIUSB_ResetState)
    SPIUSB_TryFlush                          0x08009789   Thumb Code   134  mxt_spi_stream.o(i.SPIUSB_TryFlush)
    SVC_Handler                              0x08009bcd   Thumb Code     2  stm32f1xx_it.o(i.SVC_Handler)
    SendResponse                             0x08009bd1   Thumb Code    72  mxt_usb_io.o(i.SendResponse)
    SysTick_Handler                          0x08009c1d   Thumb Code     4  stm32f1xx_it.o(i.SysTick_Handler)
    SystemClock_Config                       0x08009c21   Thumb Code   118  main.o(i.SystemClock_Config)
    SystemInit                               0x08009c97   Thumb Code     2  system_stm32f1xx.o(i.SystemInit)
    TIM1_UP_IRQHandler                       0x08009c99   Thumb Code     4  stm32f1xx_it.o(i.TIM1_UP_IRQHandler)
    USBD_CDC_GetDeviceQualifierDescriptor    0x08009d79   Thumb Code     8  usbd_cdc.o(i.USBD_CDC_GetDeviceQualifierDescriptor)
    USBD_CDC_ReceivePacket                   0x08009e3d   Thumb Code    40  usbd_cdc.o(i.USBD_CDC_ReceivePacket)
    USBD_CDC_RegisterInterface               0x08009e65   Thumb Code    16  usbd_cdc.o(i.USBD_CDC_RegisterInterface)
    USBD_CDC_SetRxBuffer                     0x08009e75   Thumb Code    12  usbd_cdc.o(i.USBD_CDC_SetRxBuffer)
    USBD_CDC_SetTxBuffer                     0x08009e81   Thumb Code    16  usbd_cdc.o(i.USBD_CDC_SetTxBuffer)
    USBD_CDC_TransmitPacket                  0x08009f3d   Thumb Code    54  usbd_cdc.o(i.USBD_CDC_TransmitPacket)
    USBD_ClrClassConfig                      0x08009f73   Thumb Code    14  usbd_core.o(i.USBD_ClrClassConfig)
    USBD_CtlContinueRx                       0x08009f81   Thumb Code    16  usbd_ioreq.o(i.USBD_CtlContinueRx)
    USBD_CtlContinueSendData                 0x08009f91   Thumb Code    16  usbd_ioreq.o(i.USBD_CtlContinueSendData)
    USBD_CtlError                            0x08009fa1   Thumb Code    22  usbd_ctlreq.o(i.USBD_CtlError)
    USBD_CtlPrepareRx                        0x08009fb7   Thumb Code    30  usbd_ioreq.o(i.USBD_CtlPrepareRx)
    USBD_CtlReceiveStatus                    0x08009fd5   Thumb Code    22  usbd_ioreq.o(i.USBD_CtlReceiveStatus)
    USBD_CtlSendData                         0x08009feb   Thumb Code    26  usbd_ioreq.o(i.USBD_CtlSendData)
    USBD_CtlSendStatus                       0x0800a005   Thumb Code    22  usbd_ioreq.o(i.USBD_CtlSendStatus)
    USBD_FS_ConfigStrDescriptor              0x0800a01d   Thumb Code    16  usbd_desc.o(i.USBD_FS_ConfigStrDescriptor)
    USBD_FS_DeviceDescriptor                 0x0800a03d   Thumb Code     8  usbd_desc.o(i.USBD_FS_DeviceDescriptor)
    USBD_FS_InterfaceStrDescriptor           0x0800a049   Thumb Code    16  usbd_desc.o(i.USBD_FS_InterfaceStrDescriptor)
    USBD_FS_LangIDStrDescriptor              0x0800a06d   Thumb Code     8  usbd_desc.o(i.USBD_FS_LangIDStrDescriptor)
    USBD_FS_ManufacturerStrDescriptor        0x0800a079   Thumb Code    16  usbd_desc.o(i.USBD_FS_ManufacturerStrDescriptor)
    USBD_FS_ProductStrDescriptor             0x0800a0a1   Thumb Code    16  usbd_desc.o(i.USBD_FS_ProductStrDescriptor)
    USBD_FS_SerialStrDescriptor              0x0800a0cd   Thumb Code    48  usbd_desc.o(i.USBD_FS_SerialStrDescriptor)
    USBD_GetString                           0x0800a1ed   Thumb Code    72  usbd_ctlreq.o(i.USBD_GetString)
    USBD_Init                                0x0800a24d   Thumb Code    42  usbd_core.o(i.USBD_Init)
    USBD_LL_ClearStallEP                     0x0800a277   Thumb Code    18  usbd_conf.o(i.USBD_LL_ClearStallEP)
    USBD_LL_CloseEP                          0x0800a289   Thumb Code    18  usbd_conf.o(i.USBD_LL_CloseEP)
    USBD_LL_DataInStage                      0x0800a29b   Thumb Code   198  usbd_core.o(i.USBD_LL_DataInStage)
    USBD_LL_DataOutStage                     0x0800a361   Thumb Code   130  usbd_core.o(i.USBD_LL_DataOutStage)
    USBD_LL_GetRxDataSize                    0x0800a3e3   Thumb Code     8  usbd_conf.o(i.USBD_LL_GetRxDataSize)
    USBD_LL_Init                             0x0800a3ed   Thumb Code   118  usbd_conf.o(i.USBD_LL_Init)
    USBD_LL_IsStallEP                        0x0800a46d   Thumb Code    30  usbd_conf.o(i.USBD_LL_IsStallEP)
    USBD_LL_OpenEP                           0x0800a48b   Thumb Code    24  usbd_conf.o(i.USBD_LL_OpenEP)
    USBD_LL_PrepareReceive                   0x0800a4a3   Thumb Code    18  usbd_conf.o(i.USBD_LL_PrepareReceive)
    USBD_LL_Reset                            0x0800a4b5   Thumb Code    80  usbd_core.o(i.USBD_LL_Reset)
    USBD_LL_Resume                           0x0800a505   Thumb Code    20  usbd_core.o(i.USBD_LL_Resume)
    USBD_LL_SOF                              0x0800a519   Thumb Code    24  usbd_core.o(i.USBD_LL_SOF)
    USBD_LL_SetSpeed                         0x0800a531   Thumb Code     6  usbd_core.o(i.USBD_LL_SetSpeed)
    USBD_LL_SetUSBAddress                    0x0800a537   Thumb Code    18  usbd_conf.o(i.USBD_LL_SetUSBAddress)
    USBD_LL_SetupStage                       0x0800a549   Thumb Code    90  usbd_core.o(i.USBD_LL_SetupStage)
    USBD_LL_StallEP                          0x0800a5a3   Thumb Code    18  usbd_conf.o(i.USBD_LL_StallEP)
    USBD_LL_Start                            0x0800a5b5   Thumb Code    18  usbd_conf.o(i.USBD_LL_Start)
    USBD_LL_Suspend                          0x0800a5c7   Thumb Code    18  usbd_core.o(i.USBD_LL_Suspend)
    USBD_LL_Transmit                         0x0800a5d9   Thumb Code    18  usbd_conf.o(i.USBD_LL_Transmit)
    USBD_ParseSetupRequest                   0x0800a5eb   Thumb Code    40  usbd_ctlreq.o(i.USBD_ParseSetupRequest)
    USBD_RegisterClass                       0x0800a613   Thumb Code    16  usbd_core.o(i.USBD_RegisterClass)
    USBD_SetClassConfig                      0x0800a623   Thumb Code    22  usbd_core.o(i.USBD_SetClassConfig)
    USBD_Start                               0x0800a6bd   Thumb Code    10  usbd_core.o(i.USBD_Start)
    USBD_StdDevReq                           0x0800a6c7   Thumb Code   274  usbd_ctlreq.o(i.USBD_StdDevReq)
    USBD_StdEPReq                            0x0800a7d9   Thumb Code   336  usbd_ctlreq.o(i.USBD_StdEPReq)
    USBD_StdItfReq                           0x0800a929   Thumb Code    78  usbd_ctlreq.o(i.USBD_StdItfReq)
    USBD_static_free                         0x0800a977   Thumb Code     2  usbd_conf.o(i.USBD_static_free)
    USBD_static_malloc                       0x0800a979   Thumb Code     4  usbd_conf.o(i.USBD_static_malloc)
    USB_ActivateEndpoint                     0x0800a981   Thumb Code   668  stm32f1xx_ll_usb.o(i.USB_ActivateEndpoint)
    USB_CoreInit                             0x0800ac1d   Thumb Code     4  stm32f1xx_ll_usb.o(i.USB_CoreInit)
    USB_DeactivateEndpoint                   0x0800ac21   Thumb Code   270  stm32f1xx_ll_usb.o(i.USB_DeactivateEndpoint)
    USB_DevConnect                           0x0800ad2f   Thumb Code     4  stm32f1xx_ll_usb.o(i.USB_DevConnect)
    USB_DevDisconnect                        0x0800ad33   Thumb Code     4  stm32f1xx_ll_usb.o(i.USB_DevDisconnect)
    USB_DevInit                              0x0800ad37   Thumb Code    18  stm32f1xx_ll_usb.o(i.USB_DevInit)
    USB_DisableGlobalInt                     0x0800ad49   Thumb Code    14  stm32f1xx_ll_usb.o(i.USB_DisableGlobalInt)
    USB_EP0_OutStart                         0x0800ad57   Thumb Code     4  stm32f1xx_ll_usb.o(i.USB_EP0_OutStart)
    USB_EPClearStall                         0x0800ad5b   Thumb Code   120  stm32f1xx_ll_usb.o(i.USB_EPClearStall)
    USB_EPSetStall                           0x0800add3   Thumb Code    50  stm32f1xx_ll_usb.o(i.USB_EPSetStall)
    USB_EPStartXfer                          0x0800ae05   Thumb Code  1250  stm32f1xx_ll_usb.o(i.USB_EPStartXfer)
    USB_EnableGlobalInt                      0x0800b2e7   Thumb Code    18  stm32f1xx_ll_usb.o(i.USB_EnableGlobalInt)
    USB_HP_CAN1_TX_IRQHandler                0x0800b2f9   Thumb Code     6  stm32f1xx_it.o(i.USB_HP_CAN1_TX_IRQHandler)
    USB_LP_CAN1_RX0_IRQHandler               0x0800b305   Thumb Code     6  stm32f1xx_it.o(i.USB_LP_CAN1_RX0_IRQHandler)
    USB_ReadInterrupts                       0x0800b311   Thumb Code     6  stm32f1xx_ll_usb.o(i.USB_ReadInterrupts)
    USB_ReadPMA                              0x0800b319   Thumb Code    44  stm32f1xx_ll_usb.o(i.USB_ReadPMA)
    USB_SendString                           0x0800b345   Thumb Code    32  mxt_usb_io.o(i.USB_SendString)
    USB_SetCurrentMode                       0x0800b36d   Thumb Code     4  stm32f1xx_ll_usb.o(i.USB_SetCurrentMode)
    USB_SetDevAddress                        0x0800b371   Thumb Code    12  stm32f1xx_ll_usb.o(i.USB_SetDevAddress)
    USB_WritePMA                             0x0800b37d   Thumb Code    38  stm32f1xx_ll_usb.o(i.USB_WritePMA)
    UsageFault_Handler                       0x0800b3a3   Thumb Code     2  stm32f1xx_it.o(i.UsageFault_Handler)
    _is_digit                                0x0800b3c5   Thumb Code    14  __printf_wp.o(i._is_digit)
    main                                     0x0800b3d5   Thumb Code   168  main.o(i.main)
    _get_lc_ctype                            0x0800b491   Thumb Code    44  lc_ctype_c.o(locale$$code)
    AHBPrescTable                            0x0800b4e3   Data          16  system_stm32f1xx.o(.constdata)
    APBPrescTable                            0x0800b4f3   Data           8  system_stm32f1xx.o(.constdata)
    Region$$Table$$Base                      0x0800b7dc   Number         0  anon$$obj.o(Region$$Table)
    Region$$Table$$Limit                     0x0800b7fc   Number         0  anon$$obj.o(Region$$Table)
    __ctype                                  0x0800b809   Data           0  lc_ctype_c.o(locale$$data)
    FS_Desc                                  0x20000018   Data          28  usbd_desc.o(.data)
    USBD_LangIDDesc                          0x20000034   Data           4  usbd_desc.o(.data)
    USBD_FS_DeviceDesc                       0x20000038   Data          18  usbd_desc.o(.data)
    USBD_StringSerial                        0x2000004c   Data          26  usbd_desc.o(.data)
    g_matrix_x_size                          0x20000066   Data           1  usbd_cdc_if.o(.data)
    g_matrix_y_size                          0x20000067   Data           1  usbd_cdc_if.o(.data)
    USBD_Interface_fops_FS                   0x20000068   Data          16  usbd_cdc_if.o(.data)
    g_mxt_i2c_addr                           0x2000007c   Data           1  mxt_state.o(.data)
    g_bridge_mode                            0x2000007d   Data           1  mxt_state.o(.data)
    g_num_objects                            0x2000007e   Data           1  mxt_state.o(.data)
    g_output_enabled                         0x2000007f   Data           1  mxt_state.o(.data)
    g_touch_inited                           0x20000080   Data           1  mxt_state.o(.data)
    g_cfgwrite_active                        0x20000081   Data           1  mxt_state.o(.data)
    g_cfgwrite_total_objects                 0x20000082   Data           2  mxt_state.o(.data)
    g_cfgwrite_total_chunks                  0x20000084   Data           2  mxt_state.o(.data)
    g_cfgwrite_next_seq                      0x20000086   Data           2  mxt_state.o(.data)
    g_cfgread_waiting_ack                    0x20000088   Data           1  mxt_state.o(.data)
    g_cfgread_current_seq                    0x2000008a   Data           2  mxt_state.o(.data)
    g_cfgread_last_ack_status                0x2000008c   Data           1  mxt_state.o(.data)
    g_cfg_rx_len                             0x2000008e   Data           2  mxt_state.o(.data)
    g_backup_busy                            0x20000090   Data           1  mxt_state.o(.data)
    g_backup_busy_until_ms                   0x20000094   Data           4  mxt_state.o(.data)
    g_unfreeze_pending                       0x20000098   Data           1  mxt_state.o(.data)
    g_debugctrl_applied                      0x20000099   Data           1  mxt_state.o(.data)
    g_spi_check_requested                    0x2000009a   Data           1  mxt_state.o(.data)
    g_spi_stream_enabled                     0x2000009b   Data           1  mxt_state.o(.data)
    g_spi_stream_mode                        0x2000009c   Data           1  mxt_state.o(.data)
    g_spi_in_frame                           0x2000009d   Data           1  mxt_state.o(.data)
    g_spi_frame_bytes                        0x2000009e   Data           2  mxt_state.o(.data)
    g_spi_it_active                          0x200000a0   Data           1  mxt_state.o(.data)
    g_spi_rx_q_head                          0x200000a2   Data           2  mxt_state.o(.data)
    g_spi_rx_q_tail                          0x200000a4   Data           2  mxt_state.o(.data)
    g_spi_rx_overflow                        0x200000a6   Data           2  mxt_state.o(.data)
    g_spi_last_irq_ms                        0x200000a8   Data           4  mxt_state.o(.data)
    g_spi_err_count                          0x200000ac   Data           2  mxt_state.o(.data)
    g_spi_it_buf_idx                         0x200000ae   Data           1  mxt_state.o(.data)
    g_spi_last_overflow_report_ms            0x200000b0   Data           4  mxt_state.o(.data)
    g_spi_tx_len                             0x200000b4   Data           2  mxt_state.o(.data)
    g_spi_start1_collecting                  0x200000b6   Data           1  mxt_state.o(.data)
    g_spi_start1_payload_bytes               0x200000b8   Data           2  mxt_state.o(.data)
    g_spi_start1_row_bytes                   0x200000ba   Data           1  mxt_state.o(.data)
    g_spi_start1_src_row_bytes               0x200000bb   Data           1  mxt_state.o(.data)
    g_spi_start3_frame_id                    0x200000bc   Data           1  mxt_state.o(.data)
    g_spi_start3_row_id                      0x200000bd   Data           1  mxt_state.o(.data)
    g_spi_start3_row_len                     0x200000be   Data           1  mxt_state.o(.data)
    g_t6_addr                                0x200000c0   Data           2  mxt_state.o(.data)
    g_t44_addr                               0x200000c2   Data           2  mxt_state.o(.data)
    g_t5_addr                                0x200000c4   Data           2  mxt_state.o(.data)
    g_t37_addr                               0x200000c6   Data           2  mxt_state.o(.data)
    g_t100_addr                              0x200000c8   Data           2  mxt_state.o(.data)
    g_t37_size                               0x200000ca   Data           1  mxt_state.o(.data)
    g_t100_size                              0x200000cb   Data           1  mxt_state.o(.data)
    g_page_size                              0x200000cc   Data           1  mxt_state.o(.data)
    g_pages_per_pass                         0x200000cd   Data           1  mxt_state.o(.data)
    g_t6_report_id                           0x200000ce   Data           1  mxt_state.o(.data)
    g_t100_report_id                         0x200000cf   Data           1  mxt_state.o(.data)
    g_diag_mode                              0x200000d0   Data           1  mxt_state.o(.data)
    g_diag_buffer                            0x200000d4   Data           4  mxt_state.o(.data)
    g_last_touch_valid                       0x200000d8   Data           1  mxt_state.o(.data)
    g_touch_q_head                           0x200000d9   Data           1  mxt_state.o(.data)
    g_touch_q_tail                           0x200000da   Data           1  mxt_state.o(.data)
    g_last_msg_time                          0x200000dc   Data           4  mxt_state.o(.data)
    g_msg_output_enabled                     0x200000e0   Data           1  mxt_state.o(.data)
    g_chg_pending                            0x200000e1   Data           1  mxt_state.o(.data)
    g_chg_process_enabled                    0x200000e2   Data           1  mxt_state.o(.data)
    g_msg_buffer_head                        0x200000e4   Data           2  mxt_state.o(.data)
    g_msg_buffer_tail                        0x200000e6   Data           2  mxt_state.o(.data)
    g_msg_buffer_overflow                    0x200000e8   Data           1  mxt_state.o(.data)
    g_diag_interval_ms                       0x200000ec   Data           4  mxt_state.o(.data)
    g_stream_rot                             0x200000f0   Data           1  mxt_state.o(.data)
    g_stream_flip                            0x200000f1   Data           1  mxt_state.o(.data)
    g_stream_map16_hex                       0x200000f2   Data           1  mxt_state.o(.data)
    g_stream_map16_char                      0x200000f3   Data           1  mxt_state.o(.data)
    g_stream_frame_id                        0x200000f4   Data           1  mxt_state.o(.data)
    g_stream_chgno                           0x200000f5   Data           1  mxt_state.o(.data)
    g_stream_touch_flip                      0x200000f6   Data           1  mxt_state.o(.data)
    g_stream_pre_cal                         0x200000f7   Data           1  mxt_state.o(.data)
    g_cmd_pending                            0x200000f8   Data           1  mxt_state.o(.data)
    g_menu_state                             0x200000f9   Data           1  mxt_state.o(.data)
    g_last_diag_time                         0x200000fc   Data           4  mxt_state.o(.data)
    g_t37_reading                            0x20000100   Data           1  mxt_state.o(.data)
    g_last_touch                             0x20000102   Data           8  mxt_state.o(.data)
    uwTickFreq                               0x2000010c   Data           1  stm32f1xx_hal.o(.data)
    uwTickPrio                               0x20000110   Data           4  stm32f1xx_hal.o(.data)
    uwTick                                   0x20000114   Data           4  stm32f1xx_hal.o(.data)
    SystemCoreClock                          0x20000118   Data           4  system_stm32f1xx.o(.data)
    USBD_CDC_CfgHSDesc                       0x2000012c   Data          67  usbd_cdc.o(.data)
    USBD_CDC_CfgFSDesc                       0x20000170   Data          67  usbd_cdc.o(.data)
    USBD_CDC_OtherSpeedCfgDesc               0x200001b4   Data          67  usbd_cdc.o(.data)
    USBD_CDC                                 0x200001f8   Data          56  usbd_cdc.o(.data)
    hi2c2                                    0x20000234   Data          84  i2c.o(.bss)
    hspi1                                    0x20000288   Data          88  spi.o(.bss)
    hUsbDeviceFS                             0x200002e0   Data         708  usb_device.o(.bss)
    USBD_StrDesc                             0x200005a4   Data         512  usbd_desc.o(.bss)
    UserRxBufferFS                           0x200007a4   Data         256  usbd_cdc_if.o(.bss)
    UserTxBufferFS                           0x200008a4   Data        1024  usbd_cdc_if.o(.bss)
    g_t37_data                               0x20000d24   Data         130  mxt_state.o(.bss)
    g_cfgwrite_objects                       0x20000da6   Data         384  mxt_state.o(.bss)
    g_cfg_rx_buf                             0x20000f26   Data         384  mxt_state.o(.bss)
    g_spi_it_rx_buf                          0x200010a6   Data          32  mxt_state.o(.bss)
    g_spi_rx_queue                           0x200010c6   Data        2048  mxt_state.o(.bss)
    g_spi_rx_mark                            0x200018c6   Data        2048  mxt_state.o(.bss)
    g_spi_tx_buf                             0x200020c6   Data        4096  mxt_state.o(.bss)
    g_spi_start3_row_buf                     0x200030c6   Data          32  mxt_state.o(.bss)
    g_diag_buffer_mem                        0x200030e6   Data        1280  mxt_state.o(.bss)
    g_touch_queue                            0x200035e6   Data         256  mxt_state.o(.bss)
    g_msg_buffer                             0x200036e6   Data        2048  mxt_state.o(.bss)
    g_cmd_buffer                             0x20003ee6   Data          64  mxt_state.o(.bss)
    g_msg_tx_chunk                           0x20003f26   Data          64  mxt_state.o(.bss)
    g_work_buf                               0x20003f66   Data         768  mxt_state.o(.bss)
    hpcd_USB_FS                              0x20004488   Data         728  usbd_conf.o(.bss)
    __libspace_start                         0x20004760   Data          96  libspace.o(.bss)
    __temporary_stack_top$libspace           0x200047c0   Data           0  libspace.o(.bss)



==============================================================================

Memory Map of the image

  Image Entry point : 0x080000ed

  Load Region LR_IROM1 (Base: 0x08000000, Size: 0x0000bb40, Max: 0x00012000, ABSOLUTE, COMPRESSED[0x0000b9e4])

    Execution Region ER_IROM1 (Exec base: 0x08000000, Load base: 0x08000000, Size: 0x0000b90c, Max: 0x00012000, ABSOLUTE)

    Exec Addr    Load Addr    Size         Type   Attr      Idx    E Section Name        Object

    0x08000000   0x08000000   0x000000ec   Data   RO            3    RESET               startup_stm32f103xb.o
    0x080000ec   0x080000ec   0x00000008   Code   RO         4391  * !!!main             c_w.l(__main.o)
    0x080000f4   0x080000f4   0x00000034   Code   RO         4685    !!!scatter          c_w.l(__scatter.o)
    0x08000128   0x08000128   0x0000005a   Code   RO         4683    !!dczerorl2         c_w.l(__dczerorl2.o)
    0x08000182   0x08000182   0x00000002   PAD
    0x08000184   0x08000184   0x0000001c   Code   RO         4687    !!handler_zi        c_w.l(__scatter_zi.o)
    0x080001a0   0x080001a0   0x00000000   Code   RO         4361    .ARM.Collect$$_printf_percent$$00000000  c_w.l(_printf_percent.o)
    0x080001a0   0x080001a0   0x00000006   Code   RO         4359    .ARM.Collect$$_printf_percent$$00000009  c_w.l(_printf_d.o)
    0x080001a6   0x080001a6   0x00000006   Code   RO         4360    .ARM.Collect$$_printf_percent$$0000000A  c_w.l(_printf_u.o)
    0x080001ac   0x080001ac   0x00000006   Code   RO         4358    .ARM.Collect$$_printf_percent$$0000000C  c_w.l(_printf_x.o)
    0x080001b2   0x080001b2   0x00000006   Code   RO         4357    .ARM.Collect$$_printf_percent$$00000014  c_w.l(_printf_s.o)
    0x080001b8   0x080001b8   0x00000004   Code   RO         4435    .ARM.Collect$$_printf_percent$$00000017  c_w.l(_printf_percent_end.o)
    0x080001bc   0x080001bc   0x00000002   Code   RO         4549    .ARM.Collect$$libinit$$00000000  c_w.l(libinit.o)
    0x080001be   0x080001be   0x00000000   Code   RO         4558    .ARM.Collect$$libinit$$00000002  c_w.l(libinit2.o)
    0x080001be   0x080001be   0x00000000   Code   RO         4560    .ARM.Collect$$libinit$$00000004  c_w.l(libinit2.o)
    0x080001be   0x080001be   0x00000000   Code   RO         4563    .ARM.Collect$$libinit$$0000000A  c_w.l(libinit2.o)
    0x080001be   0x080001be   0x00000000   Code   RO         4565    .ARM.Collect$$libinit$$0000000C  c_w.l(libinit2.o)
    0x080001be   0x080001be   0x00000000   Code   RO         4567    .ARM.Collect$$libinit$$0000000E  c_w.l(libinit2.o)
    0x080001be   0x080001be   0x00000006   Code   RO         4568    .ARM.Collect$$libinit$$0000000F  c_w.l(libinit2.o)
    0x080001c4   0x080001c4   0x00000000   Code   RO         4570    .ARM.Collect$$libinit$$00000011  c_w.l(libinit2.o)
    0x080001c4   0x080001c4   0x0000000c   Code   RO         4571    .ARM.Collect$$libinit$$00000012  c_w.l(libinit2.o)
    0x080001d0   0x080001d0   0x00000000   Code   RO         4572    .ARM.Collect$$libinit$$00000013  c_w.l(libinit2.o)
    0x080001d0   0x080001d0   0x00000000   Code   RO         4574    .ARM.Collect$$libinit$$00000015  c_w.l(libinit2.o)
    0x080001d0   0x080001d0   0x00000000   Code   RO         4576    .ARM.Collect$$libinit$$00000017  c_w.l(libinit2.o)
    0x080001d0   0x080001d0   0x00000000   Code   RO         4578    .ARM.Collect$$libinit$$00000019  c_w.l(libinit2.o)
    0x080001d0   0x080001d0   0x00000000   Code   RO         4580    .ARM.Collect$$libinit$$0000001B  c_w.l(libinit2.o)
    0x080001d0   0x080001d0   0x00000000   Code   RO         4582    .ARM.Collect$$libinit$$0000001D  c_w.l(libinit2.o)
    0x080001d0   0x080001d0   0x00000000   Code   RO         4584    .ARM.Collect$$libinit$$0000001F  c_w.l(libinit2.o)
    0x080001d0   0x080001d0   0x00000000   Code   RO         4586    .ARM.Collect$$libinit$$00000021  c_w.l(libinit2.o)
    0x080001d0   0x080001d0   0x00000000   Code   RO         4588    .ARM.Collect$$libinit$$00000023  c_w.l(libinit2.o)
    0x080001d0   0x080001d0   0x00000000   Code   RO         4590    .ARM.Collect$$libinit$$00000025  c_w.l(libinit2.o)
    0x080001d0   0x080001d0   0x00000000   Code   RO         4594    .ARM.Collect$$libinit$$0000002C  c_w.l(libinit2.o)
    0x080001d0   0x080001d0   0x00000000   Code   RO         4596    .ARM.Collect$$libinit$$0000002E  c_w.l(libinit2.o)
    0x080001d0   0x080001d0   0x00000000   Code   RO         4598    .ARM.Collect$$libinit$$00000030  c_w.l(libinit2.o)
    0x080001d0   0x080001d0   0x00000000   Code   RO         4600    .ARM.Collect$$libinit$$00000032  c_w.l(libinit2.o)
    0x080001d0   0x080001d0   0x00000002   Code   RO         4601    .ARM.Collect$$libinit$$00000033  c_w.l(libinit2.o)
    0x080001d2   0x080001d2   0x00000002   Code   RO         4621    .ARM.Collect$$libshutdown$$00000000  c_w.l(libshutdown.o)
    0x080001d4   0x080001d4   0x00000000   Code   RO         4634    .ARM.Collect$$libshutdown$$00000002  c_w.l(libshutdown2.o)
    0x080001d4   0x080001d4   0x00000000   Code   RO         4636    .ARM.Collect$$libshutdown$$00000004  c_w.l(libshutdown2.o)
    0x080001d4   0x080001d4   0x00000000   Code   RO         4638    .ARM.Collect$$libshutdown$$00000006  c_w.l(libshutdown2.o)
    0x080001d4   0x080001d4   0x00000000   Code   RO         4641    .ARM.Collect$$libshutdown$$00000009  c_w.l(libshutdown2.o)
    0x080001d4   0x080001d4   0x00000000   Code   RO         4644    .ARM.Collect$$libshutdown$$0000000C  c_w.l(libshutdown2.o)
    0x080001d4   0x080001d4   0x00000000   Code   RO         4646    .ARM.Collect$$libshutdown$$0000000E  c_w.l(libshutdown2.o)
    0x080001d4   0x080001d4   0x00000000   Code   RO         4649    .ARM.Collect$$libshutdown$$00000011  c_w.l(libshutdown2.o)
    0x080001d4   0x080001d4   0x00000002   Code   RO         4650    .ARM.Collect$$libshutdown$$00000012  c_w.l(libshutdown2.o)
    0x080001d6   0x080001d6   0x00000000   Code   RO         4393    .ARM.Collect$$rtentry$$00000000  c_w.l(__rtentry.o)
    0x080001d6   0x080001d6   0x00000000   Code   RO         4465    .ARM.Collect$$rtentry$$00000002  c_w.l(__rtentry2.o)
    0x080001d6   0x080001d6   0x00000006   Code   RO         4477    .ARM.Collect$$rtentry$$00000004  c_w.l(__rtentry4.o)
    0x080001dc   0x080001dc   0x00000000   Code   RO         4467    .ARM.Collect$$rtentry$$00000009  c_w.l(__rtentry2.o)
    0x080001dc   0x080001dc   0x00000004   Code   RO         4468    .ARM.Collect$$rtentry$$0000000A  c_w.l(__rtentry2.o)
    0x080001e0   0x080001e0   0x00000000   Code   RO         4470    .ARM.Collect$$rtentry$$0000000C  c_w.l(__rtentry2.o)
    0x080001e0   0x080001e0   0x00000008   Code   RO         4471    .ARM.Collect$$rtentry$$0000000D  c_w.l(__rtentry2.o)
    0x080001e8   0x080001e8   0x00000002   Code   RO         4555    .ARM.Collect$$rtexit$$00000000  c_w.l(rtexit.o)
    0x080001ea   0x080001ea   0x00000000   Code   RO         4603    .ARM.Collect$$rtexit$$00000002  c_w.l(rtexit2.o)
    0x080001ea   0x080001ea   0x00000004   Code   RO         4604    .ARM.Collect$$rtexit$$00000003  c_w.l(rtexit2.o)
    0x080001ee   0x080001ee   0x00000006   Code   RO         4605    .ARM.Collect$$rtexit$$00000004  c_w.l(rtexit2.o)
    0x080001f4   0x080001f4   0x00000040   Code   RO            4    .text               startup_stm32f103xb.o
    0x08000234   0x08000234   0x00000038   Code   RO         4304    .text               c_w.l(__2snprintf.o)
    0x0800026c   0x0800026c   0x0000004e   Code   RO         4310    .text               c_w.l(_printf_pad.o)
    0x080002ba   0x080002ba   0x00000052   Code   RO         4312    .text               c_w.l(_printf_str.o)
    0x0800030c   0x0800030c   0x00000078   Code   RO         4314    .text               c_w.l(_printf_dec.o)
    0x08000384   0x08000384   0x00000094   Code   RO         4334    .text               c_w.l(_printf_hex_int_ll_ptr.o)
    0x08000418   0x08000418   0x00000188   Code   RO         4354    .text               c_w.l(__printf_flags_ss_wp.o)
    0x080005a0   0x080005a0   0x0000001a   Code   RO         4362    .text               c_w.l(atoi.o)
    0x080005ba   0x080005ba   0x00000002   PAD
    0x080005bc   0x080005bc   0x0000000c   Code   RO         4364    .text               c_w.l(strtok.o)
    0x080005c8   0x080005c8   0x00000014   Code   RO         4367    .text               c_w.l(strchr.o)
    0x080005dc   0x080005dc   0x00000032   Code   RO         4369    .text               c_w.l(strncasecmp.o)
    0x0800060e   0x0800060e   0x0000002a   Code   RO         4371    .text               c_w.l(strcasecmp.o)
    0x08000638   0x08000638   0x0000003e   Code   RO         4373    .text               c_w.l(strlen.o)
    0x08000676   0x08000676   0x00000096   Code   RO         4375    .text               c_w.l(strncmp.o)
    0x0800070c   0x0800070c   0x0000008a   Code   RO         4377    .text               c_w.l(rt_memcpy_v6.o)
    0x08000796   0x08000796   0x00000084   Code   RO         4379    .text               c_w.l(rt_memmove_v6.o)
    0x0800081a   0x0800081a   0x00000044   Code   RO         4381    .text               c_w.l(rt_memclr.o)
    0x0800085e   0x0800085e   0x0000004e   Code   RO         4383    .text               c_w.l(rt_memclr_w.o)
    0x080008ac   0x080008ac   0x00000056   Code   RO         4385    .text               c_w.l(strncpy.o)
    0x08000902   0x08000902   0x00000002   PAD
    0x08000904   0x08000904   0x00000080   Code   RO         4387    .text               c_w.l(strcmpv7m.o)
    0x08000984   0x08000984   0x00000006   Code   RO         4389    .text               c_w.l(heapauxi.o)
    0x0800098a   0x0800098a   0x00000002   PAD
    0x0800098c   0x0800098c   0x00000008   Code   RO         4397    .text               c_w.l(rt_errno_addr_intlibspace.o)
    0x08000994   0x08000994   0x0000001a   Code   RO         4399    .text               c_w.l(tolower.o)
    0x080009ae   0x080009ae   0x000000b2   Code   RO         4403    .text               c_w.l(_printf_intcommon.o)
    0x08000a60   0x08000a60   0x00000030   Code   RO         4407    .text               c_w.l(_printf_char_common.o)
    0x08000a90   0x08000a90   0x0000000a   Code   RO         4409    .text               c_w.l(_sputc.o)
    0x08000a9a   0x08000a9a   0x00000010   Code   RO         4411    .text               c_w.l(_snputc.o)
    0x08000aaa   0x08000aaa   0x0000002c   Code   RO         4413    .text               c_w.l(_printf_char.o)
    0x08000ad6   0x08000ad6   0x00000070   Code   RO         4445    .text               c_w.l(strtol.o)
    0x08000b46   0x08000b46   0x00000002   PAD
    0x08000b48   0x08000b48   0x00000044   Code   RO         4447    .text               c_w.l(strtok_int.o)
    0x08000b8c   0x08000b8c   0x00000064   Code   RO         4449    .text               c_w.l(rt_memcpy_w.o)
    0x08000bf0   0x08000bf0   0x0000007a   Code   RO         4451    .text               c_w.l(rt_memmove_w.o)
    0x08000c6a   0x08000c6a   0x00000002   PAD
    0x08000c6c   0x08000c6c   0x00000008   Code   RO         4461    .text               c_w.l(libspace.o)
    0x08000c74   0x08000c74   0x00000010   Code   RO         4479    .text               c_w.l(rt_ctype_table.o)
    0x08000c84   0x08000c84   0x0000009e   Code   RO         4492    .text               c_w.l(_strtoul.o)
    0x08000d22   0x08000d22   0x00000020   Code   RO         4496    .text               c_w.l(strcspn.o)
    0x08000d42   0x08000d42   0x0000001c   Code   RO         4498    .text               c_w.l(strspn.o)
    0x08000d5e   0x08000d5e   0x0000004a   Code   RO         4500    .text               c_w.l(sys_stackheap_outer.o)
    0x08000da8   0x08000da8   0x00000008   Code   RO         4505    .text               c_w.l(rt_locale_intlibspace.o)
    0x08000db0   0x08000db0   0x0000001c   Code   RO         4509    .text               c_w.l(_chval.o)
    0x08000dcc   0x08000dcc   0x00000012   Code   RO         4542    .text               c_w.l(exit.o)
    0x08000dde   0x08000dde   0x00000002   PAD
    0x08000de0   0x08000de0   0x0000000c   Code   RO         4613    .text               c_w.l(sys_exit.o)
    0x08000dec   0x08000dec   0x00000002   Code   RO         4624    .text               c_w.l(use_no_semi.o)
    0x08000dee   0x08000dee   0x00000000   Code   RO         4626    .text               c_w.l(indicate_semi.o)
    0x08000dee   0x08000dee   0x00000002   Code   RO          419    i.BusFault_Handler  stm32f1xx_it.o
    0x08000df0   0x08000df0   0x00000004   Code   RO          672    i.CDC_Control_FS    usbd_cdc_if.o
    0x08000df4   0x08000df4   0x00000004   Code   RO          673    i.CDC_DeInit_FS     usbd_cdc_if.o
    0x08000df8   0x08000df8   0x00000420   Code   RO          674    i.CDC_Init_FS       usbd_cdc_if.o
    0x08001218   0x08001218   0x00000038   Code   RO          675    i.CDC_Receive_FS    usbd_cdc_if.o
    0x08001250   0x08001250   0x0000002c   Code   RO          676    i.CDC_Transmit_FS   usbd_cdc_if.o
    0x0800127c   0x0800127c   0x00000022   Code   RO          750    i.CFG_CheckCRC16LE  mxt_bridge.o
    0x0800129e   0x0800129e   0x00000030   Code   RO          751    i.CFG_SendResp      mxt_bridge.o
    0x080012ce   0x080012ce   0x00000002   PAD
    0x080012d0   0x080012d0   0x00000042   Code   RO         1199    i.CRC16_CCITT_FALSE  mxt_touch.o
    0x08001312   0x08001312   0x00000002   Code   RO          420    i.DebugMon_Handler  stm32f1xx_it.o
    0x08001314   0x08001314   0x00000018   Code   RO          421    i.EXTI15_10_IRQHandler  stm32f1xx_it.o
    0x0800132c   0x0800132c   0x0000003c   Code   RO          422    i.EXTI3_IRQHandler  stm32f1xx_it.o
    0x08001368   0x08001368   0x00000004   Code   RO           13    i.Error_Handler     main.o
    0x0800136c   0x0800136c   0x00000046   Code   RO         2539    i.HAL_DMA_Abort     stm32f1xx_hal_dma.o
    0x080013b2   0x080013b2   0x00000002   PAD
    0x080013b4   0x080013b4   0x00000098   Code   RO         2540    i.HAL_DMA_Abort_IT  stm32f1xx_hal_dma.o
    0x0800144c   0x0800144c   0x00000024   Code   RO         2165    i.HAL_Delay         stm32f1xx_hal.o
    0x08001470   0x08001470   0x000001e0   Code   RO         2475    i.HAL_GPIO_Init     stm32f1xx_hal_gpio.o
    0x08001650   0x08001650   0x0000000a   Code   RO         2477    i.HAL_GPIO_ReadPin  stm32f1xx_hal_gpio.o
    0x0800165a   0x0800165a   0x0000000a   Code   RO         2479    i.HAL_GPIO_WritePin  stm32f1xx_hal_gpio.o
    0x08001664   0x08001664   0x0000000c   Code   RO         2169    i.HAL_GetTick       stm32f1xx_hal.o
    0x08001670   0x08001670   0x00000188   Code   RO         3146    i.HAL_I2C_Init      stm32f1xx_hal_i2c.o
    0x080017f8   0x080017f8   0x0000016c   Code   RO         3147    i.HAL_I2C_IsDeviceReady  stm32f1xx_hal_i2c.o
    0x08001964   0x08001964   0x00000250   Code   RO         3152    i.HAL_I2C_Master_Receive  stm32f1xx_hal_i2c.o
    0x08001bb4   0x08001bb4   0x0000012c   Code   RO         3159    i.HAL_I2C_Master_Transmit  stm32f1xx_hal_i2c.o
    0x08001ce0   0x08001ce0   0x0000025c   Code   RO         3164    i.HAL_I2C_Mem_Read  stm32f1xx_hal_i2c.o
    0x08001f3c   0x08001f3c   0x00000130   Code   RO         3167    i.HAL_I2C_Mem_Write  stm32f1xx_hal_i2c.o
    0x0800206c   0x0800206c   0x00000060   Code   RO          336    i.HAL_I2C_MspInit   i2c.o
    0x080020cc   0x080020cc   0x00000010   Code   RO         2175    i.HAL_IncTick       stm32f1xx_hal.o
    0x080020dc   0x080020dc   0x00000024   Code   RO         2176    i.HAL_Init          stm32f1xx_hal.o
    0x08002100   0x08002100   0x00000040   Code   RO         2177    i.HAL_InitTick      stm32f1xx_hal.o
    0x08002140   0x08002140   0x0000003c   Code   RO          531    i.HAL_MspInit       stm32f1xx_hal_msp.o
    0x0800217c   0x0800217c   0x0000001a   Code   RO         2635    i.HAL_NVIC_EnableIRQ  stm32f1xx_hal_cortex.o
    0x08002196   0x08002196   0x00000002   PAD
    0x08002198   0x08002198   0x00000040   Code   RO         2641    i.HAL_NVIC_SetPriority  stm32f1xx_hal_cortex.o
    0x080021d8   0x080021d8   0x00000024   Code   RO         2642    i.HAL_NVIC_SetPriorityGrouping  stm32f1xx_hal_cortex.o
    0x080021fc   0x080021fc   0x0000003c   Code   RO         1932    i.HAL_PCDEx_PMAConfig  stm32f1xx_hal_pcd_ex.o
    0x08002238   0x08002238   0x00000002   Code   RO         1445    i.HAL_PCDEx_SetConnectionState  usbd_conf.o
    0x0800223a   0x0800223a   0x00000026   Code   RO         1447    i.HAL_PCD_DataInStageCallback  usbd_conf.o
    0x08002260   0x08002260   0x00000014   Code   RO         1448    i.HAL_PCD_DataOutStageCallback  usbd_conf.o
    0x08002274   0x08002274   0x0000004a   Code   RO         1703    i.HAL_PCD_EP_Close  stm32f1xx_hal_pcd.o
    0x080022be   0x080022be   0x0000005a   Code   RO         1704    i.HAL_PCD_EP_ClrStall  stm32f1xx_hal_pcd.o
    0x08002318   0x08002318   0x000000e6   Code   RO         1705    i.HAL_PCD_EP_DB_Receive  stm32f1xx_hal_pcd.o
    0x080023fe   0x080023fe   0x00000338   Code   RO         1706    i.HAL_PCD_EP_DB_Transmit  stm32f1xx_hal_pcd.o
    0x08002736   0x08002736   0x00000012   Code   RO         1708    i.HAL_PCD_EP_GetRxCount  stm32f1xx_hal_pcd.o
    0x08002748   0x08002748   0x00000058   Code   RO         1709    i.HAL_PCD_EP_Open   stm32f1xx_hal_pcd.o
    0x080027a0   0x080027a0   0x0000002e   Code   RO         1710    i.HAL_PCD_EP_Receive  stm32f1xx_hal_pcd.o
    0x080027ce   0x080027ce   0x00000070   Code   RO         1711    i.HAL_PCD_EP_SetStall  stm32f1xx_hal_pcd.o
    0x0800283e   0x0800283e   0x0000002e   Code   RO         1712    i.HAL_PCD_EP_Transmit  stm32f1xx_hal_pcd.o
    0x0800286c   0x0800286c   0x00000134   Code   RO         1714    i.HAL_PCD_IRQHandler  stm32f1xx_hal_pcd.o
    0x080029a0   0x080029a0   0x000000ba   Code   RO         1717    i.HAL_PCD_Init      stm32f1xx_hal_pcd.o
    0x08002a5a   0x08002a5a   0x00000002   PAD
    0x08002a5c   0x08002a5c   0x0000003c   Code   RO         1453    i.HAL_PCD_MspInit   usbd_conf.o
    0x08002a98   0x08002a98   0x00000026   Code   RO         1454    i.HAL_PCD_ResetCallback  usbd_conf.o
    0x08002abe   0x08002abe   0x00000008   Code   RO         1455    i.HAL_PCD_ResumeCallback  usbd_conf.o
    0x08002ac6   0x08002ac6   0x00000008   Code   RO         1456    i.HAL_PCD_SOFCallback  usbd_conf.o
    0x08002ace   0x08002ace   0x00000026   Code   RO         1723    i.HAL_PCD_SetAddress  stm32f1xx_hal_pcd.o
    0x08002af4   0x08002af4   0x0000000e   Code   RO         1457    i.HAL_PCD_SetupStageCallback  usbd_conf.o
    0x08002b02   0x08002b02   0x00000032   Code   RO         1725    i.HAL_PCD_Start     stm32f1xx_hal_pcd.o
    0x08002b34   0x08002b34   0x00000024   Code   RO         1458    i.HAL_PCD_SuspendCallback  usbd_conf.o
    0x08002b58   0x08002b58   0x000000ec   Code   RO         2437    i.HAL_RCCEx_PeriphCLKConfig  stm32f1xx_hal_rcc_ex.o
    0x08002c44   0x08002c44   0x0000012c   Code   RO         2333    i.HAL_RCC_ClockConfig  stm32f1xx_hal_rcc.o
    0x08002d70   0x08002d70   0x00000020   Code   RO         2340    i.HAL_RCC_GetPCLK1Freq  stm32f1xx_hal_rcc.o
    0x08002d90   0x08002d90   0x00000020   Code   RO         2341    i.HAL_RCC_GetPCLK2Freq  stm32f1xx_hal_rcc.o
    0x08002db0   0x08002db0   0x0000004c   Code   RO         2342    i.HAL_RCC_GetSysClockFreq  stm32f1xx_hal_rcc.o
    0x08002dfc   0x08002dfc   0x00000320   Code   RO         2345    i.HAL_RCC_OscConfig  stm32f1xx_hal_rcc.o
    0x0800311c   0x0800311c   0x00000120   Code   RO         3572    i.HAL_SPI_Abort     stm32f1xx_hal_spi.o
    0x0800323c   0x0800323c   0x00000040   Code   RO          981    i.HAL_SPI_ErrorCallback  mxt_spi_stream.o
    0x0800327c   0x0800327c   0x000000e0   Code   RO         3582    i.HAL_SPI_IRQHandler  stm32f1xx_hal_spi.o
    0x0800335c   0x0800335c   0x000000b2   Code   RO         3583    i.HAL_SPI_Init      stm32f1xx_hal_spi.o
    0x0800340e   0x0800340e   0x00000002   PAD
    0x08003410   0x08003410   0x00000064   Code   RO          378    i.HAL_SPI_MspInit   spi.o
    0x08003474   0x08003474   0x000000a8   Code   RO         3588    i.HAL_SPI_Receive_IT  stm32f1xx_hal_spi.o
    0x0800351c   0x0800351c   0x0000013c   Code   RO          982    i.HAL_SPI_RxCpltCallback  mxt_spi_stream.o
    0x08003658   0x08003658   0x0000009c   Code   RO         3594    i.HAL_SPI_TransmitReceive_IT  stm32f1xx_hal_spi.o
    0x080036f4   0x080036f4   0x00000002   Code   RO         3599    i.HAL_SPI_TxRxCpltCallback  stm32f1xx_hal_spi.o
    0x080036f6   0x080036f6   0x00000028   Code   RO         2646    i.HAL_SYSTICK_Config  stm32f1xx_hal_cortex.o
    0x0800371e   0x0800371e   0x00000002   Code   RO          423    i.HardFault_Handler  stm32f1xx_it.o
    0x08003720   0x08003720   0x0000002e   Code   RO         3189    i.I2C_IsAcknowledgeFailed  stm32f1xx_hal_i2c.o
    0x0800374e   0x0800374e   0x00000002   PAD
    0x08003750   0x08003750   0x000000ec   Code   RO         3192    i.I2C_MasterRequestRead  stm32f1xx_hal_i2c.o
    0x0800383c   0x0800383c   0x0000009c   Code   RO         3193    i.I2C_MasterRequestWrite  stm32f1xx_hal_i2c.o
    0x080038d8   0x080038d8   0x000000fc   Code   RO         3199    i.I2C_RequestMemoryRead  stm32f1xx_hal_i2c.o
    0x080039d4   0x080039d4   0x000000a8   Code   RO         3200    i.I2C_RequestMemoryWrite  stm32f1xx_hal_i2c.o
    0x08003a7c   0x08003a7c   0x00000056   Code   RO         3204    i.I2C_WaitOnBTFFlagUntilTimeout  stm32f1xx_hal_i2c.o
    0x08003ad2   0x08003ad2   0x00000002   PAD
    0x08003ad4   0x08003ad4   0x00000090   Code   RO         3205    i.I2C_WaitOnFlagUntilTimeout  stm32f1xx_hal_i2c.o
    0x08003b64   0x08003b64   0x000000bc   Code   RO         3206    i.I2C_WaitOnMasterAddressFlagUntilTimeout  stm32f1xx_hal_i2c.o
    0x08003c20   0x08003c20   0x00000070   Code   RO         3207    i.I2C_WaitOnRXNEFlagUntilTimeout  stm32f1xx_hal_i2c.o
    0x08003c90   0x08003c90   0x00000056   Code   RO         3208    i.I2C_WaitOnTXEFlagUntilTimeout  stm32f1xx_hal_i2c.o
    0x08003ce6   0x08003ce6   0x00000002   PAD
    0x08003ce8   0x08003ce8   0x00000038   Code   RO          586    i.IntToUnicode      usbd_desc.o
    0x08003d20   0x08003d20   0x000000a4   Code   RO         1354    i.MSG_BufferFlush   mxt_usb_io.o
    0x08003dc4   0x08003dc4   0x000000a4   Code   RO         1355    i.MSG_BufferWrite   mxt_usb_io.o
    0x08003e68   0x08003e68   0x000001e8   Code   RO          945    i.MXT_CheckAndProcessMessages  mxt_msg.o
    0x08004050   0x08004050   0x00000024   Code   RO          873    i.MXT_DelayUs       mxt_i2c.o
    0x08004074   0x08004074   0x000000bc   Code   RO         1200    i.MXT_DisableDebugCtrl2  mxt_touch.o
    0x08004130   0x08004130   0x000000b8   Code   RO         1201    i.MXT_EnableDebugCtrl2  mxt_touch.o
    0x080041e8   0x080041e8   0x0000000c   Code   RO         1202    i.MXT_EnableOutput  mxt_touch.o
    0x080041f4   0x080041f4   0x000001b8   Code   RO          752    i.MXT_ExportConfigAsBin  mxt_bridge.o
    0x080043ac   0x080043ac   0x00000228   Code   RO          753    i.MXT_ExportConfigAsTxt  mxt_bridge.o
    0x080045d4   0x080045d4   0x00000054   Code   RO          874    i.MXT_FindI2CAddress  mxt_i2c.o
    0x08004628   0x08004628   0x00000014   Code   RO         1356    i.MXT_FlushMessageBuffer  mxt_usb_io.o
    0x0800463c   0x0800463c   0x000000a8   Code   RO         1203    i.MXT_GetObjectAddr  mxt_touch.o
    0x080046e4   0x080046e4   0x0000001c   Code   RO          876    i.MXT_I2C_Probe     mxt_i2c.o
    0x08004700   0x08004700   0x00000020   Code   RO          877    i.MXT_I2C_Read      mxt_i2c.o
    0x08004720   0x08004720   0x00000020   Code   RO          878    i.MXT_I2C_ReadNoReg  mxt_i2c.o
    0x08004740   0x08004740   0x00000020   Code   RO          879    i.MXT_I2C_Write     mxt_i2c.o
    0x08004760   0x08004760   0x00000020   Code   RO          880    i.MXT_I2C_WriteNoReg  mxt_i2c.o
    0x08004780   0x08004780   0x00000028   Code   RO         1204    i.MXT_InitTouchScreen  mxt_touch.o
    0x080047a8   0x080047a8   0x0000000c   Code   RO         1205    i.MXT_IsOutputEnabled  mxt_touch.o
    0x080047b4   0x080047b4   0x000001a0   Code   RO         1207    i.MXT_OutputDiagnosticData  mxt_touch.o
    0x08004954   0x08004954   0x0000010c   Code   RO         1208    i.MXT_OutputMap16   mxt_touch.o
    0x08004a60   0x08004a60   0x000001cc   Code   RO         1209    i.MXT_OutputMap16Transformed  mxt_touch.o
    0x08004c2c   0x08004c2c   0x000000f8   Code   RO         1210    i.MXT_OutputMapAll  mxt_touch.o
    0x08004d24   0x08004d24   0x0000037c   Code   RO          946    i.MXT_ParseMessage  mxt_msg.o
    0x080050a0   0x080050a0   0x00000004   Code   RO          830    i.MXT_ProcessCommand  mxt_cmd.o
    0x080050a4   0x080050a4   0x000000c4   Code   RO          754    i.MXT_ProcessControlPending  mxt_bridge.o
    0x08005168   0x08005168   0x0000011c   Code   RO          983    i.MXT_ProcessSPICheck  mxt_spi_stream.o
    0x08005284   0x08005284   0x0000014c   Code   RO         1211    i.MXT_ReadCompleteDiagnosticFrame  mxt_touch.o
    0x080053d0   0x080053d0   0x00000088   Code   RO         1212    i.MXT_ReadInfoBlock  mxt_touch.o
    0x08005458   0x08005458   0x0000023c   Code   RO         1213    i.MXT_ReadObjectTable  mxt_touch.o
    0x08005694   0x08005694   0x00000110   Code   RO         1214    i.MXT_ReadT100UnknownFields  mxt_touch.o
    0x080057a4   0x080057a4   0x000001d8   Code   RO         1215    i.MXT_ReadT37Page   mxt_touch.o
    0x0800597c   0x0800597c   0x0000000c   Code   RO          984    i.MXT_SPI_OnSsnActive  mxt_spi_stream.o
    0x08005988   0x08005988   0x0000005c   Code   RO          985    i.MXT_SPI_QueueGapMarker  mxt_spi_stream.o
    0x080059e4   0x080059e4   0x0000001c   Code   RO          986    i.MXT_SPI_RxChunkLen  mxt_spi_stream.o
    0x08005a00   0x08005a00   0x0000006c   Code   RO          987    i.MXT_SPI_StartIT   mxt_spi_stream.o
    0x08005a6c   0x08005a6c   0x0000002c   Code   RO          988    i.MXT_SPI_StopIT    mxt_spi_stream.o
    0x08005a98   0x08005a98   0x00000038   Code   RO          200    i.MXT_SSN_EndActive  gpio.o
    0x08005ad0   0x08005ad0   0x00000038   Code   RO          201    i.MXT_SSN_EnterActive  gpio.o
    0x08005b08   0x08005b08   0x0000002c   Code   RO          202    i.MXT_SSN_GetDebug  gpio.o
    0x08005b34   0x08005b34   0x00000050   Code   RO          203    i.MXT_SSN_Init      gpio.o
    0x08005b84   0x08005b84   0x00000014   Code   RO          204    i.MXT_SSN_IsSelected  gpio.o
    0x08005b98   0x08005b98   0x0000000c   Code   RO          205    i.MXT_SSN_NotifySpiRx  gpio.o
    0x08005ba4   0x08005ba4   0x00000034   Code   RO          206    i.MXT_SSN_OnMisoEdge  gpio.o
    0x08005bd8   0x08005bd8   0x00000050   Code   RO          207    i.MXT_SSN_Poll      gpio.o
    0x08005c28   0x08005c28   0x00000034   Code   RO          208    i.MXT_SSN_ResetForStream  gpio.o
    0x08005c5c   0x08005c5c   0x000000a0   Code   RO          209    i.MXT_SSN_Sample    gpio.o
    0x08005cfc   0x08005cfc   0x0000000c   Code   RO          210    i.MXT_SSN_StopPullup  gpio.o
    0x08005d08   0x08005d08   0x0000000c   Code   RO          211    i.MXT_SSN_StopPullupPending  gpio.o
    0x08005d14   0x08005d14   0x0000007c   Code   RO          214    i.MXT_SSN_Tim1Init  gpio.o
    0x08005d90   0x08005d90   0x0000003c   Code   RO          215    i.MXT_SSN_TimStart  gpio.o
    0x08005dcc   0x08005dcc   0x00000014   Code   RO          216    i.MXT_SSN_TimStop   gpio.o
    0x08005de0   0x08005de0   0x0000001c   Code   RO          217    i.MXT_SSN_TimUpIsr  gpio.o
    0x08005dfc   0x08005dfc   0x00000030   Code   RO          218    i.MXT_SSN_TryEnterFromGap  gpio.o
    0x08005e2c   0x08005e2c   0x00000204   Code   RO         1216    i.MXT_SendMode3Packets  mxt_touch.o
    0x08006030   0x08006030   0x00000108   Code   RO         1217    i.MXT_SendSelfCapMode3Packets  mxt_touch.o
    0x08006138   0x08006138   0x0000000c   Code   RO          947    i.MXT_SetChgPending  mxt_msg.o
    0x08006144   0x08006144   0x000000d4   Code   RO         1218    i.MXT_TimerDiagnosticRead  mxt_touch.o
    0x08006218   0x08006218   0x00000048   Code   RO         1219    i.MXT_TouchQueuePop  mxt_touch.o
    0x08006260   0x08006260   0x00000044   Code   RO         1220    i.MXT_TouchQueuePush  mxt_touch.o
    0x080062a4   0x080062a4   0x00000054   Code   RO         1357    i.MXT_WaitUsbIdle   mxt_usb_io.o
    0x080062f8   0x080062f8   0x0000015c   Code   RO          219    i.MX_GPIO_Init      gpio.o
    0x08006454   0x08006454   0x00000040   Code   RO          337    i.MX_I2C2_Init      i2c.o
    0x08006494   0x08006494   0x00000048   Code   RO          379    i.MX_SPI1_Init      spi.o
    0x080064dc   0x080064dc   0x00000054   Code   RO          555    i.MX_USB_DEVICE_Init  usb_device.o
    0x08006530   0x08006530   0x0000003c   Code   RO         1221    i.Map16_CalcCRC16   mxt_touch.o
    0x0800656c   0x0800656c   0x00000002   Code   RO          424    i.MemManage_Handler  stm32f1xx_it.o
    0x0800656e   0x0800656e   0x00000002   Code   RO          425    i.NMI_Handler       stm32f1xx_it.o
    0x08006570   0x08006570   0x000003a6   Code   RO         1729    i.PCD_EP_ISR_Handler  stm32f1xx_hal_pcd.o
    0x08006916   0x08006916   0x00000002   Code   RO          426    i.PendSV_Handler    stm32f1xx_it.o
    0x08006918   0x08006918   0x00000804   Code   RO          755    i.ProcessBridgePacket  mxt_bridge.o
    0x0800711c   0x0800711c   0x000022bc   Code   RO          831    i.ProcessPendingCommand  mxt_cmd.o
    0x080093d8   0x080093d8   0x00000064   Code   RO          832    i.ProcessStringCommand  mxt_cmd.o
    0x0800943c   0x0800943c   0x0000000c   Code   RO          427    i.SPI1_IRQHandler   stm32f1xx_it.o
    0x08009448   0x08009448   0x00000002   Code   RO          989    i.SPIUSB_EndRawFrame  mxt_spi_stream.o
    0x0800944a   0x0800944a   0x00000002   PAD
    0x0800944c   0x0800944c   0x00000054   Code   RO          990    i.SPIUSB_HexEnqueueByte  mxt_spi_stream.o
    0x080094a0   0x080094a0   0x0000002c   Code   RO          991    i.SPIUSB_LineEnqueue  mxt_spi_stream.o
    0x080094cc   0x080094cc   0x00000014   Code   RO          992    i.SPIUSB_OnTxComplete  mxt_spi_stream.o
    0x080094e0   0x080094e0   0x000000a4   Code   RO          993    i.SPIUSB_ResetState  mxt_spi_stream.o
    0x08009584   0x08009584   0x0000006c   Code   RO          994    i.SPIUSB_Start1_HandlePageMarker  mxt_spi_stream.o
    0x080095f0   0x080095f0   0x000000e4   Code   RO          995    i.SPIUSB_Start1_ProcessPayloadByte  mxt_spi_stream.o
    0x080096d4   0x080096d4   0x000000b4   Code   RO          996    i.SPIUSB_Start3_EmitRowPacket  mxt_spi_stream.o
    0x08009788   0x08009788   0x0000009c   Code   RO          997    i.SPIUSB_TryFlush   mxt_spi_stream.o
    0x08009824   0x08009824   0x00000030   Code   RO         3601    i.SPI_2linesRxISR_16BIT  stm32f1xx_hal_spi.o
    0x08009854   0x08009854   0x00000030   Code   RO         3602    i.SPI_2linesRxISR_8BIT  stm32f1xx_hal_spi.o
    0x08009884   0x08009884   0x00000030   Code   RO         3603    i.SPI_2linesTxISR_16BIT  stm32f1xx_hal_spi.o
    0x080098b4   0x080098b4   0x00000030   Code   RO         3604    i.SPI_2linesTxISR_8BIT  stm32f1xx_hal_spi.o
    0x080098e4   0x080098e4   0x00000058   Code   RO         3605    i.SPI_AbortRx_ISR   stm32f1xx_hal_spi.o
    0x0800993c   0x0800993c   0x0000001c   Code   RO         3606    i.SPI_AbortTx_ISR   stm32f1xx_hal_spi.o
    0x08009958   0x08009958   0x00000090   Code   RO         3607    i.SPI_CloseRxTx_ISR  stm32f1xx_hal_spi.o
    0x080099e8   0x080099e8   0x0000004c   Code   RO         3608    i.SPI_CloseRx_ISR   stm32f1xx_hal_spi.o
    0x08009a34   0x08009a34   0x00000010   Code   RO         3610    i.SPI_DMAAbortOnError  stm32f1xx_hal_spi.o
    0x08009a44   0x08009a44   0x0000005c   Code   RO         3620    i.SPI_EndRxTransaction  stm32f1xx_hal_spi.o
    0x08009aa0   0x08009aa0   0x00000034   Code   RO         3621    i.SPI_EndRxTxTransaction  stm32f1xx_hal_spi.o
    0x08009ad4   0x08009ad4   0x00000020   Code   RO         3622    i.SPI_RxISR_16BIT   stm32f1xx_hal_spi.o
    0x08009af4   0x08009af4   0x00000020   Code   RO         3623    i.SPI_RxISR_8BIT    stm32f1xx_hal_spi.o
    0x08009b14   0x08009b14   0x000000b8   Code   RO         3626    i.SPI_WaitFlagStateUntilTimeout  stm32f1xx_hal_spi.o
    0x08009bcc   0x08009bcc   0x00000002   Code   RO          428    i.SVC_Handler       stm32f1xx_it.o
    0x08009bce   0x08009bce   0x00000002   PAD
    0x08009bd0   0x08009bd0   0x0000004c   Code   RO         1358    i.SendResponse      mxt_usb_io.o
    0x08009c1c   0x08009c1c   0x00000004   Code   RO          429    i.SysTick_Handler   stm32f1xx_it.o
    0x08009c20   0x08009c20   0x00000076   Code   RO           14    i.SystemClock_Config  main.o
    0x08009c96   0x08009c96   0x00000002   Code   RO         3895    i.SystemInit        system_stm32f1xx.o
    0x08009c98   0x08009c98   0x00000004   Code   RO          430    i.TIM1_UP_IRQHandler  stm32f1xx_it.o
    0x08009c9c   0x08009c9c   0x00000046   Code   RO         4195    i.USBD_CDC_DataIn   usbd_cdc.o
    0x08009ce2   0x08009ce2   0x0000002e   Code   RO         4196    i.USBD_CDC_DataOut  usbd_cdc.o
    0x08009d10   0x08009d10   0x00000044   Code   RO         4197    i.USBD_CDC_DeInit   usbd_cdc.o
    0x08009d54   0x08009d54   0x00000024   Code   RO         4198    i.USBD_CDC_EP0_RxReady  usbd_cdc.o
    0x08009d78   0x08009d78   0x0000000c   Code   RO         4199    i.USBD_CDC_GetDeviceQualifierDescriptor  usbd_cdc.o
    0x08009d84   0x08009d84   0x0000000c   Code   RO         4200    i.USBD_CDC_GetFSCfgDesc  usbd_cdc.o
    0x08009d90   0x08009d90   0x0000000c   Code   RO         4201    i.USBD_CDC_GetHSCfgDesc  usbd_cdc.o
    0x08009d9c   0x08009d9c   0x0000000c   Code   RO         4202    i.USBD_CDC_GetOtherSpeedCfgDesc  usbd_cdc.o
    0x08009da8   0x08009da8   0x00000094   Code   RO         4203    i.USBD_CDC_Init     usbd_cdc.o
    0x08009e3c   0x08009e3c   0x00000028   Code   RO         4204    i.USBD_CDC_ReceivePacket  usbd_cdc.o
    0x08009e64   0x08009e64   0x00000010   Code   RO         4205    i.USBD_CDC_RegisterInterface  usbd_cdc.o
    0x08009e74   0x08009e74   0x0000000c   Code   RO         4206    i.USBD_CDC_SetRxBuffer  usbd_cdc.o
    0x08009e80   0x08009e80   0x00000010   Code   RO         4207    i.USBD_CDC_SetTxBuffer  usbd_cdc.o
    0x08009e90   0x08009e90   0x000000ac   Code   RO         4208    i.USBD_CDC_Setup    usbd_cdc.o
    0x08009f3c   0x08009f3c   0x00000036   Code   RO         4209    i.USBD_CDC_TransmitPacket  usbd_cdc.o
    0x08009f72   0x08009f72   0x0000000e   Code   RO         3932    i.USBD_ClrClassConfig  usbd_core.o
    0x08009f80   0x08009f80   0x00000010   Code   RO         4135    i.USBD_CtlContinueRx  usbd_ioreq.o
    0x08009f90   0x08009f90   0x00000010   Code   RO         4136    i.USBD_CtlContinueSendData  usbd_ioreq.o
    0x08009fa0   0x08009fa0   0x00000016   Code   RO         4070    i.USBD_CtlError     usbd_ctlreq.o
    0x08009fb6   0x08009fb6   0x0000001e   Code   RO         4137    i.USBD_CtlPrepareRx  usbd_ioreq.o
    0x08009fd4   0x08009fd4   0x00000016   Code   RO         4138    i.USBD_CtlReceiveStatus  usbd_ioreq.o
    0x08009fea   0x08009fea   0x0000001a   Code   RO         4139    i.USBD_CtlSendData  usbd_ioreq.o
    0x0800a004   0x0800a004   0x00000016   Code   RO         4140    i.USBD_CtlSendStatus  usbd_ioreq.o
    0x0800a01a   0x0800a01a   0x00000002   PAD
    0x0800a01c   0x0800a01c   0x00000020   Code   RO          587    i.USBD_FS_ConfigStrDescriptor  usbd_desc.o
    0x0800a03c   0x0800a03c   0x0000000c   Code   RO          588    i.USBD_FS_DeviceDescriptor  usbd_desc.o
    0x0800a048   0x0800a048   0x00000024   Code   RO          589    i.USBD_FS_InterfaceStrDescriptor  usbd_desc.o
    0x0800a06c   0x0800a06c   0x0000000c   Code   RO          590    i.USBD_FS_LangIDStrDescriptor  usbd_desc.o
    0x0800a078   0x0800a078   0x00000028   Code   RO          591    i.USBD_FS_ManufacturerStrDescriptor  usbd_desc.o
    0x0800a0a0   0x0800a0a0   0x0000002c   Code   RO          592    i.USBD_FS_ProductStrDescriptor  usbd_desc.o
    0x0800a0cc   0x0800a0cc   0x00000038   Code   RO          593    i.USBD_FS_SerialStrDescriptor  usbd_desc.o
    0x0800a104   0x0800a104   0x000000e8   Code   RO         4071    i.USBD_GetDescriptor  usbd_ctlreq.o
    0x0800a1ec   0x0800a1ec   0x00000048   Code   RO         4072    i.USBD_GetString    usbd_ctlreq.o
    0x0800a234   0x0800a234   0x00000018   Code   RO         1459    i.USBD_Get_USB_Status  usbd_conf.o
    0x0800a24c   0x0800a24c   0x0000002a   Code   RO         3934    i.USBD_Init         usbd_core.o
    0x0800a276   0x0800a276   0x00000012   Code   RO         1460    i.USBD_LL_ClearStallEP  usbd_conf.o
    0x0800a288   0x0800a288   0x00000012   Code   RO         1461    i.USBD_LL_CloseEP   usbd_conf.o
    0x0800a29a   0x0800a29a   0x000000c6   Code   RO         3935    i.USBD_LL_DataInStage  usbd_core.o
    0x0800a360   0x0800a360   0x00000082   Code   RO         3936    i.USBD_LL_DataOutStage  usbd_core.o
    0x0800a3e2   0x0800a3e2   0x00000008   Code   RO         1465    i.USBD_LL_GetRxDataSize  usbd_conf.o
    0x0800a3ea   0x0800a3ea   0x00000002   PAD
    0x0800a3ec   0x0800a3ec   0x00000080   Code   RO         1466    i.USBD_LL_Init      usbd_conf.o
    0x0800a46c   0x0800a46c   0x0000001e   Code   RO         1467    i.USBD_LL_IsStallEP  usbd_conf.o
    0x0800a48a   0x0800a48a   0x00000018   Code   RO         1468    i.USBD_LL_OpenEP    usbd_conf.o
    0x0800a4a2   0x0800a4a2   0x00000012   Code   RO         1469    i.USBD_LL_PrepareReceive  usbd_conf.o
    0x0800a4b4   0x0800a4b4   0x00000050   Code   RO         3941    i.USBD_LL_Reset     usbd_core.o
    0x0800a504   0x0800a504   0x00000014   Code   RO         3942    i.USBD_LL_Resume    usbd_core.o
    0x0800a518   0x0800a518   0x00000018   Code   RO         3943    i.USBD_LL_SOF       usbd_core.o
    0x0800a530   0x0800a530   0x00000006   Code   RO         3944    i.USBD_LL_SetSpeed  usbd_core.o
    0x0800a536   0x0800a536   0x00000012   Code   RO         1470    i.USBD_LL_SetUSBAddress  usbd_conf.o
    0x0800a548   0x0800a548   0x0000005a   Code   RO         3945    i.USBD_LL_SetupStage  usbd_core.o
    0x0800a5a2   0x0800a5a2   0x00000012   Code   RO         1471    i.USBD_LL_StallEP   usbd_conf.o
    0x0800a5b4   0x0800a5b4   0x00000012   Code   RO         1472    i.USBD_LL_Start     usbd_conf.o
    0x0800a5c6   0x0800a5c6   0x00000012   Code   RO         3946    i.USBD_LL_Suspend   usbd_core.o
    0x0800a5d8   0x0800a5d8   0x00000012   Code   RO         1474    i.USBD_LL_Transmit  usbd_conf.o
    0x0800a5ea   0x0800a5ea   0x00000028   Code   RO         4073    i.USBD_ParseSetupRequest  usbd_ctlreq.o
    0x0800a612   0x0800a612   0x00000010   Code   RO         3947    i.USBD_RegisterClass  usbd_core.o
    0x0800a622   0x0800a622   0x00000016   Code   RO         3949    i.USBD_SetClassConfig  usbd_core.o
    0x0800a638   0x0800a638   0x00000084   Code   RO         4074    i.USBD_SetConfig    usbd_ctlreq.o
    0x0800a6bc   0x0800a6bc   0x0000000a   Code   RO         3950    i.USBD_Start        usbd_core.o
    0x0800a6c6   0x0800a6c6   0x00000112   Code   RO         4075    i.USBD_StdDevReq    usbd_ctlreq.o
    0x0800a7d8   0x0800a7d8   0x00000150   Code   RO         4076    i.USBD_StdEPReq     usbd_ctlreq.o
    0x0800a928   0x0800a928   0x0000004e   Code   RO         4077    i.USBD_StdItfReq    usbd_ctlreq.o
    0x0800a976   0x0800a976   0x00000002   Code   RO         1475    i.USBD_static_free  usbd_conf.o
    0x0800a978   0x0800a978   0x00000008   Code   RO         1476    i.USBD_static_malloc  usbd_conf.o
    0x0800a980   0x0800a980   0x0000029c   Code   RO         1972    i.USB_ActivateEndpoint  stm32f1xx_ll_usb.o
    0x0800ac1c   0x0800ac1c   0x00000004   Code   RO         1975    i.USB_CoreInit      stm32f1xx_ll_usb.o
    0x0800ac20   0x0800ac20   0x0000010e   Code   RO         1977    i.USB_DeactivateEndpoint  stm32f1xx_ll_usb.o
    0x0800ad2e   0x0800ad2e   0x00000004   Code   RO         1978    i.USB_DevConnect    stm32f1xx_ll_usb.o
    0x0800ad32   0x0800ad32   0x00000004   Code   RO         1979    i.USB_DevDisconnect  stm32f1xx_ll_usb.o
    0x0800ad36   0x0800ad36   0x00000012   Code   RO         1980    i.USB_DevInit       stm32f1xx_ll_usb.o
    0x0800ad48   0x0800ad48   0x0000000e   Code   RO         1981    i.USB_DisableGlobalInt  stm32f1xx_ll_usb.o
    0x0800ad56   0x0800ad56   0x00000004   Code   RO         1982    i.USB_EP0_OutStart  stm32f1xx_ll_usb.o
    0x0800ad5a   0x0800ad5a   0x00000078   Code   RO         1983    i.USB_EPClearStall  stm32f1xx_ll_usb.o
    0x0800add2   0x0800add2   0x00000032   Code   RO         1984    i.USB_EPSetStall    stm32f1xx_ll_usb.o
    0x0800ae04   0x0800ae04   0x000004e2   Code   RO         1985    i.USB_EPStartXfer   stm32f1xx_ll_usb.o
    0x0800b2e6   0x0800b2e6   0x00000012   Code   RO         1987    i.USB_EnableGlobalInt  stm32f1xx_ll_usb.o
    0x0800b2f8   0x0800b2f8   0x0000000c   Code   RO          431    i.USB_HP_CAN1_TX_IRQHandler  stm32f1xx_it.o
    0x0800b304   0x0800b304   0x0000000c   Code   RO          432    i.USB_LP_CAN1_RX0_IRQHandler  stm32f1xx_it.o
    0x0800b310   0x0800b310   0x00000006   Code   RO         1994    i.USB_ReadInterrupts  stm32f1xx_ll_usb.o
    0x0800b316   0x0800b316   0x00000002   PAD
    0x0800b318   0x0800b318   0x0000002c   Code   RO         1995    i.USB_ReadPMA       stm32f1xx_ll_usb.o
    0x0800b344   0x0800b344   0x00000028   Code   RO         1364    i.USB_SendString    mxt_usb_io.o
    0x0800b36c   0x0800b36c   0x00000004   Code   RO         1996    i.USB_SetCurrentMode  stm32f1xx_ll_usb.o
    0x0800b370   0x0800b370   0x0000000c   Code   RO         1997    i.USB_SetDevAddress  stm32f1xx_ll_usb.o
    0x0800b37c   0x0800b37c   0x00000026   Code   RO         1999    i.USB_WritePMA      stm32f1xx_ll_usb.o
    0x0800b3a2   0x0800b3a2   0x00000002   Code   RO          433    i.UsageFault_Handler  stm32f1xx_it.o
    0x0800b3a4   0x0800b3a4   0x00000020   Code   RO         2648    i.__NVIC_SetPriority  stm32f1xx_hal_cortex.o
    0x0800b3c4   0x0800b3c4   0x0000000e   Code   RO         4347    i._is_digit         c_w.l(__printf_wp.o)
    0x0800b3d2   0x0800b3d2   0x00000002   PAD
    0x0800b3d4   0x0800b3d4   0x000000bc   Code   RO           15    i.main              main.o
    0x0800b490   0x0800b490   0x0000002c   Code   RO         4537    locale$$code        c_w.l(lc_ctype_c.o)
    0x0800b4bc   0x0800b4bc   0x00000004   Data   RO          756    .constdata          mxt_bridge.o
    0x0800b4c0   0x0800b4c0   0x00000011   Data   RO          999    .constdata          mxt_spi_stream.o
    0x0800b4d1   0x0800b4d1   0x00000012   Data   RO         2346    .constdata          stm32f1xx_hal_rcc.o
    0x0800b4e3   0x0800b4e3   0x00000010   Data   RO         3896    .constdata          system_stm32f1xx.o
    0x0800b4f3   0x0800b4f3   0x00000008   Data   RO         3897    .constdata          system_stm32f1xx.o
    0x0800b4fb   0x0800b4fb   0x00000028   Data   RO         4335    .constdata          c_w.l(_printf_hex_int_ll_ptr.o)
    0x0800b523   0x0800b523   0x00000011   Data   RO         4355    .constdata          c_w.l(__printf_flags_ss_wp.o)
    0x0800b534   0x0800b534   0x000001c9   Data   RO          833    .conststring        mxt_cmd.o
    0x0800b6fd   0x0800b6fd   0x00000003   PAD
    0x0800b700   0x0800b700   0x0000008a   Data   RO         1222    .conststring        mxt_touch.o
    0x0800b78a   0x0800b78a   0x00000002   PAD
    0x0800b78c   0x0800b78c   0x0000004f   Data   RO         1365    .conststring        mxt_usb_io.o
    0x0800b7db   0x0800b7db   0x00000001   PAD
    0x0800b7dc   0x0800b7dc   0x00000020   Data   RO         4681    Region$$Table       anon$$obj.o
    0x0800b7fc   0x0800b7fc   0x00000110   Data   RO         4536    locale$$data        c_w.l(lc_ctype_c.o)


    Execution Region RW_IRAM1 (Exec base: 0x20000000, Load base: 0x0800b90c, Size: 0x00004fc0, Max: 0x00008600, ABSOLUTE, COMPRESSED[0x000000d8])

    Exec Addr    Load Addr    Size         Type   Attr      Idx    E Section Name        Object

    0x20000000   COMPRESSED   0x00000018   Data   RW          220    .data               gpio.o
    0x20000018   COMPRESSED   0x0000001c   Data   RW          595    .data               usbd_desc.o
    0x20000034   COMPRESSED   0x00000032   Data   RW          596    .data               usbd_desc.o
    0x20000066   COMPRESSED   0x00000002   Data   RW          678    .data               usbd_cdc_if.o
    0x20000068   COMPRESSED   0x00000010   Data   RW          679    .data               usbd_cdc_if.o
    0x20000078   COMPRESSED   0x00000001   Data   RW          757    .data               mxt_bridge.o
    0x20000079   COMPRESSED   0x00000003   Data   RW         1000    .data               mxt_spi_stream.o
    0x2000007c   COMPRESSED   0x00000001   Data   RW         1110    .data               mxt_state.o
    0x2000007d   COMPRESSED   0x00000001   Data   RW         1111    .data               mxt_state.o
    0x2000007e   COMPRESSED   0x00000001   Data   RW         1112    .data               mxt_state.o
    0x2000007f   COMPRESSED   0x00000001   Data   RW         1113    .data               mxt_state.o
    0x20000080   COMPRESSED   0x00000001   Data   RW         1114    .data               mxt_state.o
    0x20000081   COMPRESSED   0x00000001   Data   RW         1115    .data               mxt_state.o
    0x20000082   COMPRESSED   0x00000002   Data   RW         1116    .data               mxt_state.o
    0x20000084   COMPRESSED   0x00000002   Data   RW         1117    .data               mxt_state.o
    0x20000086   COMPRESSED   0x00000002   Data   RW         1118    .data               mxt_state.o
    0x20000088   COMPRESSED   0x00000001   Data   RW         1119    .data               mxt_state.o
    0x20000089   COMPRESSED   0x00000001   PAD
    0x2000008a   COMPRESSED   0x00000002   Data   RW         1120    .data               mxt_state.o
    0x2000008c   COMPRESSED   0x00000001   Data   RW         1121    .data               mxt_state.o
    0x2000008d   COMPRESSED   0x00000001   PAD
    0x2000008e   COMPRESSED   0x00000002   Data   RW         1122    .data               mxt_state.o
    0x20000090   COMPRESSED   0x00000001   Data   RW         1123    .data               mxt_state.o
    0x20000091   COMPRESSED   0x00000003   PAD
    0x20000094   COMPRESSED   0x00000004   Data   RW         1124    .data               mxt_state.o
    0x20000098   COMPRESSED   0x00000001   Data   RW         1125    .data               mxt_state.o
    0x20000099   COMPRESSED   0x00000001   Data   RW         1126    .data               mxt_state.o
    0x2000009a   COMPRESSED   0x00000001   Data   RW         1127    .data               mxt_state.o
    0x2000009b   COMPRESSED   0x00000001   Data   RW         1128    .data               mxt_state.o
    0x2000009c   COMPRESSED   0x00000001   Data   RW         1129    .data               mxt_state.o
    0x2000009d   COMPRESSED   0x00000001   Data   RW         1130    .data               mxt_state.o
    0x2000009e   COMPRESSED   0x00000002   Data   RW         1131    .data               mxt_state.o
    0x200000a0   COMPRESSED   0x00000001   Data   RW         1132    .data               mxt_state.o
    0x200000a1   COMPRESSED   0x00000001   PAD
    0x200000a2   COMPRESSED   0x00000002   Data   RW         1133    .data               mxt_state.o
    0x200000a4   COMPRESSED   0x00000002   Data   RW         1134    .data               mxt_state.o
    0x200000a6   COMPRESSED   0x00000002   Data   RW         1135    .data               mxt_state.o
    0x200000a8   COMPRESSED   0x00000004   Data   RW         1136    .data               mxt_state.o
    0x200000ac   COMPRESSED   0x00000002   Data   RW         1137    .data               mxt_state.o
    0x200000ae   COMPRESSED   0x00000001   Data   RW         1138    .data               mxt_state.o
    0x200000af   COMPRESSED   0x00000001   PAD
    0x200000b0   COMPRESSED   0x00000004   Data   RW         1139    .data               mxt_state.o
    0x200000b4   COMPRESSED   0x00000002   Data   RW         1140    .data               mxt_state.o
    0x200000b6   COMPRESSED   0x00000001   Data   RW         1141    .data               mxt_state.o
    0x200000b7   COMPRESSED   0x00000001   PAD
    0x200000b8   COMPRESSED   0x00000002   Data   RW         1142    .data               mxt_state.o
    0x200000ba   COMPRESSED   0x00000001   Data   RW         1143    .data               mxt_state.o
    0x200000bb   COMPRESSED   0x00000001   Data   RW         1144    .data               mxt_state.o
    0x200000bc   COMPRESSED   0x00000001   Data   RW         1145    .data               mxt_state.o
    0x200000bd   COMPRESSED   0x00000001   Data   RW         1146    .data               mxt_state.o
    0x200000be   COMPRESSED   0x00000001   Data   RW         1147    .data               mxt_state.o
    0x200000bf   COMPRESSED   0x00000001   PAD
    0x200000c0   COMPRESSED   0x00000002   Data   RW         1148    .data               mxt_state.o
    0x200000c2   COMPRESSED   0x00000002   Data   RW         1149    .data               mxt_state.o
    0x200000c4   COMPRESSED   0x00000002   Data   RW         1150    .data               mxt_state.o
    0x200000c6   COMPRESSED   0x00000002   Data   RW         1151    .data               mxt_state.o
    0x200000c8   COMPRESSED   0x00000002   Data   RW         1152    .data               mxt_state.o
    0x200000ca   COMPRESSED   0x00000001   Data   RW         1153    .data               mxt_state.o
    0x200000cb   COMPRESSED   0x00000001   Data   RW         1154    .data               mxt_state.o
    0x200000cc   COMPRESSED   0x00000001   Data   RW         1155    .data               mxt_state.o
    0x200000cd   COMPRESSED   0x00000001   Data   RW         1156    .data               mxt_state.o
    0x200000ce   COMPRESSED   0x00000001   Data   RW         1157    .data               mxt_state.o
    0x200000cf   COMPRESSED   0x00000001   Data   RW         1158    .data               mxt_state.o
    0x200000d0   COMPRESSED   0x00000001   Data   RW         1159    .data               mxt_state.o
    0x200000d1   COMPRESSED   0x00000003   PAD
    0x200000d4   COMPRESSED   0x00000004   Data   RW         1160    .data               mxt_state.o
    0x200000d8   COMPRESSED   0x00000001   Data   RW         1161    .data               mxt_state.o
    0x200000d9   COMPRESSED   0x00000001   Data   RW         1162    .data               mxt_state.o
    0x200000da   COMPRESSED   0x00000001   Data   RW         1163    .data               mxt_state.o
    0x200000db   COMPRESSED   0x00000001   PAD
    0x200000dc   COMPRESSED   0x00000004   Data   RW         1164    .data               mxt_state.o
    0x200000e0   COMPRESSED   0x00000001   Data   RW         1165    .data               mxt_state.o
    0x200000e1   COMPRESSED   0x00000001   Data   RW         1166    .data               mxt_state.o
    0x200000e2   COMPRESSED   0x00000001   Data   RW         1167    .data               mxt_state.o
    0x200000e3   COMPRESSED   0x00000001   PAD
    0x200000e4   COMPRESSED   0x00000002   Data   RW         1168    .data               mxt_state.o
    0x200000e6   COMPRESSED   0x00000002   Data   RW         1169    .data               mxt_state.o
    0x200000e8   COMPRESSED   0x00000001   Data   RW         1170    .data               mxt_state.o
    0x200000e9   COMPRESSED   0x00000003   PAD
    0x200000ec   COMPRESSED   0x00000004   Data   RW         1171    .data               mxt_state.o
    0x200000f0   COMPRESSED   0x00000001   Data   RW         1172    .data               mxt_state.o
    0x200000f1   COMPRESSED   0x00000001   Data   RW         1173    .data               mxt_state.o
    0x200000f2   COMPRESSED   0x00000001   Data   RW         1174    .data               mxt_state.o
    0x200000f3   COMPRESSED   0x00000001   Data   RW         1175    .data               mxt_state.o
    0x200000f4   COMPRESSED   0x00000001   Data   RW         1176    .data               mxt_state.o
    0x200000f5   COMPRESSED   0x00000001   Data   RW         1177    .data               mxt_state.o
    0x200000f6   COMPRESSED   0x00000001   Data   RW         1178    .data               mxt_state.o
    0x200000f7   COMPRESSED   0x00000001   Data   RW         1179    .data               mxt_state.o
    0x200000f8   COMPRESSED   0x00000001   Data   RW         1180    .data               mxt_state.o
    0x200000f9   COMPRESSED   0x00000001   Data   RW         1181    .data               mxt_state.o
    0x200000fa   COMPRESSED   0x00000002   PAD
    0x200000fc   COMPRESSED   0x00000004   Data   RW         1182    .data               mxt_state.o
    0x20000100   COMPRESSED   0x00000001   Data   RW         1183    .data               mxt_state.o
    0x20000101   COMPRESSED   0x00000001   PAD
    0x20000102   COMPRESSED   0x00000008   Data   RW         1184    .data               mxt_state.o
    0x2000010a   COMPRESSED   0x00000002   PAD
    0x2000010c   COMPRESSED   0x0000000c   Data   RW         2183    .data               stm32f1xx_hal.o
    0x20000118   COMPRESSED   0x00000004   Data   RW         3898    .data               system_stm32f1xx.o
    0x2000011c   COMPRESSED   0x00000001   Data   RW         4078    .data               usbd_ctlreq.o
    0x2000011d   COMPRESSED   0x00000003   PAD
    0x20000120   COMPRESSED   0x000000d7   Data   RW         4210    .data               usbd_cdc.o
    0x200001f7   COMPRESSED   0x00000001   PAD
    0x200001f8   COMPRESSED   0x00000038   Data   RW         4211    .data               usbd_cdc.o
    0x20000230   COMPRESSED   0x00000004   Data   RW         4365    .data               c_w.l(strtok.o)
    0x20000234        -       0x00000054   Zero   RW          338    .bss                i2c.o
    0x20000288        -       0x00000058   Zero   RW          380    .bss                spi.o
    0x200002e0        -       0x000002c4   Zero   RW          556    .bss                usb_device.o
    0x200005a4        -       0x00000200   Zero   RW          594    .bss                usbd_desc.o
    0x200007a4        -       0x00000500   Zero   RW          677    .bss                usbd_cdc_if.o
    0x20000ca4        -       0x00000080   Zero   RW          998    .bss                mxt_spi_stream.o
    0x20000d24        -       0x00000082   Zero   RW         1096    .bss                mxt_state.o
    0x20000da6        -       0x00000180   Zero   RW         1097    .bss                mxt_state.o
    0x20000f26        -       0x00000180   Zero   RW         1098    .bss                mxt_state.o
    0x200010a6        -       0x00000020   Zero   RW         1099    .bss                mxt_state.o
    0x200010c6        -       0x00000800   Zero   RW         1100    .bss                mxt_state.o
    0x200018c6        -       0x00000800   Zero   RW         1101    .bss                mxt_state.o
    0x200020c6        -       0x00001000   Zero   RW         1102    .bss                mxt_state.o
    0x200030c6        -       0x00000020   Zero   RW         1103    .bss                mxt_state.o
    0x200030e6        -       0x00000500   Zero   RW         1104    .bss                mxt_state.o
    0x200035e6        -       0x00000100   Zero   RW         1105    .bss                mxt_state.o
    0x200036e6        -       0x00000800   Zero   RW         1106    .bss                mxt_state.o
    0x20003ee6        -       0x00000040   Zero   RW         1107    .bss                mxt_state.o
    0x20003f26        -       0x00000040   Zero   RW         1108    .bss                mxt_state.o
    0x20003f66        -       0x00000300   Zero   RW         1109    .bss                mxt_state.o
    0x20004266   COMPRESSED   0x00000002   PAD
    0x20004268        -       0x000004f8   Zero   RW         1477    .bss                usbd_conf.o
    0x20004760        -       0x00000060   Zero   RW         4462    .bss                c_w.l(libspace.o)
    0x200047c0        -       0x00000400   Zero   RW            2    HEAP                startup_stm32f103xb.o
    0x20004bc0        -       0x00000400   Zero   RW            1    STACK               startup_stm32f103xb.o


==============================================================================

Image component sizes


      Code (inc. data)   RO Data    RW Data    ZI Data      Debug   Object Name

      1264        162          0         24          0      10326   gpio.o
       160         28          0          0         84       1593   i2c.o
       310         20          0          0          0     421395   main.o
      3322        780          4          1          0      12818   mxt_bridge.o
      8996       4630        457          0          0       8620   mxt_cmd.o
       276         36          0          0          0       4579   mxt_i2c.o
      1392        436          0          0          0       4697   mxt_msg.o
      1934        424         17          3        128      12670   mxt_spi_stream.o
         0          0          0        122      13634       5237   mxt_state.o
      5038       1566        138          0          0      20725   mxt_touch.o
       548         76         79          0          0       4729   mxt_usb_io.o
       172         22          0          0         88       1573   spi.o
        64         26        236          0       2048        800   startup_stm32f103xb.o
       164         28          0         12          0       5825   stm32f1xx_hal.o
       198         14          0          0          0      28883   stm32f1xx_hal_cortex.o
       222          4          0          0          0       1743   stm32f1xx_hal_dma.o
       500         34          0          0          0       3479   stm32f1xx_hal_gpio.o
      4030        104          0          0          0      18921   stm32f1xx_hal_i2c.o
        60          8          0          0          0        854   stm32f1xx_hal_msp.o
      3044          0          0          0          0      14113   stm32f1xx_hal_pcd.o
        60          0          0          0          0       1158   stm32f1xx_hal_pcd_ex.o
      1240         84         18          0          0       5064   stm32f1xx_hal_rcc.o
       236         12          0          0          0       1364   stm32f1xx_hal_rcc_ex.o
      1952         58          0          0          0      14177   stm32f1xx_hal_spi.o
       144         34          0          0          0       6520   stm32f1xx_it.o
      2528          0          0          0          0      15943   stm32f1xx_ll_usb.o
         2          0         24          4          0       1091   system_stm32f1xx.o
        84         18          0          0        708        772   usb_device.o
       726         16          0        271          0      12882   usbd_cdc.o
      1164        874          0         18       1280       3745   usbd_cdc_if.o
       574         30          0          0       1272      14097   usbd_conf.o
       670          0          0          0          0       9339   usbd_core.o
      1186         28          0          1          0       7832   usbd_ctlreq.o
       288        104          0         78        512       5833   usbd_desc.o
       132          0          0          0          0       4260   usbd_ioreq.o

    ----------------------------------------------------------------------
     42706       9656       1011        560      19756     687657   Object Totals
         0          0         32          0          0          0   (incl. Generated)
        26          0          6         26          2          0   (incl. Padding)

    ----------------------------------------------------------------------

      Code (inc. data)   RO Data    RW Data    ZI Data      Debug   Library Member Name

        56          6          0          0          0         88   __2snprintf.o
        90          0          0          0          0          0   __dczerorl2.o
         8          0          0          0          0         68   __main.o
       392          4         17          0          0         92   __printf_flags_ss_wp.o
        14          0          0          0          0         68   __printf_wp.o
         0          0          0          0          0          0   __rtentry.o
        12          0          0          0          0          0   __rtentry2.o
         6          0          0          0          0          0   __rtentry4.o
        52          8          0          0          0          0   __scatter.o
        28          0          0          0          0          0   __scatter_zi.o
        28          0          0          0          0         68   _chval.o
        44          0          0          0          0        108   _printf_char.o
        48          6          0          0          0         96   _printf_char_common.o
         6          0          0          0          0          0   _printf_d.o
       120         16          0          0          0         92   _printf_dec.o
       148          4         40          0          0        160   _printf_hex_int_ll_ptr.o
       178          0          0          0          0         88   _printf_intcommon.o
        78          0          0          0          0        108   _printf_pad.o
         0          0          0          0          0          0   _printf_percent.o
         4          0          0          0          0          0   _printf_percent_end.o
         6          0          0          0          0          0   _printf_s.o
        82          0          0          0          0         80   _printf_str.o
         6          0          0          0          0          0   _printf_u.o
         6          0          0          0          0          0   _printf_x.o
        16          0          0          0          0         68   _snputc.o
        10          0          0          0          0         68   _sputc.o
       158          0          0          0          0         92   _strtoul.o
        26          0          0          0          0         80   atoi.o
        18          0          0          0          0         80   exit.o
         6          0          0          0          0        152   heapauxi.o
         0          0          0          0          0          0   indicate_semi.o
        44         10        272          0          0         76   lc_ctype_c.o
         2          0          0          0          0          0   libinit.o
        20          0          0          0          0          0   libinit2.o
         2          0          0          0          0          0   libshutdown.o
         2          0          0          0          0          0   libshutdown2.o
         8          4          0          0         96         68   libspace.o
        16          4          0          0          0         76   rt_ctype_table.o
         8          4          0          0          0         68   rt_errno_addr_intlibspace.o
         8          4          0          0          0         68   rt_locale_intlibspace.o
        68          0          0          0          0         68   rt_memclr.o
        78          0          0          0          0         80   rt_memclr_w.o
       138          0          0          0          0         68   rt_memcpy_v6.o
       100          0          0          0          0         80   rt_memcpy_w.o
       132          0          0          0          0         68   rt_memmove_v6.o
       122          0          0          0          0         80   rt_memmove_w.o
         2          0          0          0          0          0   rtexit.o
        10          0          0          0          0          0   rtexit2.o
        42          0          0          0          0         84   strcasecmp.o
        20          0          0          0          0         68   strchr.o
       128          0          0          0          0         68   strcmpv7m.o
        32          0          0          0          0         80   strcspn.o
        62          0          0          0          0         76   strlen.o
        50          0          0          0          0         84   strncasecmp.o
       150          0          0          0          0         80   strncmp.o
        86          0          0          0          0         76   strncpy.o
        28          0          0          0          0         80   strspn.o
        12          6          0          4          0         68   strtok.o
        68          4          0          0          0         84   strtok_int.o
       112          0          0          0          0         88   strtol.o
        12          4          0          0          0         68   sys_exit.o
        74          0          0          0          0         80   sys_stackheap_outer.o
        26          0          0          0          0         76   tolower.o
         2          0          0          0          0         68   use_no_semi.o

    ----------------------------------------------------------------------
      3326         84        329          4         96       3684   Library Totals
        16          0          0          0          0          0   (incl. Padding)

    ----------------------------------------------------------------------

      Code (inc. data)   RO Data    RW Data    ZI Data      Debug   Library Name

      3310         84        329          4         96       3684   c_w.l

    ----------------------------------------------------------------------
      3326         84        329          4         96       3684   Library Totals

    ----------------------------------------------------------------------

==============================================================================


      Code (inc. data)   RO Data    RW Data    ZI Data      Debug   

     46032       9740       1340        564      19852     675269   Grand Totals
     46032       9740       1340        216      19852     675269   ELF Image Totals (compressed)
     46032       9740       1340        216          0          0   ROM Totals

==============================================================================

    Total RO  Size (Code + RO Data)                47372 (  46.26kB)
    Total RW  Size (RW Data + ZI Data)             20416 (  19.94kB)
    Total ROM Size (Code + RO Data + RW Data)      47588 (  46.47kB)

==============================================================================

