<html>
<body>
<pre>
<h1>µVision Build Log</h1>
<h2>Tool Versions:</h2>
IDE-Version: ¦ÌVision V5.34.0.0
Copyright (C) 2021 ARM Ltd and ARM Germany GmbH. All rights reserved.
License Information: lll Administrator, lll, LIC=AK1BF-6NRZC-UM19A-1W86D-A5NI5-K2TTM
 
Tool Versions:
Toolchain:       MDK-ARM Professional  Version: 5.34.0.0
Toolchain Path:  E:\rrr\ARM\ARMCC\Bin
C Compiler:      Armcc.exe V5.06 update 7 (build 960)
Assembler:       Armasm.exe V5.06 update 7 (build 960)
Linker/Locator:  ArmLink.exe V5.06 update 7 (build 960)
Library Manager: ArmAr.exe V5.06 update 7 (build 960)
Hex Converter:   FromElf.exe V5.06 update 7 (build 960)
CPU DLL:         SARMCM3.DLL V5.34.0.0
Dialog DLL:      DCM.DLL V1.17.3.0
Target DLL:      STLink\ST-LINKIII-KEIL_SWO.dll V3.0.8.0
Dialog DLL:      TCM.DLL V1.48.0.0
 
<h2>Project:</h2>
C:\Users\Administrator\Desktop\1\test-V2.7\MDK-ARM\STMUSBATMXT640.uvprojx
Project File Date:  06/12/2026

<h2>Output:</h2>
*** Using Compiler 'V5.06 update 7 (build 960)', folder: 'E:\rrr\ARM\ARMCC\Bin'
Build target 'STMUSBATMXT640'
compiling stm32f1xx_it.c...
compiling tim.c...
compiling gpio.c...
../Core/Src/gpio.c(196): warning:  #177-D: function "MXT_SSN_TimeUs"  was declared but never referenced
  static uint32_t MXT_SSN_TimeUs(void)
../Core/Src/gpio.c: 1 warning, 0 errors
compiling mxt_msg.c...
compiling mxt_bridge.c...
compiling mxt_spi_stream.c...
compiling main.c...
compiling mxt_touch.c...
compiling mxt_cmd.c...
linking...
Program Size: Code=51304 RO-data=1376 RW-data=612 ZI-data=12172  
FromELF: creating hex file...
"STMUSBATMXT640\STMUSBATMXT640.axf" - 0 Error(s), 1 Warning(s).

<h2>Software Packages used:</h2>

Package Vendor: ARM
                http://www.keil.com/pack/ARM.CMSIS.5.7.0.pack
                ARM.CMSIS.5.7.0
                CMSIS (Cortex Microcontroller Software Interface Standard)
   * Component: CORE Version: 5.4.0

Package Vendor: Keil
                https://www.keil.com/pack/Keil.STM32F1xx_DFP.2.4.1.pack
                Keil.STM32F1xx_DFP.2.4.1
                STMicroelectronics STM32F1 Series Device Support, Drivers and Examples

<h2>Collection of Component include folders:</h2>
  .\RTE\_STMUSBATMXT640
  E:\rrr\ARM\CMSIS\5.7.0\CMSIS\Core\Include
  E:\rrr\Keil\STM32F1xx_DFP\2.4.1\Device\Include

<h2>Collection of Component Files used:</h2>

   * Component: ARM::CMSIS:CORE:5.4.0
      Include file:  CMSIS\Core\Include\tz_context.h
Build Time Elapsed:  00:00:02
</pre>
</body>
</html>
