Component: ARM Compiler 5.05 update 2 (build 169) Tool: armlink [4d0f33]

==============================================================================

Section Cross References

    startup_stm32f103xb.o(STACK) refers (Special) to heapauxi.o(.text) for __use_two_region_memory
    startup_stm32f103xb.o(HEAP) refers (Special) to heapauxi.o(.text) for __use_two_region_memory
    startup_stm32f103xb.o(RESET) refers (Special) to heapauxi.o(.text) for __use_two_region_memory
    startup_stm32f103xb.o(RESET) refers to startup_stm32f103xb.o(STACK) for __initial_sp
    startup_stm32f103xb.o(RESET) refers to startup_stm32f103xb.o(.text) for Reset_Handler
    startup_stm32f103xb.o(RESET) refers to stm32f1xx_it.o(i.NMI_Handler) for NMI_Handler
    startup_stm32f103xb.o(RESET) refers to stm32f1xx_it.o(i.HardFault_Handler) for HardFault_Handler
    startup_stm32f103xb.o(RESET) refers to stm32f1xx_it.o(i.MemManage_Handler) for MemManage_Handler
    startup_stm32f103xb.o(RESET) refers to stm32f1xx_it.o(i.BusFault_Handler) for BusFault_Handler
    startup_stm32f103xb.o(RESET) refers to stm32f1xx_it.o(i.UsageFault_Handler) for UsageFault_Handler
    startup_stm32f103xb.o(RESET) refers to stm32f1xx_it.o(i.SVC_Handler) for SVC_Handler
    startup_stm32f103xb.o(RESET) refers to stm32f1xx_it.o(i.DebugMon_Handler) for DebugMon_Handler
    startup_stm32f103xb.o(RESET) refers to stm32f1xx_it.o(i.PendSV_Handler) for PendSV_Handler
    startup_stm32f103xb.o(RESET) refers to stm32f1xx_it.o(i.SysTick_Handler) for SysTick_Handler
    startup_stm32f103xb.o(RESET) refers to stm32f1xx_it.o(i.EXTI3_IRQHandler) for EXTI3_IRQHandler
    startup_stm32f103xb.o(RESET) refers to stm32f1xx_it.o(i.USB_HP_CAN1_TX_IRQHandler) for USB_HP_CAN1_TX_IRQHandler
    startup_stm32f103xb.o(RESET) refers to stm32f1xx_it.o(i.USB_LP_CAN1_RX0_IRQHandler) for USB_LP_CAN1_RX0_IRQHandler
    startup_stm32f103xb.o(RESET) refers to stm32f1xx_it.o(i.SPI1_IRQHandler) for SPI1_IRQHandler
    startup_stm32f103xb.o(.text) refers (Special) to heapauxi.o(.text) for __use_two_region_memory
    startup_stm32f103xb.o(.text) refers to system_stm32f1xx.o(i.SystemInit) for SystemInit
    startup_stm32f103xb.o(.text) refers to __main.o(!!!main) for __main
    startup_stm32f103xb.o(.text) refers to startup_stm32f103xb.o(HEAP) for Heap_Mem
    startup_stm32f103xb.o(.text) refers to startup_stm32f103xb.o(STACK) for Stack_Mem
    main.o(i.SystemClock_Config) refers to rt_memclr_w.o(.text) for __aeabi_memclr4
    main.o(i.SystemClock_Config) refers to stm32f1xx_hal_rcc.o(i.HAL_RCC_OscConfig) for HAL_RCC_OscConfig
    main.o(i.SystemClock_Config) refers to stm32f1xx_hal_rcc.o(i.HAL_RCC_ClockConfig) for HAL_RCC_ClockConfig
    main.o(i.SystemClock_Config) refers to stm32f1xx_hal_rcc_ex.o(i.HAL_RCCEx_PeriphCLKConfig) for HAL_RCCEx_PeriphCLKConfig
    main.o(i.main) refers to stm32f1xx_hal.o(i.HAL_Init) for HAL_Init
    main.o(i.main) refers to main.o(i.SystemClock_Config) for SystemClock_Config
    main.o(i.main) refers to gpio.o(i.MX_GPIO_Init) for MX_GPIO_Init
    main.o(i.main) refers to i2c.o(i.MX_I2C2_Init) for MX_I2C2_Init
    main.o(i.main) refers to spi.o(i.MX_SPI1_Init) for MX_SPI1_Init
    main.o(i.main) refers to usb_device.o(i.MX_USB_DEVICE_Init) for MX_USB_DEVICE_Init
    main.o(i.main) refers to stm32f1xx_hal_gpio.o(i.HAL_GPIO_WritePin) for HAL_GPIO_WritePin
    main.o(i.main) refers to stm32f1xx_hal.o(i.HAL_Delay) for HAL_Delay
    main.o(i.main) refers to usbd_cdc_if.o(i.MXT_ProcessCommand) for MXT_ProcessCommand
    main.o(i.main) refers to usbd_cdc_if.o(i.MXT_ProcessControlPending) for MXT_ProcessControlPending
    main.o(i.main) refers to usbd_cdc_if.o(i.MXT_ProcessSPICheck) for MXT_ProcessSPICheck
    main.o(i.main) refers to usbd_cdc_if.o(i.MXT_FlushMessageBuffer) for MXT_FlushMessageBuffer
    main.o(i.main) refers to usbd_cdc_if.o(i.MXT_CheckAndProcessMessages) for MXT_CheckAndProcessMessages
    main.o(i.main) refers to usbd_cdc_if.o(i.MXT_TimerDiagnosticRead) for MXT_TimerDiagnosticRead
    gpio.o(i.MX_GPIO_Init) refers to stm32f1xx_hal_gpio.o(i.HAL_GPIO_WritePin) for HAL_GPIO_WritePin
    gpio.o(i.MX_GPIO_Init) refers to stm32f1xx_hal_gpio.o(i.HAL_GPIO_Init) for HAL_GPIO_Init
    gpio.o(i.MX_GPIO_Init) refers to stm32f1xx_hal_cortex.o(i.HAL_NVIC_SetPriority) for HAL_NVIC_SetPriority
    gpio.o(i.MX_GPIO_Init) refers to stm32f1xx_hal_cortex.o(i.HAL_NVIC_EnableIRQ) for HAL_NVIC_EnableIRQ
    i2c.o(i.HAL_I2C_MspDeInit) refers to stm32f1xx_hal_gpio.o(i.HAL_GPIO_DeInit) for HAL_GPIO_DeInit
    i2c.o(i.HAL_I2C_MspInit) refers to stm32f1xx_hal_gpio.o(i.HAL_GPIO_Init) for HAL_GPIO_Init
    i2c.o(i.MX_I2C2_Init) refers to stm32f1xx_hal_i2c.o(i.HAL_I2C_Init) for HAL_I2C_Init
    i2c.o(i.MX_I2C2_Init) refers to main.o(i.Error_Handler) for Error_Handler
    i2c.o(i.MX_I2C2_Init) refers to i2c.o(.bss) for .bss
    spi.o(i.HAL_SPI_MspDeInit) refers to stm32f1xx_hal_gpio.o(i.HAL_GPIO_DeInit) for HAL_GPIO_DeInit
[...]
    g_cfgwrite_total_objects                 0x20000086   Data           2  usbd_cdc_if.o(.data)
    g_cfgwrite_total_chunks                  0x20000088   Data           2  usbd_cdc_if.o(.data)
    g_cfgwrite_next_seq                      0x2000008a   Data           2  usbd_cdc_if.o(.data)
    g_cfgread_current_seq                    0x2000008c   Data           2  usbd_cdc_if.o(.data)
    g_cfg_rx_len                             0x2000008e   Data           2  usbd_cdc_if.o(.data)
    g_spi_frame_bytes                        0x20000090   Data           2  usbd_cdc_if.o(.data)
    g_spi_rx_q_head                          0x20000092   Data           2  usbd_cdc_if.o(.data)
    g_spi_rx_q_tail                          0x20000094   Data           2  usbd_cdc_if.o(.data)
    g_spi_rx_overflow                        0x20000096   Data           2  usbd_cdc_if.o(.data)
    g_spi_err_count                          0x20000098   Data           2  usbd_cdc_if.o(.data)
    g_spi_hex_tx_len                         0x2000009a   Data           2  usbd_cdc_if.o(.data)
    g_spi_start1_payload_bytes               0x2000009c   Data           2  usbd_cdc_if.o(.data)
    g_t6_addr                                0x2000009e   Data           2  usbd_cdc_if.o(.data)
    g_t44_addr                               0x200000a0   Data           2  usbd_cdc_if.o(.data)
    g_t5_addr                                0x200000a2   Data           2  usbd_cdc_if.o(.data)
    g_t37_addr                               0x200000a4   Data           2  usbd_cdc_if.o(.data)
    g_t100_addr                              0x200000a6   Data           2  usbd_cdc_if.o(.data)
    g_msg_buffer_head                        0x200000a8   Data           2  usbd_cdc_if.o(.data)
    g_msg_buffer_tail                        0x200000aa   Data           2  usbd_cdc_if.o(.data)
    g_backup_busy_until_ms                   0x200000ac   Data           4  usbd_cdc_if.o(.data)
    g_spi_last_irq_ms                        0x200000b0   Data           4  usbd_cdc_if.o(.data)
    g_spi_last_overflow_report_ms            0x200000b4   Data           4  usbd_cdc_if.o(.data)
    g_diag_buffer                            0x200000b8   Data           4  usbd_cdc_if.o(.data)
    g_last_msg_time                          0x200000bc   Data           4  usbd_cdc_if.o(.data)
    g_diag_interval_ms                       0x200000c0   Data           4  usbd_cdc_if.o(.data)
    g_last_diag_time                         0x200000c4   Data           4  usbd_cdc_if.o(.data)
    g_last_touch                             0x200000c8   Data           8  usbd_cdc_if.o(.data)
    .data                                    0x200000d0   Section       16  usbd_cdc_if.o(.data)
    .data                                    0x200000e0   Section       12  stm32f1xx_hal.o(.data)
    .data                                    0x200000ec   Section        4  system_stm32f1xx.o(.data)
    .data                                    0x200000f0   Section        1  usbd_ctlreq.o(.data)
    cfgidx                                   0x200000f0   Data           1  usbd_ctlreq.o(.data)
    .data                                    0x200000f4   Section      215  usbd_cdc.o(.data)
    USBD_CDC_DeviceQualifierDesc             0x200000f4   Data          10  usbd_cdc.o(.data)
    .data                                    0x200001cc   Section       56  usbd_cdc.o(.data)
    .data                                    0x20000204   Section        4  strtok.o(.data)
    _strtok_saves1                           0x20000204   Data           4  strtok.o(.data)
    .bss                                     0x20000208   Section       84  i2c.o(.bss)
    .bss                                     0x2000025c   Section       88  spi.o(.bss)
    .bss                                     0x200002b4   Section      708  usb_device.o(.bss)
    .bss                                     0x20000578   Section      512  usbd_desc.o(.bss)
    .bss                                     0x20000778   Section    13858  usbd_cdc_if.o(.bss)
    resp_buf                                 0x20000778   Data        1024  usbd_cdc_if.o(.bss)
    g_t37_data                               0x20001078   Data         130  usbd_cdc_if.o(.bss)
    g_cfgwrite_objects                       0x200010fa   Data         384  usbd_cdc_if.o(.bss)
    g_cfg_rx_buf                             0x2000127a   Data         384  usbd_cdc_if.o(.bss)
    g_spi_rx_queue                           0x200013fa   Data        2048  usbd_cdc_if.o(.bss)
    g_spi_nss_queue                          0x20001bfa   Data        2048  usbd_cdc_if.o(.bss)
    g_spi_hex_tx_buf                         0x200023fa   Data        4096  usbd_cdc_if.o(.bss)
    g_spi_start3_row_buf                     0x200033fa   Data          32  usbd_cdc_if.o(.bss)
    g_touch_queue                            0x2000341a   Data         256  usbd_cdc_if.o(.bss)
    g_msg_buffer                             0x2000351a   Data        2048  usbd_cdc_if.o(.bss)
    g_cmd_buffer                             0x20003d1a   Data          64  usbd_cdc_if.o(.bss)
    g_msg_tx_chunk                           0x20003d5a   Data          64  usbd_cdc_if.o(.bss)
    .bss                                     0x20003d9a   Section     1280  usbd_cdc_if.o(.bss)
    g_diag_buffer_mem                        0x20003d9a   Data        1280  usbd_cdc_if.o(.bss)
    .bss                                     0x2000429c   Section     1272  usbd_conf.o(.bss)
    mem                                      0x2000429c   Data         544  usbd_conf.o(.bss)
    .bss                                     0x20004794   Section       96  libspace.o(.bss)
    HEAP                                     0x200047f8   Section     1024  startup_stm32f103xb.o(HEAP)
    Heap_Mem                                 0x200047f8   Data        1024  startup_stm32f103xb.o(HEAP)
    STACK                                    0x20004bf8   Section     1024  startup_stm32f103xb.o(STACK)
    Stack_Mem                                0x20004bf8   Data        1024  startup_stm32f103xb.o(STACK)
    __initial_sp                             0x20004ff8   Data           0  startup_stm32f103xb.o(STACK)

    Global Symbols

    Symbol Name                              Value     Ov Type        Size  Object(Section)

    BuildAttributes$$THM_ISAv4$P$D$K$B$S$PE$A:L22UL41UL21$X:L11$S22US41US21$IEEE1$IW$USESV6$~STKCKD$USESV7$~SHL$OTIME$ROPI$IEEEJ$EBA8$UX$STANDARDLIB$REQ8$PRES8$EABIv2 0x00000000   Number         0  anon$$obj.o ABSOLUTE
    __ARM_use_no_argv                        0x00000000   Number         0  main.o ABSOLUTE
    _printf_flags                            0x00000000   Number         0  printf_stubs.o ABSOLUTE
    _printf_return_value                     0x00000000   Number         0  printf_stubs.o ABSOLUTE
    _printf_sizespec                         0x00000000   Number         0  printf_stubs.o ABSOLUTE
    _printf_widthprec                        0x00000000   Number         0  printf_stubs.o ABSOLUTE
    __ARM_exceptions_init                     - Undefined Weak Reference
    __alloca_initialize                       - Undefined Weak Reference
    __arm_preinit_                            - Undefined Weak Reference
    __cpp_initialize__aeabi_                  - Undefined Weak Reference
    __cxa_finalize                            - Undefined Weak Reference
    __sigvec_lookup                           - Undefined Weak Reference
    _atexit_init                              - Undefined Weak Reference
    _call_atexit_fns                          - Undefined Weak Reference
    _clock_init                               - Undefined Weak Reference
    _fp_trap_init                             - Undefined Weak Reference
    _fp_trap_shutdown                         - Undefined Weak Reference
    _get_lc_collate                           - Undefined Weak Reference
    _get_lc_monetary                          - Undefined Weak Reference
    _get_lc_time                              - Undefined Weak Reference
    _getenv_init                              - Undefined Weak Reference
    _handle_redirection                       - Undefined Weak Reference
    _init_alloc                               - Undefined Weak Reference
    _init_user_alloc                          - Undefined Weak Reference
    _initio                                   - Undefined Weak Reference
    _printf_mbtowc                            - Undefined Weak Reference
    _printf_wc                                - Undefined Weak Reference
    _rand_init                                - Undefined Weak Reference
    _signal_finish                            - Undefined Weak Reference
    _signal_init                              - Undefined Weak Reference
    _terminate_alloc                          - Undefined Weak Reference
    _terminate_user_alloc                     - Undefined Weak Reference
    _terminateio                              - Undefined Weak Reference
    __Vectors_Size                           0x000000ec   Number         0  startup_stm32f103xb.o ABSOLUTE
    __Vectors                                0x08000000   Data           4  startup_stm32f103xb.o(RESET)
    __Vectors_End                            0x080000ec   Data           0  startup_stm32f103xb.o(RESET)
    __main                                   0x080000ed   Thumb Code     8  __main.o(!!!main)
    __scatterload                            0x080000f5   Thumb Code     0  __scatter.o(!!!scatter)
    __scatterload_rt2                        0x080000f5   Thumb Code    44  __scatter.o(!!!scatter)
    __scatterload_rt2_thumb_only             0x080000f5   Thumb Code     0  __scatter.o(!!!scatter)
    __scatterload_null                       0x08000103   Thumb Code     0  __scatter.o(!!!scatter)
    __decompress                             0x08000129   Thumb Code    90  __dczerorl2.o(!!dczerorl2)
    __decompress1                            0x08000129   Thumb Code     0  __dczerorl2.o(!!dczerorl2)
    __scatterload_zeroinit                   0x08000185   Thumb Code    28  __scatter_zi.o(!!handler_zi)
    _printf_d                                0x080001a1   Thumb Code     0  _printf_d.o(.ARM.Collect$$_printf_percent$$00000009)
    _printf_percent                          0x080001a1   Thumb Code     0  _printf_percent.o(.ARM.Collect$$_printf_percent$$00000000)
    _printf_u                                0x080001a7   Thumb Code     0  _printf_u.o(.ARM.Collect$$_printf_percent$$0000000A)
    _printf_x                                0x080001ad   Thumb Code     0  _printf_x.o(.ARM.Collect$$_printf_percent$$0000000C)
    _printf_s                                0x080001b3   Thumb Code     0  _printf_s.o(.ARM.Collect$$_printf_percent$$00000014)
    _printf_percent_end                      0x080001b9   Thumb Code     0  _printf_percent_end.o(.ARM.Collect$$_printf_percent$$00000017)
    __rt_lib_init                            0x080001bd   Thumb Code     0  libinit.o(.ARM.Collect$$libinit$$00000000)
    __rt_lib_init_fp_1                       0x080001bf   Thumb Code     0  libinit2.o(.ARM.Collect$$libinit$$00000002)
    __rt_lib_init_heap_1                     0x080001bf   Thumb Code     0  libinit2.o(.ARM.Collect$$libinit$$0000000A)
    __rt_lib_init_lc_common                  0x080001bf   Thumb Code     0  libinit2.o(.ARM.Collect$$libinit$$0000000F)
    __rt_lib_init_preinit_1                  0x080001bf   Thumb Code     0  libinit2.o(.ARM.Collect$$libinit$$00000004)
    __rt_lib_init_rand_1                     0x080001bf   Thumb Code     0  libinit2.o(.ARM.Collect$$libinit$$0000000E)
    __rt_lib_init_user_alloc_1               0x080001bf   Thumb Code     0  libinit2.o(.ARM.Collect$$libinit$$0000000C)
    __rt_lib_init_lc_collate_1               0x080001c5   Thumb Code     0  libinit2.o(.ARM.Collect$$libinit$$00000011)
    __rt_lib_init_lc_ctype_2                 0x080001c5   Thumb Code     0  libinit2.o(.ARM.Collect$$libinit$$00000012)
    __rt_lib_init_alloca_1                   0x080001d1   Thumb Code     0  libinit2.o(.ARM.Collect$$libinit$$0000002E)
    __rt_lib_init_argv_1                     0x080001d1   Thumb Code     0  libinit2.o(.ARM.Collect$$libinit$$0000002C)
    __rt_lib_init_atexit_1                   0x080001d1   Thumb Code     0  libinit2.o(.ARM.Collect$$libinit$$0000001B)
    __rt_lib_init_clock_1                    0x080001d1   Thumb Code     0  libinit2.o(.ARM.Collect$$libinit$$00000021)
    __rt_lib_init_cpp_1                      0x080001d1   Thumb Code     0  libinit2.o(.ARM.Collect$$libinit$$00000032)
    __rt_lib_init_exceptions_1               0x080001d1   Thumb Code     0  libinit2.o(.ARM.Collect$$libinit$$00000030)
    __rt_lib_init_fp_trap_1                  0x080001d1   Thumb Code     0  libinit2.o(.ARM.Collect$$libinit$$0000001F)
    __rt_lib_init_getenv_1                   0x080001d1   Thumb Code     0  libinit2.o(.ARM.Collect$$libinit$$00000023)
    __rt_lib_init_lc_ctype_1                 0x080001d1   Thumb Code     0  libinit2.o(.ARM.Collect$$libinit$$00000013)
    __rt_lib_init_lc_monetary_1              0x080001d1   Thumb Code     0  libinit2.o(.ARM.Collect$$libinit$$00000015)
    __rt_lib_init_lc_numeric_1               0x080001d1   Thumb Code     0  libinit2.o(.ARM.Collect$$libinit$$00000017)
    __rt_lib_init_lc_time_1                  0x080001d1   Thumb Code     0  libinit2.o(.ARM.Collect$$libinit$$00000019)
    __rt_lib_init_return                     0x080001d1   Thumb Code     0  libinit2.o(.ARM.Collect$$libinit$$00000033)
    __rt_lib_init_signal_1                   0x080001d1   Thumb Code     0  libinit2.o(.ARM.Collect$$libinit$$0000001D)
    __rt_lib_init_stdio_1                    0x080001d1   Thumb Code     0  libinit2.o(.ARM.Collect$$libinit$$00000025)
    __rt_lib_shutdown                        0x080001d3   Thumb Code     0  libshutdown.o(.ARM.Collect$$libshutdown$$00000000)
    __rt_lib_shutdown_fp_trap_1              0x080001d5   Thumb Code     0  libshutdown2.o(.ARM.Collect$$libshutdown$$00000006)
    __rt_lib_shutdown_heap_1                 0x080001d5   Thumb Code     0  libshutdown2.o(.ARM.Collect$$libshutdown$$0000000E)
    __rt_lib_shutdown_return                 0x080001d5   Thumb Code     0  libshutdown2.o(.ARM.Collect$$libshutdown$$0000000F)
    __rt_lib_shutdown_signal_1               0x080001d5   Thumb Code     0  libshutdown2.o(.ARM.Collect$$libshutdown$$00000009)
    __rt_lib_shutdown_stdio_1                0x080001d5   Thumb Code     0  libshutdown2.o(.ARM.Collect$$libshutdown$$00000003)
    __rt_lib_shutdown_user_alloc_1           0x080001d5   Thumb Code     0  libshutdown2.o(.ARM.Collect$$libshutdown$$0000000B)
    __rt_entry                               0x080001d7   Thumb Code     0  __rtentry.o(.ARM.Collect$$rtentry$$00000000)
    __rt_entry_presh_1                       0x080001d7   Thumb Code     0  __rtentry2.o(.ARM.Collect$$rtentry$$00000002)
    __rt_entry_sh                            0x080001d7   Thumb Code     0  __rtentry4.o(.ARM.Collect$$rtentry$$00000004)
    __rt_entry_li                            0x080001dd   Thumb Code     0  __rtentry2.o(.ARM.Collect$$rtentry$$0000000A)
    __rt_entry_postsh_1                      0x080001dd   Thumb Code     0  __rtentry2.o(.ARM.Collect$$rtentry$$00000009)
    __rt_entry_main                          0x080001e1   Thumb Code     0  __rtentry2.o(.ARM.Collect$$rtentry$$0000000D)
    __rt_entry_postli_1                      0x080001e1   Thumb Code     0  __rtentry2.o(.ARM.Collect$$rtentry$$0000000C)
    __rt_exit                                0x080001e9   Thumb Code     0  rtexit.o(.ARM.Collect$$rtexit$$00000000)
    __rt_exit_ls                             0x080001eb   Thumb Code     0  rtexit2.o(.ARM.Collect$$rtexit$$00000003)
    __rt_exit_prels_1                        0x080001eb   Thumb Code     0  rtexit2.o(.ARM.Collect$$rtexit$$00000002)
    __rt_exit_exit                           0x080001ef   Thumb Code     0  rtexit2.o(.ARM.Collect$$rtexit$$00000004)
    Reset_Handler                            0x080001f5   Thumb Code     8  startup_stm32f103xb.o(.text)
    ADC1_2_IRQHandler                        0x0800020f   Thumb Code     0  startup_stm32f103xb.o(.text)
    CAN1_RX1_IRQHandler                      0x0800020f   Thumb Code     0  startup_stm32f103xb.o(.text)
    CAN1_SCE_IRQHandler                      0x0800020f   Thumb Code     0  startup_stm32f103xb.o(.text)
    DMA1_Channel1_IRQHandler                 0x0800020f   Thumb Code     0  startup_stm32f103xb.o(.text)
    DMA1_Channel2_IRQHandler                 0x0800020f   Thumb Code     0  startup_stm32f103xb.o(.text)
    DMA1_Channel3_IRQHandler                 0x0800020f   Thumb Code     0  startup_stm32f103xb.o(.text)
    DMA1_Channel4_IRQHandler                 0x0800020f   Thumb Code     0  startup_stm32f103xb.o(.text)
    DMA1_Channel5_IRQHandler                 0x0800020f   Thumb Code     0  startup_stm32f103xb.o(.text)
    DMA1_Channel6_IRQHandler                 0x0800020f   Thumb Code     0  startup_stm32f103xb.o(.text)
    DMA1_Channel7_IRQHandler                 0x0800020f   Thumb Code     0  startup_stm32f103xb.o(.text)
    EXTI0_IRQHandler                         0x0800020f   Thumb Code     0  startup_stm32f103xb.o(.text)
    EXTI15_10_IRQHandler                     0x0800020f   Thumb Code     0  startup_stm32f103xb.o(.text)
    EXTI1_IRQHandler                         0x0800020f   Thumb Code     0  startup_stm32f103xb.o(.text)
    EXTI2_IRQHandler                         0x0800020f   Thumb Code     0  startup_stm32f103xb.o(.text)
    EXTI4_IRQHandler                         0x0800020f   Thumb Code     0  startup_stm32f103xb.o(.text)
    EXTI9_5_IRQHandler                       0x0800020f   Thumb Code     0  startup_stm32f103xb.o(.text)
    FLASH_IRQHandler                         0x0800020f   Thumb Code     0  startup_stm32f103xb.o(.text)
    I2C1_ER_IRQHandler                       0x0800020f   Thumb Code     0  startup_stm32f103xb.o(.text)
    I2C1_EV_IRQHandler                       0x0800020f   Thumb Code     0  startup_stm32f103xb.o(.text)
    I2C2_ER_IRQHandler                       0x0800020f   Thumb Code     0  startup_stm32f103xb.o(.text)
    I2C2_EV_IRQHandler                       0x0800020f   Thumb Code     0  startup_stm32f103xb.o(.text)
    PVD_IRQHandler                           0x0800020f   Thumb Code     0  startup_stm32f103xb.o(.text)
    RCC_IRQHandler                           0x0800020f   Thumb Code     0  startup_stm32f103xb.o(.text)
    RTC_Alarm_IRQHandler                     0x0800020f   Thumb Code     0  startup_stm32f103xb.o(.text)
    RTC_IRQHandler                           0x0800020f   Thumb Code     0  startup_stm32f103xb.o(.text)
    SPI2_IRQHandler                          0x0800020f   Thumb Code     0  startup_stm32f103xb.o(.text)
    TAMPER_IRQHandler                        0x0800020f   Thumb Code     0  startup_stm32f103xb.o(.text)
    TIM1_BRK_IRQHandler                      0x0800020f   Thumb Code     0  startup_stm32f103xb.o(.text)
    TIM1_CC_IRQHandler                       0x0800020f   Thumb Code     0  startup_stm32f103xb.o(.text)
    TIM1_TRG_COM_IRQHandler                  0x0800020f   Thumb Code     0  startup_stm32f103xb.o(.text)
    TIM1_UP_IRQHandler                       0x0800020f   Thumb Code     0  startup_stm32f103xb.o(.text)
    TIM2_IRQHandler                          0x0800020f   Thumb Code     0  startup_stm32f103xb.o(.text)
    TIM3_IRQHandler                          0x0800020f   Thumb Code     0  startup_stm32f103xb.o(.text)
    TIM4_IRQHandler                          0x0800020f   Thumb Code     0  startup_stm32f103xb.o(.text)
    USART1_IRQHandler                        0x0800020f   Thumb Code     0  startup_stm32f103xb.o(.text)
    USART2_IRQHandler                        0x0800020f   Thumb Code     0  startup_stm32f103xb.o(.text)
    USART3_IRQHandler                        0x0800020f   Thumb Code     0  startup_stm32f103xb.o(.text)
    USBWakeUp_IRQHandler                     0x0800020f   Thumb Code     0  startup_stm32f103xb.o(.text)
    WWDG_IRQHandler                          0x0800020f   Thumb Code     0  startup_stm32f103xb.o(.text)
    __user_initial_stackheap                 0x08000211   Thumb Code     0  startup_stm32f103xb.o(.text)
    __2snprintf                              0x08000235   Thumb Code    50  __2snprintf.o(.text)
    _printf_pre_padding                      0x0800026d   Thumb Code    44  _printf_pad.o(.text)
    _printf_post_padding                     0x08000299   Thumb Code    34  _printf_pad.o(.text)
    _printf_str                              0x080002bb   Thumb Code    82  _printf_str.o(.text)
    _printf_int_dec                          0x0800030d   Thumb Code   104  _printf_dec.o(.text)
    _printf_longlong_hex                     0x08000385   Thumb Code    86  _printf_hex_int_ll_ptr.o(.text)
    _printf_int_hex                          0x080003db   Thumb Code    28  _printf_hex_int_ll_ptr.o(.text)
    _printf_ll_hex                           0x080003f7   Thumb Code    12  _printf_hex_int_ll_ptr.o(.text)
    _printf_hex_ptr                          0x08000403   Thumb Code    18  _printf_hex_int_ll_ptr.o(.text)
    __printf                                 0x08000419   Thumb Code   388  __printf_flags_ss_wp.o(.text)
    atoi                                     0x080005a1   Thumb Code    26  atoi.o(.text)
    strtok                                   0x080005bd   Thumb Code     6  strtok.o(.text)
    strchr                                   0x080005c9   Thumb Code    20  strchr.o(.text)
    strncasecmp                              0x080005dd   Thumb Code    50  strncasecmp.o(.text)
    strcasecmp                               0x0800060f   Thumb Code    42  strcasecmp.o(.text)
    strlen                                   0x08000639   Thumb Code    62  strlen.o(.text)
    strncmp                                  0x08000677   Thumb Code   150  strncmp.o(.text)
    __aeabi_memcpy                           0x0800070d   Thumb Code     0  rt_memcpy_v6.o(.text)
    __rt_memcpy                              0x0800070d   Thumb Code   138  rt_memcpy_v6.o(.text)
    _memcpy_lastbytes                        0x08000773   Thumb Code     0  rt_memcpy_v6.o(.text)
    __aeabi_memmove                          0x08000797   Thumb Code     0  rt_memmove_v6.o(.text)
    __rt_memmove                             0x08000797   Thumb Code   132  rt_memmove_v6.o(.text)
    __memmove_lastfew                        0x080007f7   Thumb Code     0  rt_memmove_v6.o(.text)
    __aeabi_memclr                           0x0800081b   Thumb Code     0  rt_memclr.o(.text)
    __rt_memclr                              0x0800081b   Thumb Code    68  rt_memclr.o(.text)
    _memset                                  0x0800081f   Thumb Code     0  rt_memclr.o(.text)
    __aeabi_memclr4                          0x0800085f   Thumb Code     0  rt_memclr_w.o(.text)
    __aeabi_memclr8                          0x0800085f   Thumb Code     0  rt_memclr_w.o(.text)
    __rt_memclr_w                            0x0800085f   Thumb Code    78  rt_memclr_w.o(.text)
    _memset_w                                0x08000863   Thumb Code     0  rt_memclr_w.o(.text)
    strncpy                                  0x080008ad   Thumb Code    86  strncpy.o(.text)
    strcmp                                   0x08000905   Thumb Code   128  strcmpv7m.o(.text)
    __use_two_region_memory                  0x08000985   Thumb Code     2  heapauxi.o(.text)
    __rt_heap_escrow$2region                 0x08000987   Thumb Code     2  heapauxi.o(.text)
    __rt_heap_expand$2region                 0x08000989   Thumb Code     2  heapauxi.o(.text)
    __aeabi_errno_addr                       0x0800098d   Thumb Code     8  rt_errno_addr_intlibspace.o(.text)
    __errno$intlibspace                      0x0800098d   Thumb Code     0  rt_errno_addr_intlibspace.o(.text)
    __rt_errno_addr$intlibspace              0x0800098d   Thumb Code     0  rt_errno_addr_intlibspace.o(.text)
    tolower                                  0x08000995   Thumb Code    26  tolower.o(.text)
    _printf_int_common                       0x080009af   Thumb Code   178  _printf_intcommon.o(.text)
    _printf_char_common                      0x08000a6b   Thumb Code    32  _printf_char_common.o(.text)
    _sputc                                   0x08000a91   Thumb Code    10  _sputc.o(.text)
    _snputc                                  0x08000a9b   Thumb Code    16  _snputc.o(.text)
    _printf_cs_common                        0x08000aab   Thumb Code    20  _printf_char.o(.text)
    _printf_char                             0x08000abf   Thumb Code    16  _printf_char.o(.text)
    _printf_string                           0x08000acf   Thumb Code     8  _printf_char.o(.text)
    strtol                                   0x08000ad7   Thumb Code   112  strtol.o(.text)
    __strtok_internal                        0x08000b49   Thumb Code    64  strtok_int.o(.text)
    __aeabi_memcpy4                          0x08000b8d   Thumb Code     0  rt_memcpy_w.o(.text)
    __aeabi_memcpy8                          0x08000b8d   Thumb Code     0  rt_memcpy_w.o(.text)
    __rt_memcpy_w                            0x08000b8d   Thumb Code   100  rt_memcpy_w.o(.text)
    _memcpy_lastbytes_aligned                0x08000bd5   Thumb Code     0  rt_memcpy_w.o(.text)
    __aeabi_memmove4                         0x08000bf1   Thumb Code     0  rt_memmove_w.o(.text)
    __aeabi_memmove8                         0x08000bf1   Thumb Code     0  rt_memmove_w.o(.text)
    __rt_memmove_w                           0x08000bf1   Thumb Code   122  rt_memmove_w.o(.text)
    __memmove_aligned                        0x08000c17   Thumb Code     0  rt_memmove_w.o(.text)
    __memmove_lastfew_aligned                0x08000c4f   Thumb Code     0  rt_memmove_w.o(.text)
    __user_libspace                          0x08000c6d   Thumb Code     8  libspace.o(.text)
    __user_perproc_libspace                  0x08000c6d   Thumb Code     0  libspace.o(.text)
    __user_perthread_libspace                0x08000c6d   Thumb Code     0  libspace.o(.text)
    __rt_ctype_table                         0x08000c75   Thumb Code    16  rt_ctype_table.o(.text)
    _strtoul                                 0x08000c85   Thumb Code   158  _strtoul.o(.text)
    strcspn                                  0x08000d23   Thumb Code    32  strcspn.o(.text)
    strspn                                   0x08000d43   Thumb Code    28  strspn.o(.text)
    __user_setup_stackheap                   0x08000d5f   Thumb Code    74  sys_stackheap_outer.o(.text)
    __rt_locale                              0x08000da9   Thumb Code     8  rt_locale_intlibspace.o(.text)
    _chval                                   0x08000db1   Thumb Code    28  _chval.o(.text)
    exit                                     0x08000dcd   Thumb Code    12  exit.o(.text)
    _sys_exit                                0x08000dd9   Thumb Code     8  sys_exit.o(.text)
    __I$use$semihosting                      0x08000de5   Thumb Code     0  use_no_semi.o(.text)
    __use_no_semihosting_swi                 0x08000de5   Thumb Code     2  use_no_semi.o(.text)
    BusFault_Handler                         0x08000de7   Thumb Code     2  stm32f1xx_it.o(i.BusFault_Handler)
    __semihosting_library_function           0x08000de7   Thumb Code     0  indicate_semi.o(.text)
    CDC_Transmit_FS                          0x08001231   Thumb Code    38  usbd_cdc_if.o(i.CDC_Transmit_FS)
    DebugMon_Handler                         0x080012f3   Thumb Code     2  stm32f1xx_it.o(i.DebugMon_Handler)
    EXTI3_IRQHandler                         0x080012f5   Thumb Code    48  stm32f1xx_it.o(i.EXTI3_IRQHandler)
    Error_Handler                            0x08001331   Thumb Code     4  main.o(i.Error_Handler)
    HAL_DMA_Abort                            0x08001335   Thumb Code    70  stm32f1xx_hal_dma.o(i.HAL_DMA_Abort)
    HAL_DMA_Abort_IT                         0x0800137d   Thumb Code   148  stm32f1xx_hal_dma.o(i.HAL_DMA_Abort_IT)
    HAL_Delay                                0x08001415   Thumb Code    32  stm32f1xx_hal.o(i.HAL_Delay)
    HAL_GPIO_Init                            0x08001439   Thumb Code   446  stm32f1xx_hal_gpio.o(i.HAL_GPIO_Init)
    HAL_GPIO_ReadPin                         0x08001619   Thumb Code    10  stm32f1xx_hal_gpio.o(i.HAL_GPIO_ReadPin)
    HAL_GPIO_WritePin                        0x08001623   Thumb Code    10  stm32f1xx_hal_gpio.o(i.HAL_GPIO_WritePin)
    HAL_GetTick                              0x0800162d   Thumb Code     6  stm32f1xx_hal.o(i.HAL_GetTick)
    HAL_I2C_Init                             0x08001639   Thumb Code   376  stm32f1xx_hal_i2c.o(i.HAL_I2C_Init)
    HAL_I2C_IsDeviceReady                    0x080017c1   Thumb Code   354  stm32f1xx_hal_i2c.o(i.HAL_I2C_IsDeviceReady)
    HAL_I2C_Master_Receive                   0x0800192d   Thumb Code   576  stm32f1xx_hal_i2c.o(i.HAL_I2C_Master_Receive)
    HAL_I2C_Master_Transmit                  0x08001b7d   Thumb Code   290  stm32f1xx_hal_i2c.o(i.HAL_I2C_Master_Transmit)
    HAL_I2C_Mem_Read                         0x08001ca9   Thumb Code   586  stm32f1xx_hal_i2c.o(i.HAL_I2C_Mem_Read)
    HAL_I2C_Mem_Write                        0x08001f05   Thumb Code   294  stm32f1xx_hal_i2c.o(i.HAL_I2C_Mem_Write)
    HAL_I2C_MspInit                          0x08002035   Thumb Code    82  i2c.o(i.HAL_I2C_MspInit)
    HAL_IncTick                              0x08002095   Thumb Code    12  stm32f1xx_hal.o(i.HAL_IncTick)
    HAL_Init                                 0x080020a5   Thumb Code    32  stm32f1xx_hal.o(i.HAL_Init)
    HAL_InitTick                             0x080020c9   Thumb Code    54  stm32f1xx_hal.o(i.HAL_InitTick)
    HAL_MspInit                              0x08002109   Thumb Code    52  stm32f1xx_hal_msp.o(i.HAL_MspInit)
    HAL_NVIC_EnableIRQ                       0x08002145   Thumb Code    26  stm32f1xx_hal_cortex.o(i.HAL_NVIC_EnableIRQ)
    HAL_NVIC_SetPriority                     0x08002161   Thumb Code    60  stm32f1xx_hal_cortex.o(i.HAL_NVIC_SetPriority)
    HAL_NVIC_SetPriorityGrouping             0x080021a1   Thumb Code    26  stm32f1xx_hal_cortex.o(i.HAL_NVIC_SetPriorityGrouping)
    HAL_PCDEx_PMAConfig                      0x080021c5   Thumb Code    60  stm32f1xx_hal_pcd_ex.o(i.HAL_PCDEx_PMAConfig)
    HAL_PCDEx_SetConnectionState             0x08002201   Thumb Code     2  usbd_conf.o(i.HAL_PCDEx_SetConnectionState)
    HAL_PCD_DataInStageCallback              0x08002203   Thumb Code    18  usbd_conf.o(i.HAL_PCD_DataInStageCallback)
    HAL_PCD_DataOutStageCallback             0x08002215   Thumb Code    20  usbd_conf.o(i.HAL_PCD_DataOutStageCallback)
    HAL_PCD_EP_Close                         0x08002229   Thumb Code    74  stm32f1xx_hal_pcd.o(i.HAL_PCD_EP_Close)
    HAL_PCD_EP_ClrStall                      0x08002273   Thumb Code    90  stm32f1xx_hal_pcd.o(i.HAL_PCD_EP_ClrStall)
    HAL_PCD_EP_GetRxCount                    0x080026eb   Thumb Code    18  stm32f1xx_hal_pcd.o(i.HAL_PCD_EP_GetRxCount)
    HAL_PCD_EP_Open                          0x080026fd   Thumb Code    88  stm32f1xx_hal_pcd.o(i.HAL_PCD_EP_Open)
    HAL_PCD_EP_Receive                       0x08002755   Thumb Code    46  stm32f1xx_hal_pcd.o(i.HAL_PCD_EP_Receive)
    HAL_PCD_EP_SetStall                      0x08002783   Thumb Code   112  stm32f1xx_hal_pcd.o(i.HAL_PCD_EP_SetStall)
    HAL_PCD_EP_Transmit                      0x080027f3   Thumb Code    46  stm32f1xx_hal_pcd.o(i.HAL_PCD_EP_Transmit)
    HAL_PCD_IRQHandler                       0x08002821   Thumb Code   308  stm32f1xx_hal_pcd.o(i.HAL_PCD_IRQHandler)
    HAL_PCD_Init                             0x08002955   Thumb Code   186  stm32f1xx_hal_pcd.o(i.HAL_PCD_Init)
    HAL_PCD_MspInit                          0x08002a11   Thumb Code    50  usbd_conf.o(i.HAL_PCD_MspInit)
    HAL_PCD_ResetCallback                    0x08002a4d   Thumb Code    38  usbd_conf.o(i.HAL_PCD_ResetCallback)
    HAL_PCD_ResumeCallback                   0x08002a73   Thumb Code     8  usbd_conf.o(i.HAL_PCD_ResumeCallback)
    HAL_PCD_SOFCallback                      0x08002a7b   Thumb Code     8  usbd_conf.o(i.HAL_PCD_SOFCallback)
    HAL_PCD_SetAddress                       0x08002a83   Thumb Code    38  stm32f1xx_hal_pcd.o(i.HAL_PCD_SetAddress)
    HAL_PCD_SetupStageCallback               0x08002aa9   Thumb Code    14  usbd_conf.o(i.HAL_PCD_SetupStageCallback)
    HAL_PCD_Start                            0x08002ab7   Thumb Code    50  stm32f1xx_hal_pcd.o(i.HAL_PCD_Start)
    HAL_PCD_SuspendCallback                  0x08002ae9   Thumb Code    30  usbd_conf.o(i.HAL_PCD_SuspendCallback)
    HAL_RCCEx_PeriphCLKConfig                0x08002b0d   Thumb Code   224  stm32f1xx_hal_rcc_ex.o(i.HAL_RCCEx_PeriphCLKConfig)
    HAL_RCC_ClockConfig                      0x08002bf9   Thumb Code   280  stm32f1xx_hal_rcc.o(i.HAL_RCC_ClockConfig)
    HAL_RCC_GetPCLK1Freq                     0x08002d25   Thumb Code    20  stm32f1xx_hal_rcc.o(i.HAL_RCC_GetPCLK1Freq)
    HAL_RCC_GetSysClockFreq                  0x08002d45   Thumb Code    58  stm32f1xx_hal_rcc.o(i.HAL_RCC_GetSysClockFreq)
    HAL_RCC_OscConfig                        0x08002d91   Thumb Code   778  stm32f1xx_hal_rcc.o(i.HAL_RCC_OscConfig)
    HAL_SPI_Abort                            0x080030b1   Thumb Code   274  stm32f1xx_hal_spi.o(i.HAL_SPI_Abort)
    HAL_SPI_ErrorCallback                    0x080031d1   Thumb Code    48  usbd_cdc_if.o(i.HAL_SPI_ErrorCallback)
    HAL_SPI_IRQHandler                       0x08003209   Thumb Code   220  stm32f1xx_hal_spi.o(i.HAL_SPI_IRQHandler)
    HAL_SPI_Init                             0x080032e9   Thumb Code   178  stm32f1xx_hal_spi.o(i.HAL_SPI_Init)
    HAL_SPI_MspInit                          0x0800339d   Thumb Code    88  spi.o(i.HAL_SPI_MspInit)
    HAL_SPI_Receive_IT                       0x08003401   Thumb Code   160  stm32f1xx_hal_spi.o(i.HAL_SPI_Receive_IT)
    HAL_SPI_RxCpltCallback                   0x080034a9   Thumb Code   136  usbd_cdc_if.o(i.HAL_SPI_RxCpltCallback)
    HAL_SPI_TransmitReceive_IT               0x08003549   Thumb Code   138  stm32f1xx_hal_spi.o(i.HAL_SPI_TransmitReceive_IT)
    HAL_SPI_TxRxCpltCallback                 0x080035e5   Thumb Code     2  stm32f1xx_hal_spi.o(i.HAL_SPI_TxRxCpltCallback)
    HAL_SYSTICK_Config                       0x080035e7   Thumb Code    40  stm32f1xx_hal_cortex.o(i.HAL_SYSTICK_Config)
    HardFault_Handler                        0x0800360f   Thumb Code     2  stm32f1xx_it.o(i.HardFault_Handler)
    MXT_CheckAndProcessMessages              0x08003dc1   Thumb Code   462  usbd_cdc_if.o(i.MXT_CheckAndProcessMessages)
    MXT_FlushMessageBuffer                   0x080043f5   Thumb Code    20  usbd_cdc_if.o(i.MXT_FlushMessageBuffer)
    MXT_GetObjectAddr                        0x08004409   Thumb Code   130  usbd_cdc_if.o(i.MXT_GetObjectAddr)
    MXT_InitTouchScreen                      0x080044ed   Thumb Code    38  usbd_cdc_if.o(i.MXT_InitTouchScreen)
    MXT_ProcessCommand                       0x08004da1   Thumb Code     4  usbd_cdc_if.o(i.MXT_ProcessCommand)
    MXT_ProcessControlPending                0x08004da5   Thumb Code   136  usbd_cdc_if.o(i.MXT_ProcessControlPending)
    MXT_ProcessSPICheck                      0x08004e31   Thumb Code   214  usbd_cdc_if.o(i.MXT_ProcessSPICheck)
    MXT_SetChgPending                        0x080058c9   Thumb Code    10  usbd_cdc_if.o(i.MXT_SetChgPending)
    MXT_TimerDiagnosticRead                  0x080058d9   Thumb Code   146  usbd_cdc_if.o(i.MXT_TimerDiagnosticRead)
    MX_GPIO_Init                             0x08005971   Thumb Code   286  gpio.o(i.MX_GPIO_Init)
    MX_I2C2_Init                             0x08005aa5   Thumb Code    50  i2c.o(i.MX_I2C2_Init)
    MX_SPI1_Init                             0x08005ae5   Thumb Code    54  spi.o(i.MX_SPI1_Init)
    MX_USB_DEVICE_Init                       0x08005b25   Thumb Code    66  usb_device.o(i.MX_USB_DEVICE_Init)
    MemManage_Handler                        0x08005bb5   Thumb Code     2  stm32f1xx_it.o(i.MemManage_Handler)
    NMI_Handler                              0x08005bb7   Thumb Code     2  stm32f1xx_it.o(i.NMI_Handler)
    PendSV_Handler                           0x08005f5f   Thumb Code     2  stm32f1xx_it.o(i.PendSV_Handler)
    SPI1_IRQHandler                          0x0800878d   Thumb Code     6  stm32f1xx_it.o(i.SPI1_IRQHandler)
    SVC_Handler                              0x08008ded   Thumb Code     2  stm32f1xx_it.o(i.SVC_Handler)
    SysTick_Handler                          0x08008e3d   Thumb Code     4  stm32f1xx_it.o(i.SysTick_Handler)
    SystemClock_Config                       0x08008e41   Thumb Code   118  main.o(i.SystemClock_Config)
    SystemInit                               0x08008eb7   Thumb Code     2  system_stm32f1xx.o(i.SystemInit)
    USBD_CDC_GetDeviceQualifierDescriptor    0x08008f95   Thumb Code     8  usbd_cdc.o(i.USBD_CDC_GetDeviceQualifierDescriptor)
    USBD_CDC_ReceivePacket                   0x08009059   Thumb Code    40  usbd_cdc.o(i.USBD_CDC_ReceivePacket)
    USBD_CDC_RegisterInterface               0x08009081   Thumb Code    16  usbd_cdc.o(i.USBD_CDC_RegisterInterface)
    USBD_CDC_SetRxBuffer                     0x08009091   Thumb Code    12  usbd_cdc.o(i.USBD_CDC_SetRxBuffer)
    USBD_CDC_SetTxBuffer                     0x0800909d   Thumb Code    16  usbd_cdc.o(i.USBD_CDC_SetTxBuffer)
    USBD_CDC_TransmitPacket                  0x08009159   Thumb Code    54  usbd_cdc.o(i.USBD_CDC_TransmitPacket)
    USBD_ClrClassConfig                      0x0800918f   Thumb Code    14  usbd_core.o(i.USBD_ClrClassConfig)
    USBD_CtlContinueRx                       0x0800919d   Thumb Code    16  usbd_ioreq.o(i.USBD_CtlContinueRx)
    USBD_CtlContinueSendData                 0x080091ad   Thumb Code    16  usbd_ioreq.o(i.USBD_CtlContinueSendData)
    USBD_CtlError                            0x080091bd   Thumb Code    22  usbd_ctlreq.o(i.USBD_CtlError)
    USBD_CtlPrepareRx                        0x080091d3   Thumb Code    30  usbd_ioreq.o(i.USBD_CtlPrepareRx)
    USBD_CtlReceiveStatus                    0x080091f1   Thumb Code    22  usbd_ioreq.o(i.USBD_CtlReceiveStatus)
    USBD_CtlSendData                         0x08009207   Thumb Code    26  usbd_ioreq.o(i.USBD_CtlSendData)
    USBD_CtlSendStatus                       0x08009221   Thumb Code    22  usbd_ioreq.o(i.USBD_CtlSendStatus)
    USBD_FS_ConfigStrDescriptor              0x08009239   Thumb Code    16  usbd_desc.o(i.USBD_FS_ConfigStrDescriptor)
    USBD_FS_DeviceDescriptor                 0x08009259   Thumb Code     8  usbd_desc.o(i.USBD_FS_DeviceDescriptor)
    USBD_FS_InterfaceStrDescriptor           0x08009265   Thumb Code    16  usbd_desc.o(i.USBD_FS_InterfaceStrDescriptor)
    USBD_FS_LangIDStrDescriptor              0x08009289   Thumb Code     8  usbd_desc.o(i.USBD_FS_LangIDStrDescriptor)
    USBD_FS_ManufacturerStrDescriptor        0x08009295   Thumb Code    16  usbd_desc.o(i.USBD_FS_ManufacturerStrDescriptor)
    USBD_FS_ProductStrDescriptor             0x080092bd   Thumb Code    16  usbd_desc.o(i.USBD_FS_ProductStrDescriptor)
    USBD_FS_SerialStrDescriptor              0x080092e9   Thumb Code    48  usbd_desc.o(i.USBD_FS_SerialStrDescriptor)
    USBD_GetString                           0x08009409   Thumb Code    72  usbd_ctlreq.o(i.USBD_GetString)
    USBD_Init                                0x08009469   Thumb Code    42  usbd_core.o(i.USBD_Init)
    USBD_LL_ClearStallEP                     0x08009493   Thumb Code    18  usbd_conf.o(i.USBD_LL_ClearStallEP)
    USBD_LL_CloseEP                          0x080094a5   Thumb Code    18  usbd_conf.o(i.USBD_LL_CloseEP)
    USBD_LL_DataInStage                      0x080094b7   Thumb Code   198  usbd_core.o(i.USBD_LL_DataInStage)
    USBD_LL_DataOutStage                     0x0800957d   Thumb Code   130  usbd_core.o(i.USBD_LL_DataOutStage)
    USBD_LL_GetRxDataSize                    0x080095ff   Thumb Code     8  usbd_conf.o(i.USBD_LL_GetRxDataSize)
    USBD_LL_Init                             0x08009609   Thumb Code   118  usbd_conf.o(i.USBD_LL_Init)
    USBD_LL_IsStallEP                        0x08009689   Thumb Code    30  usbd_conf.o(i.USBD_LL_IsStallEP)
    USBD_LL_OpenEP                           0x080096a7   Thumb Code    24  usbd_conf.o(i.USBD_LL_OpenEP)
    USBD_LL_PrepareReceive                   0x080096bf   Thumb Code    18  usbd_conf.o(i.USBD_LL_PrepareReceive)
    USBD_LL_Reset                            0x080096d1   Thumb Code    80  usbd_core.o(i.USBD_LL_Reset)
    USBD_LL_Resume                           0x08009721   Thumb Code    20  usbd_core.o(i.USBD_LL_Resume)
    USBD_LL_SOF                              0x08009735   Thumb Code    24  usbd_core.o(i.USBD_LL_SOF)
    USBD_LL_SetSpeed                         0x0800974d   Thumb Code     6  usbd_core.o(i.USBD_LL_SetSpeed)
    USBD_LL_SetUSBAddress                    0x08009753   Thumb Code    18  usbd_conf.o(i.USBD_LL_SetUSBAddress)
    USBD_LL_SetupStage                       0x08009765   Thumb Code    90  usbd_core.o(i.USBD_LL_SetupStage)
    USBD_LL_StallEP                          0x080097bf   Thumb Code    18  usbd_conf.o(i.USBD_LL_StallEP)
    USBD_LL_Start                            0x080097d1   Thumb Code    18  usbd_conf.o(i.USBD_LL_Start)
    USBD_LL_Suspend                          0x080097e3   Thumb Code    18  usbd_core.o(i.USBD_LL_Suspend)
    USBD_LL_Transmit                         0x080097f5   Thumb Code    18  usbd_conf.o(i.USBD_LL_Transmit)
    USBD_ParseSetupRequest                   0x08009807   Thumb Code    40  usbd_ctlreq.o(i.USBD_ParseSetupRequest)
    USBD_RegisterClass                       0x0800982f   Thumb Code    16  usbd_core.o(i.USBD_RegisterClass)
    USBD_SetClassConfig                      0x0800983f   Thumb Code    22  usbd_core.o(i.USBD_SetClassConfig)
    USBD_Start                               0x080098d9   Thumb Code    10  usbd_core.o(i.USBD_Start)
    USBD_StdDevReq                           0x080098e3   Thumb Code   274  usbd_ctlreq.o(i.USBD_StdDevReq)
    USBD_StdEPReq                            0x080099f5   Thumb Code   336  usbd_ctlreq.o(i.USBD_StdEPReq)
    USBD_StdItfReq                           0x08009b45   Thumb Code    78  usbd_ctlreq.o(i.USBD_StdItfReq)
    USBD_static_free                         0x08009b93   Thumb Code     2  usbd_conf.o(i.USBD_static_free)
    USBD_static_malloc                       0x08009b95   Thumb Code     4  usbd_conf.o(i.USBD_static_malloc)
    USB_ActivateEndpoint                     0x08009b9d   Thumb Code   668  stm32f1xx_ll_usb.o(i.USB_ActivateEndpoint)
    USB_CoreInit                             0x08009e39   Thumb Code     4  stm32f1xx_ll_usb.o(i.USB_CoreInit)
    USB_DeactivateEndpoint                   0x08009e3d   Thumb Code   270  stm32f1xx_ll_usb.o(i.USB_DeactivateEndpoint)
    USB_DevConnect                           0x08009f4b   Thumb Code     4  stm32f1xx_ll_usb.o(i.USB_DevConnect)
    USB_DevDisconnect                        0x08009f4f   Thumb Code     4  stm32f1xx_ll_usb.o(i.USB_DevDisconnect)
    USB_DevInit                              0x08009f53   Thumb Code    18  stm32f1xx_ll_usb.o(i.USB_DevInit)
    USB_DisableGlobalInt                     0x08009f65   Thumb Code    14  stm32f1xx_ll_usb.o(i.USB_DisableGlobalInt)
    USB_EP0_OutStart                         0x08009f73   Thumb Code     4  stm32f1xx_ll_usb.o(i.USB_EP0_OutStart)
    USB_EPClearStall                         0x08009f77   Thumb Code   120  stm32f1xx_ll_usb.o(i.USB_EPClearStall)
    USB_EPSetStall                           0x08009fef   Thumb Code    50  stm32f1xx_ll_usb.o(i.USB_EPSetStall)
    USB_EPStartXfer                          0x0800a021   Thumb Code  1250  stm32f1xx_ll_usb.o(i.USB_EPStartXfer)
    USB_EnableGlobalInt                      0x0800a503   Thumb Code    18  stm32f1xx_ll_usb.o(i.USB_EnableGlobalInt)
    USB_HP_CAN1_TX_IRQHandler                0x0800a515   Thumb Code     6  stm32f1xx_it.o(i.USB_HP_CAN1_TX_IRQHandler)
    USB_LP_CAN1_RX0_IRQHandler               0x0800a521   Thumb Code     6  stm32f1xx_it.o(i.USB_LP_CAN1_RX0_IRQHandler)
    USB_ReadInterrupts                       0x0800a52d   Thumb Code     6  stm32f1xx_ll_usb.o(i.USB_ReadInterrupts)
    USB_ReadPMA                              0x0800a535   Thumb Code    44  stm32f1xx_ll_usb.o(i.USB_ReadPMA)
    USB_SendString                           0x0800a561   Thumb Code    32  usbd_cdc_if.o(i.USB_SendString)
    USB_SetCurrentMode                       0x0800a589   Thumb Code     4  stm32f1xx_ll_usb.o(i.USB_SetCurrentMode)
    USB_SetDevAddress                        0x0800a58d   Thumb Code    12  stm32f1xx_ll_usb.o(i.USB_SetDevAddress)
    USB_WritePMA                             0x0800a599   Thumb Code    38  stm32f1xx_ll_usb.o(i.USB_WritePMA)
    UsageFault_Handler                       0x0800a5bf   Thumb Code     2  stm32f1xx_it.o(i.UsageFault_Handler)
    _is_digit                                0x0800a5e1   Thumb Code    14  __printf_wp.o(i._is_digit)
    main                                     0x0800a5f1   Thumb Code   118  main.o(i.main)
    _get_lc_ctype                            0x0800a671   Thumb Code    44  lc_ctype_c.o(locale$$code)
    AHBPrescTable                            0x0800a6b2   Data          16  system_stm32f1xx.o(.constdata)
    APBPrescTable                            0x0800a6c2   Data           8  system_stm32f1xx.o(.constdata)
    Region$$Table$$Base                      0x0800a970   Number         0  anon$$obj.o(Region$$Table)
    Region$$Table$$Limit                     0x0800a990   Number         0  anon$$obj.o(Region$$Table)
    __ctype                                  0x0800a99d   Data           0  lc_ctype_c.o(locale$$data)
    FS_Desc                                  0x20000000   Data          28  usbd_desc.o(.data)
    USBD_LangIDDesc                          0x2000001c   Data           4  usbd_desc.o(.data)
    USBD_FS_DeviceDesc                       0x20000020   Data          18  usbd_desc.o(.data)
    USBD_StringSerial                        0x20000034   Data          26  usbd_desc.o(.data)
    g_matrix_x_size                          0x20000052   Data           1  usbd_cdc_if.o(.data)
    g_matrix_y_size                          0x20000053   Data           1  usbd_cdc_if.o(.data)
    g_chg_pending                            0x20000075   Data           1  usbd_cdc_if.o(.data)
    USBD_Interface_fops_FS                   0x200000d0   Data          16  usbd_cdc_if.o(.data)
    uwTickFreq                               0x200000e0   Data           1  stm32f1xx_hal.o(.data)
    uwTickPrio                               0x200000e4   Data           4  stm32f1xx_hal.o(.data)
    uwTick                                   0x200000e8   Data           4  stm32f1xx_hal.o(.data)
    SystemCoreClock                          0x200000ec   Data           4  system_stm32f1xx.o(.data)
    USBD_CDC_CfgHSDesc                       0x20000100   Data          67  usbd_cdc.o(.data)
    USBD_CDC_CfgFSDesc                       0x20000144   Data          67  usbd_cdc.o(.data)
    USBD_CDC_OtherSpeedCfgDesc               0x20000188   Data          67  usbd_cdc.o(.data)
    USBD_CDC                                 0x200001cc   Data          56  usbd_cdc.o(.data)
    hi2c2                                    0x20000208   Data          84  i2c.o(.bss)
    hspi1                                    0x2000025c   Data          88  spi.o(.bss)
    hUsbDeviceFS                             0x200002b4   Data         708  usb_device.o(.bss)
    USBD_StrDesc                             0x20000578   Data         512  usbd_desc.o(.bss)
    UserRxBufferFS                           0x20000b78   Data         256  usbd_cdc_if.o(.bss)
    UserTxBufferFS                           0x20000c78   Data        1024  usbd_cdc_if.o(.bss)
    hpcd_USB_FS                              0x200044bc   Data         728  usbd_conf.o(.bss)
    __libspace_start                         0x20004794   Data          96  libspace.o(.bss)
    __temporary_stack_top$libspace           0x200047f4   Data           0  libspace.o(.bss)



==============================================================================

Memory Map of the image

  Image Entry point : 0x080000ed

  Load Region LR_IROM1 (Base: 0x08000000, Size: 0x0000aca8, Max: 0x00010000, ABSOLUTE, COMPRESSED[0x0000ab74])

    Execution Region ER_IROM1 (Base: 0x08000000, Size: 0x0000aaa0, Max: 0x00010000, ABSOLUTE)

    Base Addr    Size         Type   Attr      Idx    E Section Name        Object

    0x08000000   0x000000ec   Data   RO            3    RESET               startup_stm32f103xb.o
    0x080000ec   0x00000008   Code   RO         3854  * !!!main             c_w.l(__main.o)
    0x080000f4   0x00000034   Code   RO         4145    !!!scatter          c_w.l(__scatter.o)
    0x08000128   0x0000005a   Code   RO         4143    !!dczerorl2         c_w.l(__dczerorl2.o)
    0x08000182   0x00000002   PAD
    0x08000184   0x0000001c   Code   RO         4147    !!handler_zi        c_w.l(__scatter_zi.o)
    0x080001a0   0x00000000   Code   RO         3824    .ARM.Collect$$_printf_percent$$00000000  c_w.l(_printf_percent.o)
    0x080001a0   0x00000006   Code   RO         3822    .ARM.Collect$$_printf_percent$$00000009  c_w.l(_printf_d.o)
    0x080001a6   0x00000006   Code   RO         3823    .ARM.Collect$$_printf_percent$$0000000A  c_w.l(_printf_u.o)
    0x080001ac   0x00000006   Code   RO         3821    .ARM.Collect$$_printf_percent$$0000000C  c_w.l(_printf_x.o)
    0x080001b2   0x00000006   Code   RO         3820    .ARM.Collect$$_printf_percent$$00000014  c_w.l(_printf_s.o)
    0x080001b8   0x00000004   Code   RO         3898    .ARM.Collect$$_printf_percent$$00000017  c_w.l(_printf_percent_end.o)
    0x080001bc   0x00000002   Code   RO         4012    .ARM.Collect$$libinit$$00000000  c_w.l(libinit.o)
    0x080001be   0x00000000   Code   RO         4021    .ARM.Collect$$libinit$$00000002  c_w.l(libinit2.o)
    0x080001be   0x00000000   Code   RO         4023    .ARM.Collect$$libinit$$00000004  c_w.l(libinit2.o)
    0x080001be   0x00000000   Code   RO         4026    .ARM.Collect$$libinit$$0000000A  c_w.l(libinit2.o)
    0x080001be   0x00000000   Code   RO         4028    .ARM.Collect$$libinit$$0000000C  c_w.l(libinit2.o)
    0x080001be   0x00000000   Code   RO         4030    .ARM.Collect$$libinit$$0000000E  c_w.l(libinit2.o)
    0x080001be   0x00000006   Code   RO         4031    .ARM.Collect$$libinit$$0000000F  c_w.l(libinit2.o)
    0x080001c4   0x00000000   Code   RO         4033    .ARM.Collect$$libinit$$00000011  c_w.l(libinit2.o)
    0x080001c4   0x0000000c   Code   RO         4034    .ARM.Collect$$libinit$$00000012  c_w.l(libinit2.o)
    0x080001d0   0x00000000   Code   RO         4035    .ARM.Collect$$libinit$$00000013  c_w.l(libinit2.o)
    0x080001d0   0x00000000   Code   RO         4037    .ARM.Collect$$libinit$$00000015  c_w.l(libinit2.o)
    0x080001d0   0x00000000   Code   RO         4039    .ARM.Collect$$libinit$$00000017  c_w.l(libinit2.o)
    0x080001d0   0x00000000   Code   RO         4041    .ARM.Collect$$libinit$$00000019  c_w.l(libinit2.o)
    0x080001d0   0x00000000   Code   RO         4043    .ARM.Collect$$libinit$$0000001B  c_w.l(libinit2.o)
    0x080001d0   0x00000000   Code   RO         4045    .ARM.Collect$$libinit$$0000001D  c_w.l(libinit2.o)
    0x080001d0   0x00000000   Code   RO         4047    .ARM.Collect$$libinit$$0000001F  c_w.l(libinit2.o)
    0x080001d0   0x00000000   Code   RO         4049    .ARM.Collect$$libinit$$00000021  c_w.l(libinit2.o)
    0x080001d0   0x00000000   Code   RO         4051    .ARM.Collect$$libinit$$00000023  c_w.l(libinit2.o)
    0x080001d0   0x00000000   Code   RO         4053    .ARM.Collect$$libinit$$00000025  c_w.l(libinit2.o)
    0x080001d0   0x00000000   Code   RO         4057    .ARM.Collect$$libinit$$0000002C  c_w.l(libinit2.o)
    0x080001d0   0x00000000   Code   RO         4059    .ARM.Collect$$libinit$$0000002E  c_w.l(libinit2.o)
    0x080001d0   0x00000000   Code   RO         4061    .ARM.Collect$$libinit$$00000030  c_w.l(libinit2.o)
    0x080001d0   0x00000000   Code   RO         4063    .ARM.Collect$$libinit$$00000032  c_w.l(libinit2.o)
    0x080001d0   0x00000002   Code   RO         4064    .ARM.Collect$$libinit$$00000033  c_w.l(libinit2.o)
    0x080001d2   0x00000002   Code   RO         4084    .ARM.Collect$$libshutdown$$00000000  c_w.l(libshutdown.o)
    0x080001d4   0x00000000   Code   RO         4098    .ARM.Collect$$libshutdown$$00000003  c_w.l(libshutdown2.o)
    0x080001d4   0x00000000   Code   RO         4101    .ARM.Collect$$libshutdown$$00000006  c_w.l(libshutdown2.o)
    0x080001d4   0x00000000   Code   RO         4104    .ARM.Collect$$libshutdown$$00000009  c_w.l(libshutdown2.o)
    0x080001d4   0x00000000   Code   RO         4106    .ARM.Collect$$libshutdown$$0000000B  c_w.l(libshutdown2.o)
    0x080001d4   0x00000000   Code   RO         4109    .ARM.Collect$$libshutdown$$0000000E  c_w.l(libshutdown2.o)
    0x080001d4   0x00000002   Code   RO         4110    .ARM.Collect$$libshutdown$$0000000F  c_w.l(libshutdown2.o)
    0x080001d6   0x00000000   Code   RO         3856    .ARM.Collect$$rtentry$$00000000  c_w.l(__rtentry.o)
    0x080001d6   0x00000000   Code   RO         3928    .ARM.Collect$$rtentry$$00000002  c_w.l(__rtentry2.o)
    0x080001d6   0x00000006   Code   RO         3940    .ARM.Collect$$rtentry$$00000004  c_w.l(__rtentry4.o)
    0x080001dc   0x00000000   Code   RO         3930    .ARM.Collect$$rtentry$$00000009  c_w.l(__rtentry2.o)
    0x080001dc   0x00000004   Code   RO         3931    .ARM.Collect$$rtentry$$0000000A  c_w.l(__rtentry2.o)
    0x080001e0   0x00000000   Code   RO         3933    .ARM.Collect$$rtentry$$0000000C  c_w.l(__rtentry2.o)
    0x080001e0   0x00000008   Code   RO         3934    .ARM.Collect$$rtentry$$0000000D  c_w.l(__rtentry2.o)
    0x080001e8   0x00000002   Code   RO         4018    .ARM.Collect$$rtexit$$00000000  c_w.l(rtexit.o)
    0x080001ea   0x00000000   Code   RO         4066    .ARM.Collect$$rtexit$$00000002  c_w.l(rtexit2.o)
    0x080001ea   0x00000004   Code   RO         4067    .ARM.Collect$$rtexit$$00000003  c_w.l(rtexit2.o)
    0x080001ee   0x00000006   Code   RO         4068    .ARM.Collect$$rtexit$$00000004  c_w.l(rtexit2.o)
    0x080001f4   0x00000040   Code   RO            4    .text               startup_stm32f103xb.o
    0x08000234   0x00000038   Code   RO         3767    .text               c_w.l(__2snprintf.o)
    0x0800026c   0x0000004e   Code   RO         3773    .text               c_w.l(_printf_pad.o)
    0x080002ba   0x00000052   Code   RO         3775    .text               c_w.l(_printf_str.o)
    0x0800030c   0x00000078   Code   RO         3777    .text               c_w.l(_printf_dec.o)
    0x08000384   0x00000094   Code   RO         3797    .text               c_w.l(_printf_hex_int_ll_ptr.o)
    0x08000418   0x00000188   Code   RO         3817    .text               c_w.l(__printf_flags_ss_wp.o)
    0x080005a0   0x0000001a   Code   RO         3825    .text               c_w.l(atoi.o)
    0x080005ba   0x00000002   PAD
    0x080005bc   0x0000000c   Code   RO         3827    .text               c_w.l(strtok.o)
    0x080005c8   0x00000014   Code   RO         3830    .text               c_w.l(strchr.o)
    0x080005dc   0x00000032   Code   RO         3832    .text               c_w.l(strncasecmp.o)
    0x0800060e   0x0000002a   Code   RO         3834    .text               c_w.l(strcasecmp.o)
    0x08000638   0x0000003e   Code   RO         3836    .text               c_w.l(strlen.o)
    0x08000676   0x00000096   Code   RO         3838    .text               c_w.l(strncmp.o)
    0x0800070c   0x0000008a   Code   RO         3840    .text               c_w.l(rt_memcpy_v6.o)
    0x08000796   0x00000084   Code   RO         3842    .text               c_w.l(rt_memmove_v6.o)
    0x0800081a   0x00000044   Code   RO         3844    .text               c_w.l(rt_memclr.o)
    0x0800085e   0x0000004e   Code   RO         3846    .text               c_w.l(rt_memclr_w.o)
    0x080008ac   0x00000056   Code   RO         3848    .text               c_w.l(strncpy.o)
    0x08000902   0x00000002   PAD
    0x08000904   0x00000080   Code   RO         3850    .text               c_w.l(strcmpv7m.o)
    0x08000984   0x00000006   Code   RO         3852    .text               c_w.l(heapauxi.o)
    0x0800098a   0x00000002   PAD
    0x0800098c   0x00000008   Code   RO         3860    .text               c_w.l(rt_errno_addr_intlibspace.o)
    0x08000994   0x0000001a   Code   RO         3862    .text               c_w.l(tolower.o)
    0x080009ae   0x000000b2   Code   RO         3866    .text               c_w.l(_printf_intcommon.o)
    0x08000a60   0x00000030   Code   RO         3870    .text               c_w.l(_printf_char_common.o)
    0x08000a90   0x0000000a   Code   RO         3872    .text               c_w.l(_sputc.o)
    0x08000a9a   0x00000010   Code   RO         3874    .text               c_w.l(_snputc.o)
    0x08000aaa   0x0000002c   Code   RO         3876    .text               c_w.l(_printf_char.o)
    0x08000ad6   0x00000070   Code   RO         3908    .text               c_w.l(strtol.o)
    0x08000b46   0x00000002   PAD
    0x08000b48   0x00000044   Code   RO         3910    .text               c_w.l(strtok_int.o)
    0x08000b8c   0x00000064   Code   RO         3912    .text               c_w.l(rt_memcpy_w.o)
    0x08000bf0   0x0000007a   Code   RO         3914    .text               c_w.l(rt_memmove_w.o)
    0x08000c6a   0x00000002   PAD
    0x08000c6c   0x00000008   Code   RO         3924    .text               c_w.l(libspace.o)
    0x08000c74   0x00000010   Code   RO         3942    .text               c_w.l(rt_ctype_table.o)
    0x08000c84   0x0000009e   Code   RO         3955    .text               c_w.l(_strtoul.o)
    0x08000d22   0x00000020   Code   RO         3959    .text               c_w.l(strcspn.o)
    0x08000d42   0x0000001c   Code   RO         3961    .text               c_w.l(strspn.o)
    0x08000d5e   0x0000004a   Code   RO         3963    .text               c_w.l(sys_stackheap_outer.o)
    0x08000da8   0x00000008   Code   RO         3968    .text               c_w.l(rt_locale_intlibspace.o)
    0x08000db0   0x0000001c   Code   RO         3972    .text               c_w.l(_chval.o)
    0x08000dcc   0x0000000c   Code   RO         4005    .text               c_w.l(exit.o)
    0x08000dd8   0x0000000c   Code   RO         4076    .text               c_w.l(sys_exit.o)
    0x08000de4   0x00000002   Code   RO         4087    .text               c_w.l(use_no_semi.o)
    0x08000de6   0x00000000   Code   RO         4089    .text               c_w.l(indicate_semi.o)
    0x08000de6   0x00000002   Code   RO          281    i.BusFault_Handler  stm32f1xx_it.o
    0x08000de8   0x00000004   Code   RO          539    i.CDC_Control_FS    usbd_cdc_if.o
    0x08000dec   0x00000004   Code   RO          540    i.CDC_DeInit_FS     usbd_cdc_if.o
    0x08000df0   0x0000041c   Code   RO          541    i.CDC_Init_FS       usbd_cdc_if.o
    0x0800120c   0x00000024   Code   RO          542    i.CDC_Receive_FS    usbd_cdc_if.o
    0x08001230   0x0000002c   Code   RO          543    i.CDC_Transmit_FS   usbd_cdc_if.o
    0x0800125c   0x00000022   Code   RO          544    i.CFG_CheckCRC16LE  usbd_cdc_if.o
    0x0800127e   0x00000030   Code   RO          545    i.CFG_SendResp      usbd_cdc_if.o
    0x080012ae   0x00000002   PAD
    0x080012b0   0x00000042   Code   RO          546    i.CRC16_CCITT_FALSE  usbd_cdc_if.o
    0x080012f2   0x00000002   Code   RO          282    i.DebugMon_Handler  stm32f1xx_it.o
    0x080012f4   0x0000003c   Code   RO          283    i.EXTI3_IRQHandler  stm32f1xx_it.o
    0x08001330   0x00000004   Code   RO           13    i.Error_Handler     main.o
    0x08001334   0x00000046   Code   RO         2002    i.HAL_DMA_Abort     stm32f1xx_hal_dma.o
    0x0800137a   0x00000002   PAD
    0x0800137c   0x00000098   Code   RO         2003    i.HAL_DMA_Abort_IT  stm32f1xx_hal_dma.o
    0x08001414   0x00000024   Code   RO         1628    i.HAL_Delay         stm32f1xx_hal.o
    0x08001438   0x000001e0   Code   RO         1938    i.HAL_GPIO_Init     stm32f1xx_hal_gpio.o
    0x08001618   0x0000000a   Code   RO         1940    i.HAL_GPIO_ReadPin  stm32f1xx_hal_gpio.o
    0x08001622   0x0000000a   Code   RO         1942    i.HAL_GPIO_WritePin  stm32f1xx_hal_gpio.o
    0x0800162c   0x0000000c   Code   RO         1632    i.HAL_GetTick       stm32f1xx_hal.o
    0x08001638   0x00000188   Code   RO         2609    i.HAL_I2C_Init      stm32f1xx_hal_i2c.o
    0x080017c0   0x0000016c   Code   RO         2610    i.HAL_I2C_IsDeviceReady  stm32f1xx_hal_i2c.o
    0x0800192c   0x00000250   Code   RO         2615    i.HAL_I2C_Master_Receive  stm32f1xx_hal_i2c.o
    0x08001b7c   0x0000012c   Code   RO         2622    i.HAL_I2C_Master_Transmit  stm32f1xx_hal_i2c.o
    0x08001ca8   0x0000025c   Code   RO         2627    i.HAL_I2C_Mem_Read  stm32f1xx_hal_i2c.o
    0x08001f04   0x00000130   Code   RO         2630    i.HAL_I2C_Mem_Write  stm32f1xx_hal_i2c.o
    0x08002034   0x00000060   Code   RO          198    i.HAL_I2C_MspInit   i2c.o
    0x08002094   0x00000010   Code   RO         1638    i.HAL_IncTick       stm32f1xx_hal.o
    0x080020a4   0x00000024   Code   RO         1639    i.HAL_Init          stm32f1xx_hal.o
    0x080020c8   0x00000040   Code   RO         1640    i.HAL_InitTick      stm32f1xx_hal.o
    0x08002108   0x0000003c   Code   RO          398    i.HAL_MspInit       stm32f1xx_hal_msp.o
    0x08002144   0x0000001a   Code   RO         2098    i.HAL_NVIC_EnableIRQ  stm32f1xx_hal_cortex.o
    0x0800215e   0x00000002   PAD
    0x08002160   0x00000040   Code   RO         2104    i.HAL_NVIC_SetPriority  stm32f1xx_hal_cortex.o
    0x080021a0   0x00000024   Code   RO         2105    i.HAL_NVIC_SetPriorityGrouping  stm32f1xx_hal_cortex.o
    0x080021c4   0x0000003c   Code   RO         1395    i.HAL_PCDEx_PMAConfig  stm32f1xx_hal_pcd_ex.o
    0x08002200   0x00000002   Code   RO          908    i.HAL_PCDEx_SetConnectionState  usbd_conf.o
    0x08002202   0x00000012   Code   RO          910    i.HAL_PCD_DataInStageCallback  usbd_conf.o
    0x08002214   0x00000014   Code   RO          911    i.HAL_PCD_DataOutStageCallback  usbd_conf.o
    0x08002228   0x0000004a   Code   RO         1166    i.HAL_PCD_EP_Close  stm32f1xx_hal_pcd.o
    0x08002272   0x0000005a   Code   RO         1167    i.HAL_PCD_EP_ClrStall  stm32f1xx_hal_pcd.o
    0x080022cc   0x000000e6   Code   RO         1168    i.HAL_PCD_EP_DB_Receive  stm32f1xx_hal_pcd.o
    0x080023b2   0x00000338   Code   RO         1169    i.HAL_PCD_EP_DB_Transmit  stm32f1xx_hal_pcd.o
    0x080026ea   0x00000012   Code   RO         1171    i.HAL_PCD_EP_GetRxCount  stm32f1xx_hal_pcd.o
    0x080026fc   0x00000058   Code   RO         1172    i.HAL_PCD_EP_Open   stm32f1xx_hal_pcd.o
    0x08002754   0x0000002e   Code   RO         1173    i.HAL_PCD_EP_Receive  stm32f1xx_hal_pcd.o
    0x08002782   0x00000070   Code   RO         1174    i.HAL_PCD_EP_SetStall  stm32f1xx_hal_pcd.o
    0x080027f2   0x0000002e   Code   RO         1175    i.HAL_PCD_EP_Transmit  stm32f1xx_hal_pcd.o
    0x08002820   0x00000134   Code   RO         1177    i.HAL_PCD_IRQHandler  stm32f1xx_hal_pcd.o
    0x08002954   0x000000ba   Code   RO         1180    i.HAL_PCD_Init      stm32f1xx_hal_pcd.o
    0x08002a0e   0x00000002   PAD
    0x08002a10   0x0000003c   Code   RO          916    i.HAL_PCD_MspInit   usbd_conf.o
    0x08002a4c   0x00000026   Code   RO          917    i.HAL_PCD_ResetCallback  usbd_conf.o
    0x08002a72   0x00000008   Code   RO          918    i.HAL_PCD_ResumeCallback  usbd_conf.o
    0x08002a7a   0x00000008   Code   RO          919    i.HAL_PCD_SOFCallback  usbd_conf.o
    0x08002a82   0x00000026   Code   RO         1186    i.HAL_PCD_SetAddress  stm32f1xx_hal_pcd.o
    0x08002aa8   0x0000000e   Code   RO          920    i.HAL_PCD_SetupStageCallback  usbd_conf.o
    0x08002ab6   0x00000032   Code   RO         1188    i.HAL_PCD_Start     stm32f1xx_hal_pcd.o
    0x08002ae8   0x00000024   Code   RO          921    i.HAL_PCD_SuspendCallback  usbd_conf.o
    0x08002b0c   0x000000ec   Code   RO         1900    i.HAL_RCCEx_PeriphCLKConfig  stm32f1xx_hal_rcc_ex.o
    0x08002bf8   0x0000012c   Code   RO         1796    i.HAL_RCC_ClockConfig  stm32f1xx_hal_rcc.o
    0x08002d24   0x00000020   Code   RO         1803    i.HAL_RCC_GetPCLK1Freq  stm32f1xx_hal_rcc.o
    0x08002d44   0x0000004c   Code   RO         1805    i.HAL_RCC_GetSysClockFreq  stm32f1xx_hal_rcc.o
    0x08002d90   0x00000320   Code   RO         1808    i.HAL_RCC_OscConfig  stm32f1xx_hal_rcc.o
    0x080030b0   0x00000120   Code   RO         3035    i.HAL_SPI_Abort     stm32f1xx_hal_spi.o
    0x080031d0   0x00000038   Code   RO          547    i.HAL_SPI_ErrorCallback  usbd_cdc_if.o
    0x08003208   0x000000e0   Code   RO         3045    i.HAL_SPI_IRQHandler  stm32f1xx_hal_spi.o
    0x080032e8   0x000000b2   Code   RO         3046    i.HAL_SPI_Init      stm32f1xx_hal_spi.o
    0x0800339a   0x00000002   PAD
    0x0800339c   0x00000064   Code   RO          240    i.HAL_SPI_MspInit   spi.o
    0x08003400   0x000000a8   Code   RO         3051    i.HAL_SPI_Receive_IT  stm32f1xx_hal_spi.o
    0x080034a8   0x000000a0   Code   RO          548    i.HAL_SPI_RxCpltCallback  usbd_cdc_if.o
    0x08003548   0x0000009c   Code   RO         3057    i.HAL_SPI_TransmitReceive_IT  stm32f1xx_hal_spi.o
    0x080035e4   0x00000002   Code   RO         3062    i.HAL_SPI_TxRxCpltCallback  stm32f1xx_hal_spi.o
    0x080035e6   0x00000028   Code   RO         2109    i.HAL_SYSTICK_Config  stm32f1xx_hal_cortex.o
    0x0800360e   0x00000002   Code   RO          284    i.HardFault_Handler  stm32f1xx_it.o
    0x08003610   0x0000002e   Code   RO         2652    i.I2C_IsAcknowledgeFailed  stm32f1xx_hal_i2c.o
    0x0800363e   0x00000002   PAD
    0x08003640   0x000000ec   Code   RO         2655    i.I2C_MasterRequestRead  stm32f1xx_hal_i2c.o
    0x0800372c   0x0000009c   Code   RO         2656    i.I2C_MasterRequestWrite  stm32f1xx_hal_i2c.o
    0x080037c8   0x000000fc   Code   RO         2662    i.I2C_RequestMemoryRead  stm32f1xx_hal_i2c.o
    0x080038c4   0x000000a8   Code   RO         2663    i.I2C_RequestMemoryWrite  stm32f1xx_hal_i2c.o
    0x0800396c   0x00000056   Code   RO         2667    i.I2C_WaitOnBTFFlagUntilTimeout  stm32f1xx_hal_i2c.o
    0x080039c2   0x00000002   PAD
    0x080039c4   0x00000090   Code   RO         2668    i.I2C_WaitOnFlagUntilTimeout  stm32f1xx_hal_i2c.o
    0x08003a54   0x000000bc   Code   RO         2669    i.I2C_WaitOnMasterAddressFlagUntilTimeout  stm32f1xx_hal_i2c.o
    0x08003b10   0x00000070   Code   RO         2670    i.I2C_WaitOnRXNEFlagUntilTimeout  stm32f1xx_hal_i2c.o
    0x08003b80   0x00000056   Code   RO         2671    i.I2C_WaitOnTXEFlagUntilTimeout  stm32f1xx_hal_i2c.o
    0x08003bd6   0x00000002   PAD
    0x08003bd8   0x00000038   Code   RO          453    i.IntToUnicode      usbd_desc.o
    0x08003c10   0x000000a8   Code   RO          549    i.MSG_BufferFlush   usbd_cdc_if.o
    0x08003cb8   0x00000098   Code   RO          550    i.MSG_BufferWrite   usbd_cdc_if.o
    0x08003d50   0x00000070   Code   RO          551    i.MXT_ApplyStartupDebugCtrl  usbd_cdc_if.o
    0x08003dc0   0x000001e0   Code   RO          552    i.MXT_CheckAndProcessMessages  usbd_cdc_if.o
    0x08003fa0   0x00000024   Code   RO          553    i.MXT_DelayUs       usbd_cdc_if.o
    0x08003fc4   0x000001c4   Code   RO          554    i.MXT_ExportConfigAsBin  usbd_cdc_if.o
    0x08004188   0x00000218   Code   RO          555    i.MXT_ExportConfigAsTxt  usbd_cdc_if.o
    0x080043a0   0x00000054   Code   RO          556    i.MXT_FindI2CAddress  usbd_cdc_if.o
    0x080043f4   0x00000014   Code   RO          557    i.MXT_FlushMessageBuffer  usbd_cdc_if.o
    0x08004408   0x00000088   Code   RO          559    i.MXT_GetObjectAddr  usbd_cdc_if.o
    0x08004490   0x0000001c   Code   RO          560    i.MXT_I2C_Probe     usbd_cdc_if.o
    0x080044ac   0x00000020   Code   RO          561    i.MXT_I2C_Read      usbd_cdc_if.o
    0x080044cc   0x00000020   Code   RO          562    i.MXT_I2C_Write     usbd_cdc_if.o
    0x080044ec   0x0000002c   Code   RO          563    i.MXT_InitTouchScreen  usbd_cdc_if.o
    0x08004518   0x00000180   Code   RO          565    i.MXT_OutputDiagnosticData  usbd_cdc_if.o
    0x08004698   0x000000fc   Code   RO          566    i.MXT_OutputMap16   usbd_cdc_if.o
    0x08004794   0x000001bc   Code   RO          567    i.MXT_OutputMap16Transformed  usbd_cdc_if.o
    0x08004950   0x000000dc   Code   RO          568    i.MXT_OutputMapAll  usbd_cdc_if.o
    0x08004a2c   0x00000374   Code   RO          569    i.MXT_ParseMessage  usbd_cdc_if.o
    0x08004da0   0x00000004   Code   RO          570    i.MXT_ProcessCommand  usbd_cdc_if.o
    0x08004da4   0x0000008c   Code   RO          571    i.MXT_ProcessControlPending  usbd_cdc_if.o
    0x08004e30   0x000000e4   Code   RO          572    i.MXT_ProcessSPICheck  usbd_cdc_if.o
    0x08004f14   0x00000114   Code   RO          573    i.MXT_ReadCompleteDiagnosticFrame  usbd_cdc_if.o
    0x08005028   0x00000074   Code   RO          574    i.MXT_ReadInfoBlock  usbd_cdc_if.o
    0x0800509c   0x000001e4   Code   RO          575    i.MXT_ReadObjectTable  usbd_cdc_if.o
    0x08005280   0x00000108   Code   RO          576    i.MXT_ReadT100UnknownFields  usbd_cdc_if.o
    0x08005388   0x000001c0   Code   RO          577    i.MXT_ReadT37Page   usbd_cdc_if.o
    0x08005548   0x00000060   Code   RO          578    i.MXT_SPI_StartIT   usbd_cdc_if.o
    0x080055a8   0x00000204   Code   RO          579    i.MXT_SendMode3Packets  usbd_cdc_if.o
    0x080057ac   0x0000011c   Code   RO          580    i.MXT_SendSelfCapMode3Packets  usbd_cdc_if.o
    0x080058c8   0x00000010   Code   RO          581    i.MXT_SetChgPending  usbd_cdc_if.o
    0x080058d8   0x00000098   Code   RO          583    i.MXT_TimerDiagnosticRead  usbd_cdc_if.o
    0x08005970   0x00000134   Code   RO          173    i.MX_GPIO_Init      gpio.o
    0x08005aa4   0x00000040   Code   RO          199    i.MX_I2C2_Init      i2c.o
    0x08005ae4   0x00000040   Code   RO          241    i.MX_SPI1_Init      spi.o
    0x08005b24   0x00000054   Code   RO          422    i.MX_USB_DEVICE_Init  usb_device.o
    0x08005b78   0x0000003c   Code   RO          584    i.Map16_CalcCRC16   usbd_cdc_if.o
    0x08005bb4   0x00000002   Code   RO          285    i.MemManage_Handler  stm32f1xx_it.o
    0x08005bb6   0x00000002   Code   RO          286    i.NMI_Handler       stm32f1xx_it.o
    0x08005bb8   0x000003a6   Code   RO         1192    i.PCD_EP_ISR_Handler  stm32f1xx_hal_pcd.o
    0x08005f5e   0x00000002   Code   RO          287    i.PendSV_Handler    stm32f1xx_it.o
    0x08005f60   0x00000778   Code   RO          585    i.ProcessBridgePacket  usbd_cdc_if.o
    0x080066d8   0x00002050   Code   RO          586    i.ProcessPendingCommand  usbd_cdc_if.o
    0x08008728   0x00000064   Code   RO          587    i.ProcessStringCommand  usbd_cdc_if.o
    0x0800878c   0x0000000c   Code   RO          288    i.SPI1_IRQHandler   stm32f1xx_it.o
    0x08008798   0x0000005c   Code   RO          588    i.SPIUSB_HexEnqueueByte  usbd_cdc_if.o
    0x080087f4   0x00000030   Code   RO          589    i.SPIUSB_LineEnqueue  usbd_cdc_if.o
    0x08008824   0x00000048   Code   RO          590    i.SPIUSB_ResetState  usbd_cdc_if.o
    0x0800886c   0x00000058   Code   RO          591    i.SPIUSB_Start1_HandlePageMarker  usbd_cdc_if.o
    0x080088c4   0x000000a8   Code   RO          592    i.SPIUSB_Start1_ProcessPayloadByte  usbd_cdc_if.o
    0x0800896c   0x000000a4   Code   RO          593    i.SPIUSB_Start3_EmitRowPacket  usbd_cdc_if.o
    0x08008a10   0x00000034   Code   RO          594    i.SPIUSB_TryFlush   usbd_cdc_if.o
    0x08008a44   0x00000030   Code   RO         3064    i.SPI_2linesRxISR_16BIT  stm32f1xx_hal_spi.o
    0x08008a74   0x00000030   Code   RO         3065    i.SPI_2linesRxISR_8BIT  stm32f1xx_hal_spi.o
    0x08008aa4   0x00000030   Code   RO         3066    i.SPI_2linesTxISR_16BIT  stm32f1xx_hal_spi.o
    0x08008ad4   0x00000030   Code   RO         3067    i.SPI_2linesTxISR_8BIT  stm32f1xx_hal_spi.o
    0x08008b04   0x00000058   Code   RO         3068    i.SPI_AbortRx_ISR   stm32f1xx_hal_spi.o
    0x08008b5c   0x0000001c   Code   RO         3069    i.SPI_AbortTx_ISR   stm32f1xx_hal_spi.o
    0x08008b78   0x00000090   Code   RO         3070    i.SPI_CloseRxTx_ISR  stm32f1xx_hal_spi.o
    0x08008c08   0x0000004c   Code   RO         3071    i.SPI_CloseRx_ISR   stm32f1xx_hal_spi.o
    0x08008c54   0x00000010   Code   RO         3073    i.SPI_DMAAbortOnError  stm32f1xx_hal_spi.o
    0x08008c64   0x0000005c   Code   RO         3083    i.SPI_EndRxTransaction  stm32f1xx_hal_spi.o
    0x08008cc0   0x00000034   Code   RO         3084    i.SPI_EndRxTxTransaction  stm32f1xx_hal_spi.o
    0x08008cf4   0x00000020   Code   RO         3085    i.SPI_RxISR_16BIT   stm32f1xx_hal_spi.o
    0x08008d14   0x00000020   Code   RO         3086    i.SPI_RxISR_8BIT    stm32f1xx_hal_spi.o
    0x08008d34   0x000000b8   Code   RO         3089    i.SPI_WaitFlagStateUntilTimeout  stm32f1xx_hal_spi.o
    0x08008dec   0x00000002   Code   RO          289    i.SVC_Handler       stm32f1xx_it.o
    0x08008dee   0x00000002   PAD
    0x08008df0   0x0000004c   Code   RO          595    i.SendResponse      usbd_cdc_if.o
    0x08008e3c   0x00000004   Code   RO          290    i.SysTick_Handler   stm32f1xx_it.o
    0x08008e40   0x00000076   Code   RO           14    i.SystemClock_Config  main.o
    0x08008eb6   0x00000002   Code   RO         3358    i.SystemInit        system_stm32f1xx.o
    0x08008eb8   0x00000046   Code   RO         3658    i.USBD_CDC_DataIn   usbd_cdc.o
    0x08008efe   0x0000002e   Code   RO         3659    i.USBD_CDC_DataOut  usbd_cdc.o
    0x08008f2c   0x00000044   Code   RO         3660    i.USBD_CDC_DeInit   usbd_cdc.o
    0x08008f70   0x00000024   Code   RO         3661    i.USBD_CDC_EP0_RxReady  usbd_cdc.o
    0x08008f94   0x0000000c   Code   RO         3662    i.USBD_CDC_GetDeviceQualifierDescriptor  usbd_cdc.o
    0x08008fa0   0x0000000c   Code   RO         3663    i.USBD_CDC_GetFSCfgDesc  usbd_cdc.o
    0x08008fac   0x0000000c   Code   RO         3664    i.USBD_CDC_GetHSCfgDesc  usbd_cdc.o
    0x08008fb8   0x0000000c   Code   RO         3665    i.USBD_CDC_GetOtherSpeedCfgDesc  usbd_cdc.o
    0x08008fc4   0x00000094   Code   RO         3666    i.USBD_CDC_Init     usbd_cdc.o
    0x08009058   0x00000028   Code   RO         3667    i.USBD_CDC_ReceivePacket  usbd_cdc.o
    0x08009080   0x00000010   Code   RO         3668    i.USBD_CDC_RegisterInterface  usbd_cdc.o
    0x08009090   0x0000000c   Code   RO         3669    i.USBD_CDC_SetRxBuffer  usbd_cdc.o
    0x0800909c   0x00000010   Code   RO         3670    i.USBD_CDC_SetTxBuffer  usbd_cdc.o
    0x080090ac   0x000000ac   Code   RO         3671    i.USBD_CDC_Setup    usbd_cdc.o
    0x08009158   0x00000036   Code   RO         3672    i.USBD_CDC_TransmitPacket  usbd_cdc.o
    0x0800918e   0x0000000e   Code   RO         3395    i.USBD_ClrClassConfig  usbd_core.o
    0x0800919c   0x00000010   Code   RO         3598    i.USBD_CtlContinueRx  usbd_ioreq.o
    0x080091ac   0x00000010   Code   RO         3599    i.USBD_CtlContinueSendData  usbd_ioreq.o
    0x080091bc   0x00000016   Code   RO         3533    i.USBD_CtlError     usbd_ctlreq.o
    0x080091d2   0x0000001e   Code   RO         3600    i.USBD_CtlPrepareRx  usbd_ioreq.o
    0x080091f0   0x00000016   Code   RO         3601    i.USBD_CtlReceiveStatus  usbd_ioreq.o
    0x08009206   0x0000001a   Code   RO         3602    i.USBD_CtlSendData  usbd_ioreq.o
    0x08009220   0x00000016   Code   RO         3603    i.USBD_CtlSendStatus  usbd_ioreq.o
    0x08009236   0x00000002   PAD
    0x08009238   0x00000020   Code   RO          454    i.USBD_FS_ConfigStrDescriptor  usbd_desc.o
    0x08009258   0x0000000c   Code   RO          455    i.USBD_FS_DeviceDescriptor  usbd_desc.o
    0x08009264   0x00000024   Code   RO          456    i.USBD_FS_InterfaceStrDescriptor  usbd_desc.o
    0x08009288   0x0000000c   Code   RO          457    i.USBD_FS_LangIDStrDescriptor  usbd_desc.o
    0x08009294   0x00000028   Code   RO          458    i.USBD_FS_ManufacturerStrDescriptor  usbd_desc.o
    0x080092bc   0x0000002c   Code   RO          459    i.USBD_FS_ProductStrDescriptor  usbd_desc.o
    0x080092e8   0x00000038   Code   RO          460    i.USBD_FS_SerialStrDescriptor  usbd_desc.o
    0x08009320   0x000000e8   Code   RO         3534    i.USBD_GetDescriptor  usbd_ctlreq.o
    0x08009408   0x00000048   Code   RO         3535    i.USBD_GetString    usbd_ctlreq.o
    0x08009450   0x00000018   Code   RO          922    i.USBD_Get_USB_Status  usbd_conf.o
    0x08009468   0x0000002a   Code   RO         3397    i.USBD_Init         usbd_core.o
    0x08009492   0x00000012   Code   RO          923    i.USBD_LL_ClearStallEP  usbd_conf.o
    0x080094a4   0x00000012   Code   RO          924    i.USBD_LL_CloseEP   usbd_conf.o
    0x080094b6   0x000000c6   Code   RO         3398    i.USBD_LL_DataInStage  usbd_core.o
    0x0800957c   0x00000082   Code   RO         3399    i.USBD_LL_DataOutStage  usbd_core.o
    0x080095fe   0x00000008   Code   RO          928    i.USBD_LL_GetRxDataSize  usbd_conf.o
    0x08009606   0x00000002   PAD
    0x08009608   0x00000080   Code   RO          929    i.USBD_LL_Init      usbd_conf.o
    0x08009688   0x0000001e   Code   RO          930    i.USBD_LL_IsStallEP  usbd_conf.o
    0x080096a6   0x00000018   Code   RO          931    i.USBD_LL_OpenEP    usbd_conf.o
    0x080096be   0x00000012   Code   RO          932    i.USBD_LL_PrepareReceive  usbd_conf.o
    0x080096d0   0x00000050   Code   RO         3404    i.USBD_LL_Reset     usbd_core.o
    0x08009720   0x00000014   Code   RO         3405    i.USBD_LL_Resume    usbd_core.o
    0x08009734   0x00000018   Code   RO         3406    i.USBD_LL_SOF       usbd_core.o
    0x0800974c   0x00000006   Code   RO         3407    i.USBD_LL_SetSpeed  usbd_core.o
    0x08009752   0x00000012   Code   RO          933    i.USBD_LL_SetUSBAddress  usbd_conf.o
    0x08009764   0x0000005a   Code   RO         3408    i.USBD_LL_SetupStage  usbd_core.o
    0x080097be   0x00000012   Code   RO          934    i.USBD_LL_StallEP   usbd_conf.o
    0x080097d0   0x00000012   Code   RO          935    i.USBD_LL_Start     usbd_conf.o
    0x080097e2   0x00000012   Code   RO         3409    i.USBD_LL_Suspend   usbd_core.o
    0x080097f4   0x00000012   Code   RO          937    i.USBD_LL_Transmit  usbd_conf.o
    0x08009806   0x00000028   Code   RO         3536    i.USBD_ParseSetupRequest  usbd_ctlreq.o
    0x0800982e   0x00000010   Code   RO         3410    i.USBD_RegisterClass  usbd_core.o
    0x0800983e   0x00000016   Code   RO         3412    i.USBD_SetClassConfig  usbd_core.o
    0x08009854   0x00000084   Code   RO         3537    i.USBD_SetConfig    usbd_ctlreq.o
    0x080098d8   0x0000000a   Code   RO         3413    i.USBD_Start        usbd_core.o
    0x080098e2   0x00000112   Code   RO         3538    i.USBD_StdDevReq    usbd_ctlreq.o
    0x080099f4   0x00000150   Code   RO         3539    i.USBD_StdEPReq     usbd_ctlreq.o
    0x08009b44   0x0000004e   Code   RO         3540    i.USBD_StdItfReq    usbd_ctlreq.o
    0x08009b92   0x00000002   Code   RO          938    i.USBD_static_free  usbd_conf.o
    0x08009b94   0x00000008   Code   RO          939    i.USBD_static_malloc  usbd_conf.o
    0x08009b9c   0x0000029c   Code   RO         1435    i.USB_ActivateEndpoint  stm32f1xx_ll_usb.o
    0x08009e38   0x00000004   Code   RO         1438    i.USB_CoreInit      stm32f1xx_ll_usb.o
    0x08009e3c   0x0000010e   Code   RO         1440    i.USB_DeactivateEndpoint  stm32f1xx_ll_usb.o
    0x08009f4a   0x00000004   Code   RO         1441    i.USB_DevConnect    stm32f1xx_ll_usb.o
    0x08009f4e   0x00000004   Code   RO         1442    i.USB_DevDisconnect  stm32f1xx_ll_usb.o
    0x08009f52   0x00000012   Code   RO         1443    i.USB_DevInit       stm32f1xx_ll_usb.o
    0x08009f64   0x0000000e   Code   RO         1444    i.USB_DisableGlobalInt  stm32f1xx_ll_usb.o
    0x08009f72   0x00000004   Code   RO         1445    i.USB_EP0_OutStart  stm32f1xx_ll_usb.o
    0x08009f76   0x00000078   Code   RO         1446    i.USB_EPClearStall  stm32f1xx_ll_usb.o
    0x08009fee   0x00000032   Code   RO         1447    i.USB_EPSetStall    stm32f1xx_ll_usb.o
    0x0800a020   0x000004e2   Code   RO         1448    i.USB_EPStartXfer   stm32f1xx_ll_usb.o
    0x0800a502   0x00000012   Code   RO         1450    i.USB_EnableGlobalInt  stm32f1xx_ll_usb.o
    0x0800a514   0x0000000c   Code   RO          291    i.USB_HP_CAN1_TX_IRQHandler  stm32f1xx_it.o
    0x0800a520   0x0000000c   Code   RO          292    i.USB_LP_CAN1_RX0_IRQHandler  stm32f1xx_it.o
    0x0800a52c   0x00000006   Code   RO         1457    i.USB_ReadInterrupts  stm32f1xx_ll_usb.o
    0x0800a532   0x00000002   PAD
    0x0800a534   0x0000002c   Code   RO         1458    i.USB_ReadPMA       stm32f1xx_ll_usb.o
    0x0800a560   0x00000028   Code   RO          601    i.USB_SendString    usbd_cdc_if.o
    0x0800a588   0x00000004   Code   RO         1459    i.USB_SetCurrentMode  stm32f1xx_ll_usb.o
    0x0800a58c   0x0000000c   Code   RO         1460    i.USB_SetDevAddress  stm32f1xx_ll_usb.o
    0x0800a598   0x00000026   Code   RO         1462    i.USB_WritePMA      stm32f1xx_ll_usb.o
    0x0800a5be   0x00000002   Code   RO          293    i.UsageFault_Handler  stm32f1xx_it.o
    0x0800a5c0   0x00000020   Code   RO         2111    i.__NVIC_SetPriority  stm32f1xx_hal_cortex.o
    0x0800a5e0   0x0000000e   Code   RO         3810    i._is_digit         c_w.l(__printf_wp.o)
    0x0800a5ee   0x00000002   PAD
    0x0800a5f0   0x00000080   Code   RO           15    i.main              main.o
    0x0800a670   0x0000002c   Code   RO         4000    locale$$code        c_w.l(lc_ctype_c.o)
    0x0800a69c   0x00000004   Data   RO          604    .constdata          usbd_cdc_if.o
    0x0800a6a0   0x00000012   Data   RO         1809    .constdata          stm32f1xx_hal_rcc.o
    0x0800a6b2   0x00000010   Data   RO         3359    .constdata          system_stm32f1xx.o
    0x0800a6c2   0x00000008   Data   RO         3360    .constdata          system_stm32f1xx.o
    0x0800a6ca   0x00000028   Data   RO         3798    .constdata          c_w.l(_printf_hex_int_ll_ptr.o)
    0x0800a6f2   0x00000011   Data   RO         3818    .constdata          c_w.l(__printf_flags_ss_wp.o)
    0x0800a703   0x00000001   PAD
    0x0800a704   0x0000026a   Data   RO          605    .conststring        usbd_cdc_if.o
    0x0800a96e   0x00000002   PAD
    0x0800a970   0x00000020   Data   RO         4141    Region$$Table       anon$$obj.o
    0x0800a990   0x00000110   Data   RO         3999    locale$$data        c_w.l(lc_ctype_c.o)


    Execution Region RW_IRAM1 (Base: 0x20000000, Size: 0x00004ff8, Max: 0x00008000, ABSOLUTE, COMPRESSED[0x000000d4])

    Base Addr    Size         Type   Attr      Idx    E Section Name        Object

    0x20000000   0x0000001c   Data   RW          462    .data               usbd_desc.o
    0x2000001c   0x00000032   Data   RW          463    .data               usbd_desc.o
    0x2000004e   0x00000002   PAD
    0x20000050   0x00000080   Data   RW          606    .data               usbd_cdc_if.o
    0x200000d0   0x00000010   Data   RW          607    .data               usbd_cdc_if.o
    0x200000e0   0x0000000c   Data   RW         1646    .data               stm32f1xx_hal.o
    0x200000ec   0x00000004   Data   RW         3361    .data               system_stm32f1xx.o
    0x200000f0   0x00000001   Data   RW         3541    .data               usbd_ctlreq.o
    0x200000f1   0x00000003   PAD
    0x200000f4   0x000000d7   Data   RW         3673    .data               usbd_cdc.o
    0x200001cb   0x00000001   PAD
    0x200001cc   0x00000038   Data   RW         3674    .data               usbd_cdc.o
    0x20000204   0x00000004   Data   RW         3828    .data               c_w.l(strtok.o)
    0x20000208   0x00000054   Zero   RW          200    .bss                i2c.o
    0x2000025c   0x00000058   Zero   RW          242    .bss                spi.o
    0x200002b4   0x000002c4   Zero   RW          423    .bss                usb_device.o
    0x20000578   0x00000200   Zero   RW          461    .bss                usbd_desc.o
    0x20000778   0x00003622   Zero   RW          602    .bss                usbd_cdc_if.o
    0x20003d9a   0x00000500   Zero   RW          603    .bss                usbd_cdc_if.o
    0x2000429a   0x00000002   PAD
    0x2000429c   0x000004f8   Zero   RW          940    .bss                usbd_conf.o
    0x20004794   0x00000060   Zero   RW         3925    .bss                c_w.l(libspace.o)
    0x200047f4   0x00000004   PAD
    0x200047f8   0x00000400   Zero   RW            2    HEAP                startup_stm32f103xb.o
    0x20004bf8   0x00000400   Zero   RW            1    STACK               startup_stm32f103xb.o


==============================================================================

Image component sizes


      Code (inc. data)   RO Data    RW Data    ZI Data      Debug   Object Name

       308         22          0          0          0       1015   gpio.o
       160         28          0          0         84       1585   i2c.o
       250         10          0          0          0     419552   main.o
       164         22          0          0         88       1589   spi.o
        64         26        236          0       2048        804   startup_stm32f103xb.o
       164         28          0         12          0       5837   stm32f1xx_hal.o
       198         14          0          0          0      28815   stm32f1xx_hal_cortex.o
       222          4          0          0          0       1755   stm32f1xx_hal_dma.o
       500         34          0          0          0       3451   stm32f1xx_hal_gpio.o
      4030        104          0          0          0      18529   stm32f1xx_hal_i2c.o
        60          8          0          0          0        862   stm32f1xx_hal_msp.o
      3044          0          0          0          0      13833   stm32f1xx_hal_pcd.o
        60          0          0          0          0       1166   stm32f1xx_hal_pcd_ex.o
      1208         72         18          0          0       4505   stm32f1xx_hal_rcc.o
       236         12          0          0          0       1360   stm32f1xx_hal_rcc_ex.o
      1952         58          0          0          0      14021   stm32f1xx_hal_spi.o
       116         30          0          0          0       7411   stm32f1xx_it.o
      2528          0          0          0          0      15855   stm32f1xx_ll_usb.o
         2          0         24          4          0       1103   system_stm32f1xx.o
        84         18          0          0        708        780   usb_device.o
       726         16          0        271          0      12722   usbd_cdc.o
     20168       7526        622        144      15138      61926   usbd_cdc_if.o
       554         30          0          0       1272      13645   usbd_conf.o
       670          0          0          0          0       9179   usbd_core.o
      1186         28          0          1          0       7768   usbd_ctlreq.o
       288        104          0         78        512       5777   usbd_desc.o
       132          0          0          0          0       4148   usbd_ioreq.o

    ----------------------------------------------------------------------
     39098       8194        934        516      19852     658993   Object Totals
         0          0         32          0          0          0   (incl. Generated)
        24          0          2          6          2          0   (incl. Padding)

    ----------------------------------------------------------------------

      Code (inc. data)   RO Data    RW Data    ZI Data      Debug   Library Member Name

        56          6          0          0          0         88   __2snprintf.o
        90          0          0          0          0          0   __dczerorl2.o
         8          0          0          0          0         68   __main.o
       392          4         17          0          0         92   __printf_flags_ss_wp.o
        14          0          0          0          0         68   __printf_wp.o
         0          0          0          0          0          0   __rtentry.o
        12          0          0          0          0          0   __rtentry2.o
         6          0          0          0          0          0   __rtentry4.o
        52          8          0          0          0          0   __scatter.o
        28          0          0          0          0          0   __scatter_zi.o
        28          0          0          0          0         68   _chval.o
        44          0          0          0          0        108   _printf_char.o
        48          6          0          0          0         96   _printf_char_common.o
         6          0          0          0          0          0   _printf_d.o
       120         16          0          0          0         92   _printf_dec.o
       148          4         40          0          0        160   _printf_hex_int_ll_ptr.o
       178          0          0          0          0         88   _printf_intcommon.o
        78          0          0          0          0        108   _printf_pad.o
         0          0          0          0          0          0   _printf_percent.o
         4          0          0          0          0          0   _printf_percent_end.o
         6          0          0          0          0          0   _printf_s.o
        82          0          0          0          0         80   _printf_str.o
         6          0          0          0          0          0   _printf_u.o
         6          0          0          0          0          0   _printf_x.o
        16          0          0          0          0         68   _snputc.o
        10          0          0          0          0         68   _sputc.o
       158          0          0          0          0         92   _strtoul.o
        26          0          0          0          0         80   atoi.o
        12          0          0          0          0         72   exit.o
         6          0          0          0          0        152   heapauxi.o
         0          0          0          0          0          0   indicate_semi.o
        44         10        272          0          0         76   lc_ctype_c.o
         2          0          0          0          0          0   libinit.o
        20          0          0          0          0          0   libinit2.o
         2          0          0          0          0          0   libshutdown.o
         2          0          0          0          0          0   libshutdown2.o
         8          4          0          0         96         68   libspace.o
        16          4          0          0          0         76   rt_ctype_table.o
         8          4          0          0          0         68   rt_errno_addr_intlibspace.o
         8          4          0          0          0         68   rt_locale_intlibspace.o
        68          0          0          0          0         68   rt_memclr.o
        78          0          0          0          0         80   rt_memclr_w.o
       138          0          0          0          0         68   rt_memcpy_v6.o
       100          0          0          0          0         80   rt_memcpy_w.o
       132          0          0          0          0         68   rt_memmove_v6.o
       122          0          0          0          0         80   rt_memmove_w.o
         2          0          0          0          0          0   rtexit.o
        10          0          0          0          0          0   rtexit2.o
        42          0          0          0          0         84   strcasecmp.o
        20          0          0          0          0         68   strchr.o
       128          0          0          0          0         68   strcmpv7m.o
        32          0          0          0          0         80   strcspn.o
        62          0          0          0          0         76   strlen.o
        50          0          0          0          0         84   strncasecmp.o
       150          0          0          0          0         80   strncmp.o
        86          0          0          0          0         76   strncpy.o
        28          0          0          0          0         80   strspn.o
        12          6          0          4          0         68   strtok.o
        68          4          0          0          0         84   strtok_int.o
       112          0          0          0          0         88   strtol.o
        12          4          0          0          0         68   sys_exit.o
        74          0          0          0          0         80   sys_stackheap_outer.o
        26          0          0          0          0         76   tolower.o
         2          0          0          0          0         68   use_no_semi.o

    ----------------------------------------------------------------------
      3318         84        330          4        100       3676   Library Totals
        14          0          1          0          4          0   (incl. Padding)

    ----------------------------------------------------------------------

      Code (inc. data)   RO Data    RW Data    ZI Data      Debug   Library Name

      3304         84        329          4         96       3676   c_w.l

    ----------------------------------------------------------------------
      3318         84        330          4        100       3676   Library Totals

    ----------------------------------------------------------------------

==============================================================================


      Code (inc. data)   RO Data    RW Data    ZI Data      Debug   

     42416       8278       1264        520      19952     648365   Grand Totals
     42416       8278       1264        212      19952     648365   ELF Image Totals (compressed)
     42416       8278       1264        212          0          0   ROM Totals

==============================================================================

    Total RO  Size (Code + RO Data)                43680 (  42.66kB)
    Total RW  Size (RW Data + ZI Data)             20472 (  19.99kB)
    Total ROM Size (Code + RO Data + RW Data)      43892 (  42.86kB)

==============================================================================

