Component: ARM Compiler 5.06 update 7 (build 960) Tool: armlink [4d3601]

==============================================================================

Section Cross References

    startup_stm32f103xb.o(STACK) refers (Special) to heapauxi.o(.text) for __use_two_region_memory
    startup_stm32f103xb.o(HEAP) refers (Special) to heapauxi.o(.text) for __use_two_region_memory
    startup_stm32f103xb.o(RESET) refers (Special) to heapauxi.o(.text) for __use_two_region_memory
    startup_stm32f103xb.o(RESET) refers to startup_stm32f103xb.o(STACK) for __initial_sp
    startup_stm32f103xb.o(RESET) refers to startup_stm32f103xb.o(.text) for Reset_Handler
    startup_stm32f103xb.o(RESET) refers to stm32f1xx_it.o(i.NMI_Handler) for NMI_Handler
    startup_stm32f103xb.o(RESET) refers to stm32f1xx_it.o(i.HardFault_Handler) for HardFault_Handler
    startup_stm32f103xb.o(RESET) refers to stm32f1xx_it.o(i.MemManage_Handler) for MemManage_Handler
    startup_stm32f103xb.o(RESET) refers to stm32f1xx_it.o(i.BusFault_Handler) for BusFault_Handler
    startup_stm32f103xb.o(RESET) refers to stm32f1xx_it.o(i.UsageFault_Handler) for UsageFault_Handler
    startup_stm32f103xb.o(RESET) refers to stm32f1xx_it.o(i.SVC_Handler) for SVC_Handler
    startup_stm32f103xb.o(RESET) refers to stm32f1xx_it.o(i.DebugMon_Handler) for DebugMon_Handler
    startup_stm32f103xb.o(RESET) refers to stm32f1xx_it.o(i.PendSV_Handler) for PendSV_Handler
    startup_stm32f103xb.o(RESET) refers to stm32f1xx_it.o(i.SysTick_Handler) for SysTick_Handler
    startup_stm32f103xb.o(RESET) refers to stm32f1xx_it.o(i.EXTI3_IRQHandler) for EXTI3_IRQHandler
    startup_stm32f103xb.o(RESET) refers to stm32f1xx_it.o(i.USB_HP_CAN1_TX_IRQHandler) for USB_HP_CAN1_TX_IRQHandler
    startup_stm32f103xb.o(RESET) refers to stm32f1xx_it.o(i.USB_LP_CAN1_RX0_IRQHandler) for USB_LP_CAN1_RX0_IRQHandler
    startup_stm32f103xb.o(RESET) refers to stm32f1xx_it.o(i.SPI1_IRQHandler) for SPI1_IRQHandler
    startup_stm32f103xb.o(.text) refers (Special) to heapauxi.o(.text) for __use_two_region_memory
    startup_stm32f103xb.o(.text) refers to system_stm32f1xx.o(i.SystemInit) for SystemInit
    startup_stm32f103xb.o(.text) refers to __main.o(!!!main) for __main
    startup_stm32f103xb.o(.text) refers to startup_stm32f103xb.o(HEAP) for Heap_Mem
    startup_stm32f103xb.o(.text) refers to startup_stm32f103xb.o(STACK) for Stack_Mem
    main.o(i.SystemClock_Config) refers to rt_memclr_w.o(.text) for __aeabi_memclr4
    main.o(i.SystemClock_Config) refers to stm32f1xx_hal_rcc.o(i.HAL_RCC_OscConfig) for HAL_RCC_OscConfig
    main.o(i.SystemClock_Config) refers to stm32f1xx_hal_rcc.o(i.HAL_RCC_ClockConfig) for HAL_RCC_ClockConfig
    main.o(i.SystemClock_Config) refers to stm32f1xx_hal_rcc_ex.o(i.HAL_RCCEx_PeriphCLKConfig) for HAL_RCCEx_PeriphCLKConfig
    main.o(i.main) refers to stm32f1xx_hal.o(i.HAL_Init) for HAL_Init
    main.o(i.main) refers to main.o(i.SystemClock_Config) for SystemClock_Config
    main.o(i.main) refers to gpio.o(i.MX_GPIO_Init) for MX_GPIO_Init
    main.o(i.main) refers to i2c.o(i.MX_I2C2_Init) for MX_I2C2_Init
    main.o(i.main) refers to spi.o(i.MX_SPI1_Init) for MX_SPI1_Init
    main.o(i.main) refers to usb_device.o(i.MX_USB_DEVICE_Init) for MX_USB_DEVICE_Init
    main.o(i.main) refers to stm32f1xx_hal_gpio.o(i.HAL_GPIO_WritePin) for HAL_GPIO_WritePin
    main.o(i.main) refers to stm32f1xx_hal.o(i.HAL_Delay) for HAL_Delay
    main.o(i.main) refers to mxt_cmd.o(i.MXT_ProcessCommand) for MXT_ProcessCommand
    main.o(i.main) refers to mxt_bridge.o(i.MXT_ProcessControlPending) for MXT_ProcessControlPending
    main.o(i.main) refers to mxt_spi_stream.o(i.MXT_ProcessSPICheck) for MXT_ProcessSPICheck
    main.o(i.main) refers to mxt_spi_stream.o(i.MXT_USB_ServiceTx) for MXT_USB_ServiceTx
    main.o(i.main) refers to mxt_usb_io.o(i.MXT_FlushMessageBuffer) for MXT_FlushMessageBuffer
    main.o(i.main) refers to mxt_msg.o(i.MXT_CheckAndProcessMessages) for MXT_CheckAndProcessMessages
    main.o(i.main) refers to mxt_touch.o(i.MXT_TimerDiagnosticRead) for MXT_TimerDiagnosticRead
    main.o(i.main) refers to mxt_state.o(.data) for g_spi_stream_enabled
    gpio.o(i.MX_GPIO_Init) refers to stm32f1xx_hal_gpio.o(i.HAL_GPIO_WritePin) for HAL_GPIO_WritePin
    gpio.o(i.MX_GPIO_Init) refers to stm32f1xx_hal_gpio.o(i.HAL_GPIO_Init) for HAL_GPIO_Init
    gpio.o(i.MX_GPIO_Init) refers to stm32f1xx_hal_cortex.o(i.HAL_NVIC_SetPriority) for HAL_NVIC_SetPriority
    gpio.o(i.MX_GPIO_Init) refers to stm32f1xx_hal_cortex.o(i.HAL_NVIC_EnableIRQ) for HAL_NVIC_EnableIRQ
    i2c.o(i.HAL_I2C_MspDeInit) refers to stm32f1xx_hal_gpio.o(i.HAL_GPIO_DeInit) for HAL_GPIO_DeInit
    i2c.o(i.HAL_I2C_MspInit) refers to stm32f1xx_hal_gpio.o(i.HAL_GPIO_Init) for HAL_GPIO_Init
    i2c.o(i.MX_I2C2_Init) refers to stm32f1xx_hal_i2c.o(i.HAL_I2C_Init) for HAL_I2C_Init
    i2c.o(i.MX_I2C2_Init) refers to main.o(i.Error_Handler) for Error_Handler
    i2c.o(i.MX_I2C2_Init) refers to i2c.o(.bss) for .bss
[...]
    HAL_PCD_EP_Close                         0x08002249   Thumb Code    74  stm32f1xx_hal_pcd.o(i.HAL_PCD_EP_Close)
    HAL_PCD_EP_ClrStall                      0x08002293   Thumb Code    90  stm32f1xx_hal_pcd.o(i.HAL_PCD_EP_ClrStall)
    HAL_PCD_EP_GetRxCount                    0x0800270b   Thumb Code    18  stm32f1xx_hal_pcd.o(i.HAL_PCD_EP_GetRxCount)
    HAL_PCD_EP_Open                          0x0800271d   Thumb Code    88  stm32f1xx_hal_pcd.o(i.HAL_PCD_EP_Open)
    HAL_PCD_EP_Receive                       0x08002775   Thumb Code    46  stm32f1xx_hal_pcd.o(i.HAL_PCD_EP_Receive)
    HAL_PCD_EP_SetStall                      0x080027a3   Thumb Code   112  stm32f1xx_hal_pcd.o(i.HAL_PCD_EP_SetStall)
    HAL_PCD_EP_Transmit                      0x08002813   Thumb Code    46  stm32f1xx_hal_pcd.o(i.HAL_PCD_EP_Transmit)
    HAL_PCD_IRQHandler                       0x08002841   Thumb Code   308  stm32f1xx_hal_pcd.o(i.HAL_PCD_IRQHandler)
    HAL_PCD_Init                             0x08002975   Thumb Code   186  stm32f1xx_hal_pcd.o(i.HAL_PCD_Init)
    HAL_PCD_MspInit                          0x08002a31   Thumb Code    50  usbd_conf.o(i.HAL_PCD_MspInit)
    HAL_PCD_ResetCallback                    0x08002a6d   Thumb Code    38  usbd_conf.o(i.HAL_PCD_ResetCallback)
    HAL_PCD_ResumeCallback                   0x08002a93   Thumb Code     8  usbd_conf.o(i.HAL_PCD_ResumeCallback)
    HAL_PCD_SOFCallback                      0x08002a9b   Thumb Code     8  usbd_conf.o(i.HAL_PCD_SOFCallback)
    HAL_PCD_SetAddress                       0x08002aa3   Thumb Code    38  stm32f1xx_hal_pcd.o(i.HAL_PCD_SetAddress)
    HAL_PCD_SetupStageCallback               0x08002ac9   Thumb Code    14  usbd_conf.o(i.HAL_PCD_SetupStageCallback)
    HAL_PCD_Start                            0x08002ad7   Thumb Code    50  stm32f1xx_hal_pcd.o(i.HAL_PCD_Start)
    HAL_PCD_SuspendCallback                  0x08002b09   Thumb Code    30  usbd_conf.o(i.HAL_PCD_SuspendCallback)
    HAL_RCCEx_PeriphCLKConfig                0x08002b2d   Thumb Code   224  stm32f1xx_hal_rcc_ex.o(i.HAL_RCCEx_PeriphCLKConfig)
    HAL_RCC_ClockConfig                      0x08002c19   Thumb Code   280  stm32f1xx_hal_rcc.o(i.HAL_RCC_ClockConfig)
    HAL_RCC_GetPCLK1Freq                     0x08002d45   Thumb Code    20  stm32f1xx_hal_rcc.o(i.HAL_RCC_GetPCLK1Freq)
    HAL_RCC_GetSysClockFreq                  0x08002d65   Thumb Code    58  stm32f1xx_hal_rcc.o(i.HAL_RCC_GetSysClockFreq)
    HAL_RCC_OscConfig                        0x08002db1   Thumb Code   778  stm32f1xx_hal_rcc.o(i.HAL_RCC_OscConfig)
    HAL_SPI_Abort                            0x080030d1   Thumb Code   274  stm32f1xx_hal_spi.o(i.HAL_SPI_Abort)
    HAL_SPI_ErrorCallback                    0x080031f1   Thumb Code    48  mxt_spi_stream.o(i.HAL_SPI_ErrorCallback)
    HAL_SPI_IRQHandler                       0x08003231   Thumb Code   220  stm32f1xx_hal_spi.o(i.HAL_SPI_IRQHandler)
    HAL_SPI_Init                             0x08003311   Thumb Code   178  stm32f1xx_hal_spi.o(i.HAL_SPI_Init)
    HAL_SPI_MspInit                          0x080033c5   Thumb Code    88  spi.o(i.HAL_SPI_MspInit)
    HAL_SPI_Receive_IT                       0x08003429   Thumb Code   160  stm32f1xx_hal_spi.o(i.HAL_SPI_Receive_IT)
    HAL_SPI_RxCpltCallback                   0x080034d1   Thumb Code   126  mxt_spi_stream.o(i.HAL_SPI_RxCpltCallback)
    HAL_SPI_TransmitReceive_IT               0x08003581   Thumb Code   138  stm32f1xx_hal_spi.o(i.HAL_SPI_TransmitReceive_IT)
    HAL_SPI_TxRxCpltCallback                 0x0800361d   Thumb Code     2  stm32f1xx_hal_spi.o(i.HAL_SPI_TxRxCpltCallback)
    HAL_SYSTICK_Config                       0x0800361f   Thumb Code    40  stm32f1xx_hal_cortex.o(i.HAL_SYSTICK_Config)
    HardFault_Handler                        0x08003647   Thumb Code     2  stm32f1xx_it.o(i.HardFault_Handler)
    MSG_BufferFlush                          0x08003c49   Thumb Code   148  mxt_usb_io.o(i.MSG_BufferFlush)
    MSG_BufferWrite                          0x08003cf9   Thumb Code   152  mxt_usb_io.o(i.MSG_BufferWrite)
    MXT_ApplyStartupDebugCtrl                0x08003da5   Thumb Code    78  mxt_touch.o(i.MXT_ApplyStartupDebugCtrl)
    MXT_CheckAndProcessMessages              0x08003e59   Thumb Code   422  mxt_msg.o(i.MXT_CheckAndProcessMessages)
    MXT_DelayUs                              0x08004041   Thumb Code    28  mxt_i2c.o(i.MXT_DelayUs)
    MXT_EnableOutput                         0x08004065   Thumb Code     6  mxt_touch.o(i.MXT_EnableOutput)
    MXT_ExportConfigAsBin                    0x08004071   Thumb Code   334  mxt_bridge.o(i.MXT_ExportConfigAsBin)
    MXT_ExportConfigAsTxt                    0x08004229   Thumb Code   240  mxt_bridge.o(i.MXT_ExportConfigAsTxt)
    MXT_FindI2CAddress                       0x08004451   Thumb Code    92  mxt_i2c.o(i.MXT_FindI2CAddress)
    MXT_FlushMessageBuffer                   0x080044b1   Thumb Code    20  mxt_usb_io.o(i.MXT_FlushMessageBuffer)
    MXT_FormatInfoBlockLine                  0x080044c5   Thumb Code    58  mxt_touch.o(i.MXT_FormatInfoBlockLine)
    MXT_GetObjectAddr                        0x08004505   Thumb Code   142  mxt_touch.o(i.MXT_GetObjectAddr)
    MXT_I2C_Probe                            0x080045ad   Thumb Code    22  mxt_i2c.o(i.MXT_I2C_Probe)
    MXT_I2C_Read                             0x080045c9   Thumb Code    28  mxt_i2c.o(i.MXT_I2C_Read)
    MXT_I2C_ReadNoReg                        0x080045e9   Thumb Code    28  mxt_i2c.o(i.MXT_I2C_ReadNoReg)
    MXT_I2C_Write                            0x08004609   Thumb Code    28  mxt_i2c.o(i.MXT_I2C_Write)
    MXT_I2C_WriteNoReg                       0x08004629   Thumb Code    28  mxt_i2c.o(i.MXT_I2C_WriteNoReg)
    MXT_InitTouchScreen                      0x08004649   Thumb Code    92  mxt_touch.o(i.MXT_InitTouchScreen)
    MXT_IsOutputEnabled                      0x080046c1   Thumb Code     6  mxt_touch.o(i.MXT_IsOutputEnabled)
    MXT_OutputDiagnosticData                 0x080046cd   Thumb Code   342  mxt_touch.o(i.MXT_OutputDiagnosticData)
    MXT_OutputMap16                          0x0800486d   Thumb Code   178  mxt_touch.o(i.MXT_OutputMap16)
    MXT_OutputMap16Transformed               0x08004979   Thumb Code   312  mxt_touch.o(i.MXT_OutputMap16Transformed)
    MXT_OutputMapAll                         0x08004b45   Thumb Code   174  mxt_touch.o(i.MXT_OutputMapAll)
    MXT_PacketUseBridgeBinary                0x08004c3d   Thumb Code    66  mxt_bridge.o(i.MXT_PacketUseBridgeBinary)
    MXT_ParseMessage                         0x08004c85   Thumb Code   562  mxt_msg.o(i.MXT_ParseMessage)
    MXT_ProcessCommand                       0x08005001   Thumb Code    66  mxt_cmd.o(i.MXT_ProcessCommand)
    MXT_ProcessControlPending                0x08005055   Thumb Code   154  mxt_bridge.o(i.MXT_ProcessControlPending)
    MXT_ProcessSPICheck                      0x08005119   Thumb Code   238  mxt_spi_stream.o(i.MXT_ProcessSPICheck)
    MXT_ReadCompleteDiagnosticFrame          0x0800523d   Thumb Code     6  mxt_touch.o(i.MXT_ReadCompleteDiagnosticFrame)
    MXT_ReadObjectTable                      0x080053a9   Thumb Code   302  mxt_touch.o(i.MXT_ReadObjectTable)
    MXT_ReadT100UnknownFields                0x080055e5   Thumb Code   104  mxt_touch.o(i.MXT_ReadT100UnknownFields)
    MXT_SPI_PrepareStream                    0x080058e5   Thumb Code    34  mxt_spi_stream.o(i.MXT_SPI_PrepareStream)
    MXT_SPI_StartIT                          0x0800590d   Thumb Code    86  mxt_spi_stream.o(i.MXT_SPI_StartIT)
    MXT_SPI_StopIT                           0x08005981   Thumb Code    30  mxt_spi_stream.o(i.MXT_SPI_StopIT)
    MXT_SendMode3Packets                     0x080059ad   Thumb Code   482  mxt_touch.o(i.MXT_SendMode3Packets)
    MXT_SendSelfCapMode3Packets              0x08005bb1   Thumb Code   254  mxt_touch.o(i.MXT_SendSelfCapMode3Packets)
    MXT_SetChgPending                        0x08005cb9   Thumb Code     8  mxt_msg.o(i.MXT_SetChgPending)
    MXT_TimerDiagnosticRead                  0x08005cc5   Thumb Code   156  mxt_touch.o(i.MXT_TimerDiagnosticRead)
    MXT_TouchQueuePop                        0x08005d99   Thumb Code    58  mxt_touch.o(i.MXT_TouchQueuePop)
    MXT_TouchQueuePush                       0x08005de1   Thumb Code    54  mxt_touch.o(i.MXT_TouchQueuePush)
    MXT_USB_ServiceTx                        0x08005e25   Thumb Code    28  mxt_spi_stream.o(i.MXT_USB_ServiceTx)
    MXT_WaitUsbIdle                          0x08005e45   Thumb Code    70  mxt_usb_io.o(i.MXT_WaitUsbIdle)
    MX_GPIO_Init                             0x08005e99   Thumb Code   286  gpio.o(i.MX_GPIO_Init)
    MX_I2C2_Init                             0x08005fcd   Thumb Code    50  i2c.o(i.MX_I2C2_Init)
    MX_SPI1_Init                             0x0800600d   Thumb Code    54  spi.o(i.MX_SPI1_Init)
    MX_USB_DEVICE_Init                       0x0800604d   Thumb Code    66  usb_device.o(i.MX_USB_DEVICE_Init)
    Map16_CalcCRC16                          0x080060a1   Thumb Code    60  mxt_touch.o(i.Map16_CalcCRC16)
    MemManage_Handler                        0x080060dd   Thumb Code     2  stm32f1xx_it.o(i.MemManage_Handler)
    NMI_Handler                              0x080060df   Thumb Code     2  stm32f1xx_it.o(i.NMI_Handler)
    PendSV_Handler                           0x08006487   Thumb Code     2  stm32f1xx_it.o(i.PendSV_Handler)
    ProcessBridgePacket                      0x08006489   Thumb Code  1800  mxt_bridge.o(i.ProcessBridgePacket)
    ProcessPendingCommand                    0x08006c7d   Thumb Code  8638  mxt_cmd.o(i.ProcessPendingCommand)
    ProcessStringCommand                     0x08008f49   Thumb Code   170  mxt_cmd.o(i.ProcessStringCommand)
    SPI1_IRQHandler                          0x08009029   Thumb Code     6  stm32f1xx_it.o(i.SPI1_IRQHandler)
    SPIUSB_ResetState                        0x08009111   Thumb Code    88  mxt_spi_stream.o(i.SPIUSB_ResetState)
    SPIUSB_TryFlush                          0x080093cd   Thumb Code    70  mxt_spi_stream.o(i.SPIUSB_TryFlush)
    SVC_Handler                              0x080097c9   Thumb Code     2  stm32f1xx_it.o(i.SVC_Handler)
    SendResponse                             0x080097cd   Thumb Code    72  mxt_usb_io.o(i.SendResponse)
    SysTick_Handler                          0x08009819   Thumb Code     4  stm32f1xx_it.o(i.SysTick_Handler)
    SystemClock_Config                       0x0800981d   Thumb Code   118  main.o(i.SystemClock_Config)
    SystemInit                               0x08009893   Thumb Code     2  system_stm32f1xx.o(i.SystemInit)
    USBD_CDC_GetDeviceQualifierDescriptor    0x08009971   Thumb Code     8  usbd_cdc.o(i.USBD_CDC_GetDeviceQualifierDescriptor)
    USBD_CDC_ReceivePacket                   0x08009a35   Thumb Code    40  usbd_cdc.o(i.USBD_CDC_ReceivePacket)
    USBD_CDC_RegisterInterface               0x08009a5d   Thumb Code    16  usbd_cdc.o(i.USBD_CDC_RegisterInterface)
    USBD_CDC_SetRxBuffer                     0x08009a6d   Thumb Code    12  usbd_cdc.o(i.USBD_CDC_SetRxBuffer)
    USBD_CDC_SetTxBuffer                     0x08009a79   Thumb Code    16  usbd_cdc.o(i.USBD_CDC_SetTxBuffer)
    USBD_CDC_TransmitPacket                  0x08009b35   Thumb Code    54  usbd_cdc.o(i.USBD_CDC_TransmitPacket)
    USBD_ClrClassConfig                      0x08009b6b   Thumb Code    14  usbd_core.o(i.USBD_ClrClassConfig)
    USBD_CtlContinueRx                       0x08009b79   Thumb Code    16  usbd_ioreq.o(i.USBD_CtlContinueRx)
    USBD_CtlContinueSendData                 0x08009b89   Thumb Code    16  usbd_ioreq.o(i.USBD_CtlContinueSendData)
    USBD_CtlError                            0x08009b99   Thumb Code    22  usbd_ctlreq.o(i.USBD_CtlError)
    USBD_CtlPrepareRx                        0x08009baf   Thumb Code    30  usbd_ioreq.o(i.USBD_CtlPrepareRx)
    USBD_CtlReceiveStatus                    0x08009bcd   Thumb Code    22  usbd_ioreq.o(i.USBD_CtlReceiveStatus)
    USBD_CtlSendData                         0x08009be3   Thumb Code    26  usbd_ioreq.o(i.USBD_CtlSendData)
    USBD_CtlSendStatus                       0x08009bfd   Thumb Code    22  usbd_ioreq.o(i.USBD_CtlSendStatus)
    USBD_FS_ConfigStrDescriptor              0x08009c15   Thumb Code    16  usbd_desc.o(i.USBD_FS_ConfigStrDescriptor)
    USBD_FS_DeviceDescriptor                 0x08009c35   Thumb Code     8  usbd_desc.o(i.USBD_FS_DeviceDescriptor)
    USBD_FS_InterfaceStrDescriptor           0x08009c41   Thumb Code    16  usbd_desc.o(i.USBD_FS_InterfaceStrDescriptor)
    USBD_FS_LangIDStrDescriptor              0x08009c65   Thumb Code     8  usbd_desc.o(i.USBD_FS_LangIDStrDescriptor)
    USBD_FS_ManufacturerStrDescriptor        0x08009c71   Thumb Code    16  usbd_desc.o(i.USBD_FS_ManufacturerStrDescriptor)
    USBD_FS_ProductStrDescriptor             0x08009c99   Thumb Code    16  usbd_desc.o(i.USBD_FS_ProductStrDescriptor)
    USBD_FS_SerialStrDescriptor              0x08009cc5   Thumb Code    48  usbd_desc.o(i.USBD_FS_SerialStrDescriptor)
    USBD_GetString                           0x08009de5   Thumb Code    72  usbd_ctlreq.o(i.USBD_GetString)
    USBD_Init                                0x08009e45   Thumb Code    42  usbd_core.o(i.USBD_Init)
    USBD_LL_ClearStallEP                     0x08009e6f   Thumb Code    18  usbd_conf.o(i.USBD_LL_ClearStallEP)
    USBD_LL_CloseEP                          0x08009e81   Thumb Code    18  usbd_conf.o(i.USBD_LL_CloseEP)
    USBD_LL_DataInStage                      0x08009e93   Thumb Code   198  usbd_core.o(i.USBD_LL_DataInStage)
    USBD_LL_DataOutStage                     0x08009f59   Thumb Code   130  usbd_core.o(i.USBD_LL_DataOutStage)
    USBD_LL_GetRxDataSize                    0x08009fdb   Thumb Code     8  usbd_conf.o(i.USBD_LL_GetRxDataSize)
    USBD_LL_Init                             0x08009fe5   Thumb Code   118  usbd_conf.o(i.USBD_LL_Init)
    USBD_LL_IsStallEP                        0x0800a065   Thumb Code    30  usbd_conf.o(i.USBD_LL_IsStallEP)
    USBD_LL_OpenEP                           0x0800a083   Thumb Code    24  usbd_conf.o(i.USBD_LL_OpenEP)
    USBD_LL_PrepareReceive                   0x0800a09b   Thumb Code    18  usbd_conf.o(i.USBD_LL_PrepareReceive)
    USBD_LL_Reset                            0x0800a0ad   Thumb Code    80  usbd_core.o(i.USBD_LL_Reset)
    USBD_LL_Resume                           0x0800a0fd   Thumb Code    20  usbd_core.o(i.USBD_LL_Resume)
    USBD_LL_SOF                              0x0800a111   Thumb Code    24  usbd_core.o(i.USBD_LL_SOF)
    USBD_LL_SetSpeed                         0x0800a129   Thumb Code     6  usbd_core.o(i.USBD_LL_SetSpeed)
    USBD_LL_SetUSBAddress                    0x0800a12f   Thumb Code    18  usbd_conf.o(i.USBD_LL_SetUSBAddress)
    USBD_LL_SetupStage                       0x0800a141   Thumb Code    90  usbd_core.o(i.USBD_LL_SetupStage)
    USBD_LL_StallEP                          0x0800a19b   Thumb Code    18  usbd_conf.o(i.USBD_LL_StallEP)
    USBD_LL_Start                            0x0800a1ad   Thumb Code    18  usbd_conf.o(i.USBD_LL_Start)
    USBD_LL_Suspend                          0x0800a1bf   Thumb Code    18  usbd_core.o(i.USBD_LL_Suspend)
    USBD_LL_Transmit                         0x0800a1d1   Thumb Code    18  usbd_conf.o(i.USBD_LL_Transmit)
    USBD_ParseSetupRequest                   0x0800a1e3   Thumb Code    40  usbd_ctlreq.o(i.USBD_ParseSetupRequest)
    USBD_RegisterClass                       0x0800a20b   Thumb Code    16  usbd_core.o(i.USBD_RegisterClass)
    USBD_SetClassConfig                      0x0800a21b   Thumb Code    22  usbd_core.o(i.USBD_SetClassConfig)
    USBD_Start                               0x0800a2b5   Thumb Code    10  usbd_core.o(i.USBD_Start)
    USBD_StdDevReq                           0x0800a2bf   Thumb Code   274  usbd_ctlreq.o(i.USBD_StdDevReq)
    USBD_StdEPReq                            0x0800a3d1   Thumb Code   336  usbd_ctlreq.o(i.USBD_StdEPReq)
    USBD_StdItfReq                           0x0800a521   Thumb Code    78  usbd_ctlreq.o(i.USBD_StdItfReq)
    USBD_static_free                         0x0800a56f   Thumb Code     2  usbd_conf.o(i.USBD_static_free)
    USBD_static_malloc                       0x0800a571   Thumb Code     4  usbd_conf.o(i.USBD_static_malloc)
    USB_ActivateEndpoint                     0x0800a579   Thumb Code   668  stm32f1xx_ll_usb.o(i.USB_ActivateEndpoint)
    USB_CoreInit                             0x0800a815   Thumb Code     4  stm32f1xx_ll_usb.o(i.USB_CoreInit)
    USB_DeactivateEndpoint                   0x0800a819   Thumb Code   270  stm32f1xx_ll_usb.o(i.USB_DeactivateEndpoint)
    USB_DevConnect                           0x0800a927   Thumb Code     4  stm32f1xx_ll_usb.o(i.USB_DevConnect)
    USB_DevDisconnect                        0x0800a92b   Thumb Code     4  stm32f1xx_ll_usb.o(i.USB_DevDisconnect)
    USB_DevInit                              0x0800a92f   Thumb Code    18  stm32f1xx_ll_usb.o(i.USB_DevInit)
    USB_DisableGlobalInt                     0x0800a941   Thumb Code    14  stm32f1xx_ll_usb.o(i.USB_DisableGlobalInt)
    USB_EP0_OutStart                         0x0800a94f   Thumb Code     4  stm32f1xx_ll_usb.o(i.USB_EP0_OutStart)
    USB_EPClearStall                         0x0800a953   Thumb Code   120  stm32f1xx_ll_usb.o(i.USB_EPClearStall)
    USB_EPSetStall                           0x0800a9cb   Thumb Code    50  stm32f1xx_ll_usb.o(i.USB_EPSetStall)
    USB_EPStartXfer                          0x0800a9fd   Thumb Code  1250  stm32f1xx_ll_usb.o(i.USB_EPStartXfer)
    USB_EnableGlobalInt                      0x0800aedf   Thumb Code    18  stm32f1xx_ll_usb.o(i.USB_EnableGlobalInt)
    USB_HP_CAN1_TX_IRQHandler                0x0800aef1   Thumb Code     6  stm32f1xx_it.o(i.USB_HP_CAN1_TX_IRQHandler)
    USB_LP_CAN1_RX0_IRQHandler               0x0800aefd   Thumb Code     6  stm32f1xx_it.o(i.USB_LP_CAN1_RX0_IRQHandler)
    USB_ReadInterrupts                       0x0800af09   Thumb Code     6  stm32f1xx_ll_usb.o(i.USB_ReadInterrupts)
    USB_ReadPMA                              0x0800af11   Thumb Code    44  stm32f1xx_ll_usb.o(i.USB_ReadPMA)
    USB_SendString                           0x0800af3d   Thumb Code    32  mxt_usb_io.o(i.USB_SendString)
    USB_SetCurrentMode                       0x0800af65   Thumb Code     4  stm32f1xx_ll_usb.o(i.USB_SetCurrentMode)
    USB_SetDevAddress                        0x0800af69   Thumb Code    12  stm32f1xx_ll_usb.o(i.USB_SetDevAddress)
    USB_WritePMA                             0x0800af75   Thumb Code    38  stm32f1xx_ll_usb.o(i.USB_WritePMA)
    UsageFault_Handler                       0x0800af9b   Thumb Code     2  stm32f1xx_it.o(i.UsageFault_Handler)
    _is_digit                                0x0800afbd   Thumb Code    14  __printf_wp.o(i._is_digit)
    main                                     0x0800afcd   Thumb Code   132  main.o(i.main)
    _get_lc_ctype                            0x0800b05d   Thumb Code    44  lc_ctype_c.o(locale$$code)
    AHBPrescTable                            0x0800b09e   Data          16  system_stm32f1xx.o(.constdata)
    APBPrescTable                            0x0800b0ae   Data           8  system_stm32f1xx.o(.constdata)
    Region$$Table$$Base                      0x0800b314   Number         0  anon$$obj.o(Region$$Table)
    Region$$Table$$Limit                     0x0800b334   Number         0  anon$$obj.o(Region$$Table)
    __ctype                                  0x0800b341   Data           0  lc_ctype_c.o(locale$$data)
    FS_Desc                                  0x20000000   Data          28  usbd_desc.o(.data)
    USBD_LangIDDesc                          0x2000001c   Data           4  usbd_desc.o(.data)
    USBD_FS_DeviceDesc                       0x20000020   Data          18  usbd_desc.o(.data)
    USBD_StringSerial                        0x20000034   Data          26  usbd_desc.o(.data)
    g_matrix_x_size                          0x2000004e   Data           1  usbd_cdc_if.o(.data)
    g_matrix_y_size                          0x2000004f   Data           1  usbd_cdc_if.o(.data)
    USBD_Interface_fops_FS                   0x20000050   Data          16  usbd_cdc_if.o(.data)
    g_mxt_i2c_addr                           0x20000062   Data           1  mxt_state.o(.data)
    g_bridge_mode                            0x20000063   Data           1  mxt_state.o(.data)
    g_num_objects                            0x20000064   Data           1  mxt_state.o(.data)
    g_output_enabled                         0x20000065   Data           1  mxt_state.o(.data)
    g_touch_inited                           0x20000066   Data           1  mxt_state.o(.data)
    g_cfgwrite_active                        0x20000067   Data           1  mxt_state.o(.data)
    g_cfgwrite_total_objects                 0x20000068   Data           2  mxt_state.o(.data)
    g_cfgwrite_total_chunks                  0x2000006a   Data           2  mxt_state.o(.data)
    g_cfgwrite_next_seq                      0x2000006c   Data           2  mxt_state.o(.data)
    g_cfgread_waiting_ack                    0x2000006e   Data           1  mxt_state.o(.data)
    g_cfgread_current_seq                    0x20000070   Data           2  mxt_state.o(.data)
    g_cfgread_last_ack_status                0x20000072   Data           1  mxt_state.o(.data)
    g_cfg_rx_len                             0x20000074   Data           2  mxt_state.o(.data)
    g_backup_busy                            0x20000076   Data           1  mxt_state.o(.data)
    g_backup_busy_until_ms                   0x20000078   Data           4  mxt_state.o(.data)
    g_unfreeze_pending                       0x2000007c   Data           1  mxt_state.o(.data)
    g_debugctrl_applied                      0x2000007d   Data           1  mxt_state.o(.data)
    g_spi_check_requested                    0x2000007e   Data           1  mxt_state.o(.data)
    g_spi_stream_enabled                     0x2000007f   Data           1  mxt_state.o(.data)
    g_spi_stream_mode                        0x20000080   Data           1  mxt_state.o(.data)
    g_spi_in_frame                           0x20000081   Data           1  mxt_state.o(.data)
    g_spi_frame_bytes                        0x20000082   Data           2  mxt_state.o(.data)
    g_spi_it_active                          0x20000084   Data           1  mxt_state.o(.data)
    g_spi_rx_q_head                          0x20000086   Data           2  mxt_state.o(.data)
    g_spi_rx_q_tail                          0x20000088   Data           2  mxt_state.o(.data)
    g_spi_rx_overflow                        0x2000008a   Data           2  mxt_state.o(.data)
    g_spi_last_irq_ms                        0x2000008c   Data           4  mxt_state.o(.data)
    g_spi_err_count                          0x20000090   Data           2  mxt_state.o(.data)
    g_spi_last_overflow_report_ms            0x20000094   Data           4  mxt_state.o(.data)
    g_spi_nss_prev                           0x20000098   Data           1  mxt_state.o(.data)
    g_spi_hex_tx_len                         0x2000009a   Data           2  mxt_state.o(.data)
    g_spi_tx_drop                            0x2000009c   Data           4  mxt_state.o(.data)
    g_spi_start1_nss_page                    0x200000a0   Data           1  mxt_state.o(.data)
    g_spi_start1_collecting                  0x200000a1   Data           1  mxt_state.o(.data)
    g_spi_start1_payload_bytes               0x200000a2   Data           2  mxt_state.o(.data)
    g_spi_start1_row_bytes                   0x200000a4   Data           1  mxt_state.o(.data)
    g_spi_start1_src_row_bytes               0x200000a5   Data           1  mxt_state.o(.data)
    g_spi_start3_frame_id                    0x200000a6   Data           1  mxt_state.o(.data)
    g_spi_start3_row_id                      0x200000a7   Data           1  mxt_state.o(.data)
    g_spi_start3_row_len                     0x200000a8   Data           1  mxt_state.o(.data)
    g_t6_addr                                0x200000aa   Data           2  mxt_state.o(.data)
    g_t44_addr                               0x200000ac   Data           2  mxt_state.o(.data)
    g_t5_addr                                0x200000ae   Data           2  mxt_state.o(.data)
    g_t37_addr                               0x200000b0   Data           2  mxt_state.o(.data)
    g_t100_addr                              0x200000b2   Data           2  mxt_state.o(.data)
    g_t37_size                               0x200000b4   Data           1  mxt_state.o(.data)
    g_t100_size                              0x200000b5   Data           1  mxt_state.o(.data)
    g_page_size                              0x200000b6   Data           1  mxt_state.o(.data)
    g_pages_per_pass                         0x200000b7   Data           1  mxt_state.o(.data)
    g_t6_report_id                           0x200000b8   Data           1  mxt_state.o(.data)
    g_t100_report_id                         0x200000b9   Data           1  mxt_state.o(.data)
    g_diag_mode                              0x200000ba   Data           1  mxt_state.o(.data)
    g_diag_buffer                            0x200000bc   Data           4  mxt_state.o(.data)
    g_last_touch_valid                       0x200000c0   Data           1  mxt_state.o(.data)
    g_touch_q_head                           0x200000c1   Data           1  mxt_state.o(.data)
    g_touch_q_tail                           0x200000c2   Data           1  mxt_state.o(.data)
    g_last_msg_time                          0x200000c4   Data           4  mxt_state.o(.data)
    g_msg_output_enabled                     0x200000c8   Data           1  mxt_state.o(.data)
    g_chg_pending                            0x200000c9   Data           1  mxt_state.o(.data)
    g_chg_process_enabled                    0x200000ca   Data           1  mxt_state.o(.data)
    g_msg_buffer_head                        0x200000cc   Data           2  mxt_state.o(.data)
    g_msg_buffer_tail                        0x200000ce   Data           2  mxt_state.o(.data)
    g_msg_buffer_overflow                    0x200000d0   Data           1  mxt_state.o(.data)
    g_diag_interval_ms                       0x200000d4   Data           4  mxt_state.o(.data)
    g_stream_rot                             0x200000d8   Data           1  mxt_state.o(.data)
    g_stream_flip                            0x200000d9   Data           1  mxt_state.o(.data)
    g_stream_map16_hex                       0x200000da   Data           1  mxt_state.o(.data)
    g_stream_map16_char                      0x200000db   Data           1  mxt_state.o(.data)
    g_stream_frame_id                        0x200000dc   Data           1  mxt_state.o(.data)
    g_stream_chgno                           0x200000dd   Data           1  mxt_state.o(.data)
    g_stream_touch_flip                      0x200000de   Data           1  mxt_state.o(.data)
    g_stream_pre_cal                         0x200000df   Data           1  mxt_state.o(.data)
    g_cmd_pending                            0x200000e0   Data           1  mxt_state.o(.data)
    g_menu_state                             0x200000e1   Data           1  mxt_state.o(.data)
    g_last_diag_time                         0x200000e4   Data           4  mxt_state.o(.data)
    g_t37_reading                            0x200000e8   Data           1  mxt_state.o(.data)
    g_spi_it_rx_buf                          0x200000e9   Data           1  mxt_state.o(.data)
    g_last_touch                             0x200000ea   Data           8  mxt_state.o(.data)
    uwTickFreq                               0x200000f4   Data           1  stm32f1xx_hal.o(.data)
    uwTickPrio                               0x200000f8   Data           4  stm32f1xx_hal.o(.data)
    uwTick                                   0x200000fc   Data           4  stm32f1xx_hal.o(.data)
    SystemCoreClock                          0x20000100   Data           4  system_stm32f1xx.o(.data)
    USBD_CDC_CfgHSDesc                       0x20000114   Data          67  usbd_cdc.o(.data)
    USBD_CDC_CfgFSDesc                       0x20000158   Data          67  usbd_cdc.o(.data)
    USBD_CDC_OtherSpeedCfgDesc               0x2000019c   Data          67  usbd_cdc.o(.data)
    USBD_CDC                                 0x200001e0   Data          56  usbd_cdc.o(.data)
    hi2c2                                    0x2000021c   Data          84  i2c.o(.bss)
    hspi1                                    0x20000270   Data          88  spi.o(.bss)
    hUsbDeviceFS                             0x200002c8   Data         708  usb_device.o(.bss)
    USBD_StrDesc                             0x2000058c   Data         512  usbd_desc.o(.bss)
    UserRxBufferFS                           0x2000078c   Data         256  usbd_cdc_if.o(.bss)
    UserTxBufferFS                           0x2000088c   Data        1024  usbd_cdc_if.o(.bss)
    g_t37_data                               0x20000ccc   Data         130  mxt_state.o(.bss)
    g_cfgwrite_objects                       0x20000d4e   Data         512  mxt_state.o(.bss)
    g_cfg_rx_buf                             0x20000f4e   Data         540  mxt_state.o(.bss)
    g_spi_rx_queue                           0x2000116a   Data        1024  mxt_state.o(.bss)
    g_spi_nss_queue                          0x2000156a   Data        1024  mxt_state.o(.bss)
    g_spi_hex_tx_buf                         0x2000196a   Data        2048  mxt_state.o(.bss)
    g_spi_start3_row_buf                     0x2000216a   Data          32  mxt_state.o(.bss)
    g_diag_buffer_mem                        0x2000218a   Data        1280  mxt_state.o(.bss)
    g_touch_queue                            0x2000268a   Data         256  mxt_state.o(.bss)
    g_msg_buffer                             0x2000278a   Data        1024  mxt_state.o(.bss)
    g_msg_tx_chunk                           0x20002b8a   Data          64  mxt_state.o(.bss)
    g_cmd_buffer                             0x20002bca   Data          64  mxt_state.o(.bss)
    g_work_buf                               0x20002c0a   Data         512  mxt_state.o(.bss)
    hpcd_USB_FS                              0x2000302c   Data         728  usbd_conf.o(.bss)
    __libspace_start                         0x20003304   Data          96  libspace.o(.bss)
    __temporary_stack_top$libspace           0x20003364   Data           0  libspace.o(.bss)



==============================================================================

Memory Map of the image

  Image Entry point : 0x080000ed

  Load Region LR_IROM1 (Base: 0x08000000, Size: 0x0000b660, Max: 0x00010000, ABSOLUTE, COMPRESSED[0x0000b520])

    Execution Region ER_IROM1 (Exec base: 0x08000000, Load base: 0x08000000, Size: 0x0000b444, Max: 0x00010000, ABSOLUTE)

    Exec Addr    Load Addr    Size         Type   Attr      Idx    E Section Name        Object

    0x08000000   0x08000000   0x000000ec   Data   RO            3    RESET               startup_stm32f103xb.o
    0x080000ec   0x080000ec   0x00000008   Code   RO         4278  * !!!main             c_w.l(__main.o)
    0x080000f4   0x080000f4   0x00000034   Code   RO         4572    !!!scatter          c_w.l(__scatter.o)
    0x08000128   0x08000128   0x0000005a   Code   RO         4570    !!dczerorl2         c_w.l(__dczerorl2.o)
    0x08000182   0x08000182   0x00000002   PAD
    0x08000184   0x08000184   0x0000001c   Code   RO         4574    !!handler_zi        c_w.l(__scatter_zi.o)
    0x080001a0   0x080001a0   0x00000000   Code   RO         4248    .ARM.Collect$$_printf_percent$$00000000  c_w.l(_printf_percent.o)
    0x080001a0   0x080001a0   0x00000006   Code   RO         4246    .ARM.Collect$$_printf_percent$$00000009  c_w.l(_printf_d.o)
    0x080001a6   0x080001a6   0x00000006   Code   RO         4247    .ARM.Collect$$_printf_percent$$0000000A  c_w.l(_printf_u.o)
    0x080001ac   0x080001ac   0x00000006   Code   RO         4245    .ARM.Collect$$_printf_percent$$0000000C  c_w.l(_printf_x.o)
    0x080001b2   0x080001b2   0x00000006   Code   RO         4244    .ARM.Collect$$_printf_percent$$00000014  c_w.l(_printf_s.o)
    0x080001b8   0x080001b8   0x00000004   Code   RO         4322    .ARM.Collect$$_printf_percent$$00000017  c_w.l(_printf_percent_end.o)
    0x080001bc   0x080001bc   0x00000002   Code   RO         4436    .ARM.Collect$$libinit$$00000000  c_w.l(libinit.o)
    0x080001be   0x080001be   0x00000000   Code   RO         4445    .ARM.Collect$$libinit$$00000002  c_w.l(libinit2.o)
    0x080001be   0x080001be   0x00000000   Code   RO         4447    .ARM.Collect$$libinit$$00000004  c_w.l(libinit2.o)
    0x080001be   0x080001be   0x00000000   Code   RO         4450    .ARM.Collect$$libinit$$0000000A  c_w.l(libinit2.o)
    0x080001be   0x080001be   0x00000000   Code   RO         4452    .ARM.Collect$$libinit$$0000000C  c_w.l(libinit2.o)
    0x080001be   0x080001be   0x00000000   Code   RO         4454    .ARM.Collect$$libinit$$0000000E  c_w.l(libinit2.o)
    0x080001be   0x080001be   0x00000006   Code   RO         4455    .ARM.Collect$$libinit$$0000000F  c_w.l(libinit2.o)
    0x080001c4   0x080001c4   0x00000000   Code   RO         4457    .ARM.Collect$$libinit$$00000011  c_w.l(libinit2.o)
    0x080001c4   0x080001c4   0x0000000c   Code   RO         4458    .ARM.Collect$$libinit$$00000012  c_w.l(libinit2.o)
    0x080001d0   0x080001d0   0x00000000   Code   RO         4459    .ARM.Collect$$libinit$$00000013  c_w.l(libinit2.o)
    0x080001d0   0x080001d0   0x00000000   Code   RO         4461    .ARM.Collect$$libinit$$00000015  c_w.l(libinit2.o)
    0x080001d0   0x080001d0   0x00000000   Code   RO         4463    .ARM.Collect$$libinit$$00000017  c_w.l(libinit2.o)
    0x080001d0   0x080001d0   0x00000000   Code   RO         4465    .ARM.Collect$$libinit$$00000019  c_w.l(libinit2.o)
    0x080001d0   0x080001d0   0x00000000   Code   RO         4467    .ARM.Collect$$libinit$$0000001B  c_w.l(libinit2.o)
    0x080001d0   0x080001d0   0x00000000   Code   RO         4469    .ARM.Collect$$libinit$$0000001D  c_w.l(libinit2.o)
    0x080001d0   0x080001d0   0x00000000   Code   RO         4471    .ARM.Collect$$libinit$$0000001F  c_w.l(libinit2.o)
    0x080001d0   0x080001d0   0x00000000   Code   RO         4473    .ARM.Collect$$libinit$$00000021  c_w.l(libinit2.o)
    0x080001d0   0x080001d0   0x00000000   Code   RO         4475    .ARM.Collect$$libinit$$00000023  c_w.l(libinit2.o)
    0x080001d0   0x080001d0   0x00000000   Code   RO         4477    .ARM.Collect$$libinit$$00000025  c_w.l(libinit2.o)
    0x080001d0   0x080001d0   0x00000000   Code   RO         4481    .ARM.Collect$$libinit$$0000002C  c_w.l(libinit2.o)
    0x080001d0   0x080001d0   0x00000000   Code   RO         4483    .ARM.Collect$$libinit$$0000002E  c_w.l(libinit2.o)
    0x080001d0   0x080001d0   0x00000000   Code   RO         4485    .ARM.Collect$$libinit$$00000030  c_w.l(libinit2.o)
    0x080001d0   0x080001d0   0x00000000   Code   RO         4487    .ARM.Collect$$libinit$$00000032  c_w.l(libinit2.o)
    0x080001d0   0x080001d0   0x00000002   Code   RO         4488    .ARM.Collect$$libinit$$00000033  c_w.l(libinit2.o)
    0x080001d2   0x080001d2   0x00000002   Code   RO         4508    .ARM.Collect$$libshutdown$$00000000  c_w.l(libshutdown.o)
    0x080001d4   0x080001d4   0x00000000   Code   RO         4521    .ARM.Collect$$libshutdown$$00000002  c_w.l(libshutdown2.o)
    0x080001d4   0x080001d4   0x00000000   Code   RO         4523    .ARM.Collect$$libshutdown$$00000004  c_w.l(libshutdown2.o)
    0x080001d4   0x080001d4   0x00000000   Code   RO         4525    .ARM.Collect$$libshutdown$$00000006  c_w.l(libshutdown2.o)
    0x080001d4   0x080001d4   0x00000000   Code   RO         4528    .ARM.Collect$$libshutdown$$00000009  c_w.l(libshutdown2.o)
    0x080001d4   0x080001d4   0x00000000   Code   RO         4531    .ARM.Collect$$libshutdown$$0000000C  c_w.l(libshutdown2.o)
    0x080001d4   0x080001d4   0x00000000   Code   RO         4533    .ARM.Collect$$libshutdown$$0000000E  c_w.l(libshutdown2.o)
    0x080001d4   0x080001d4   0x00000000   Code   RO         4536    .ARM.Collect$$libshutdown$$00000011  c_w.l(libshutdown2.o)
    0x080001d4   0x080001d4   0x00000002   Code   RO         4537    .ARM.Collect$$libshutdown$$00000012  c_w.l(libshutdown2.o)
    0x080001d6   0x080001d6   0x00000000   Code   RO         4280    .ARM.Collect$$rtentry$$00000000  c_w.l(__rtentry.o)
    0x080001d6   0x080001d6   0x00000000   Code   RO         4352    .ARM.Collect$$rtentry$$00000002  c_w.l(__rtentry2.o)
    0x080001d6   0x080001d6   0x00000006   Code   RO         4364    .ARM.Collect$$rtentry$$00000004  c_w.l(__rtentry4.o)
    0x080001dc   0x080001dc   0x00000000   Code   RO         4354    .ARM.Collect$$rtentry$$00000009  c_w.l(__rtentry2.o)
    0x080001dc   0x080001dc   0x00000004   Code   RO         4355    .ARM.Collect$$rtentry$$0000000A  c_w.l(__rtentry2.o)
    0x080001e0   0x080001e0   0x00000000   Code   RO         4357    .ARM.Collect$$rtentry$$0000000C  c_w.l(__rtentry2.o)
    0x080001e0   0x080001e0   0x00000008   Code   RO         4358    .ARM.Collect$$rtentry$$0000000D  c_w.l(__rtentry2.o)
    0x080001e8   0x080001e8   0x00000002   Code   RO         4442    .ARM.Collect$$rtexit$$00000000  c_w.l(rtexit.o)
    0x080001ea   0x080001ea   0x00000000   Code   RO         4490    .ARM.Collect$$rtexit$$00000002  c_w.l(rtexit2.o)
    0x080001ea   0x080001ea   0x00000004   Code   RO         4491    .ARM.Collect$$rtexit$$00000003  c_w.l(rtexit2.o)
    0x080001ee   0x080001ee   0x00000006   Code   RO         4492    .ARM.Collect$$rtexit$$00000004  c_w.l(rtexit2.o)
    0x080001f4   0x080001f4   0x00000040   Code   RO            4    .text               startup_stm32f103xb.o
    0x08000234   0x08000234   0x00000038   Code   RO         4191    .text               c_w.l(__2snprintf.o)
    0x0800026c   0x0800026c   0x0000004e   Code   RO         4197    .text               c_w.l(_printf_pad.o)
    0x080002ba   0x080002ba   0x00000052   Code   RO         4199    .text               c_w.l(_printf_str.o)
    0x0800030c   0x0800030c   0x00000078   Code   RO         4201    .text               c_w.l(_printf_dec.o)
    0x08000384   0x08000384   0x00000094   Code   RO         4221    .text               c_w.l(_printf_hex_int_ll_ptr.o)
    0x08000418   0x08000418   0x00000188   Code   RO         4241    .text               c_w.l(__printf_flags_ss_wp.o)
    0x080005a0   0x080005a0   0x0000001a   Code   RO         4249    .text               c_w.l(atoi.o)
    0x080005ba   0x080005ba   0x00000002   PAD
    0x080005bc   0x080005bc   0x0000000c   Code   RO         4251    .text               c_w.l(strtok.o)
    0x080005c8   0x080005c8   0x00000014   Code   RO         4254    .text               c_w.l(strchr.o)
    0x080005dc   0x080005dc   0x00000032   Code   RO         4256    .text               c_w.l(strncasecmp.o)
    0x0800060e   0x0800060e   0x0000002a   Code   RO         4258    .text               c_w.l(strcasecmp.o)
    0x08000638   0x08000638   0x0000003e   Code   RO         4260    .text               c_w.l(strlen.o)
    0x08000676   0x08000676   0x00000096   Code   RO         4262    .text               c_w.l(strncmp.o)
    0x0800070c   0x0800070c   0x0000008a   Code   RO         4264    .text               c_w.l(rt_memcpy_v6.o)
    0x08000796   0x08000796   0x00000084   Code   RO         4266    .text               c_w.l(rt_memmove_v6.o)
    0x0800081a   0x0800081a   0x00000044   Code   RO         4268    .text               c_w.l(rt_memclr.o)
    0x0800085e   0x0800085e   0x0000004e   Code   RO         4270    .text               c_w.l(rt_memclr_w.o)
    0x080008ac   0x080008ac   0x00000056   Code   RO         4272    .text               c_w.l(strncpy.o)
    0x08000902   0x08000902   0x00000002   PAD
    0x08000904   0x08000904   0x00000080   Code   RO         4274    .text               c_w.l(strcmpv7m.o)
    0x08000984   0x08000984   0x00000006   Code   RO         4276    .text               c_w.l(heapauxi.o)
    0x0800098a   0x0800098a   0x00000002   PAD
    0x0800098c   0x0800098c   0x00000008   Code   RO         4284    .text               c_w.l(rt_errno_addr_intlibspace.o)
    0x08000994   0x08000994   0x0000001a   Code   RO         4286    .text               c_w.l(tolower.o)
    0x080009ae   0x080009ae   0x000000b2   Code   RO         4290    .text               c_w.l(_printf_intcommon.o)
    0x08000a60   0x08000a60   0x00000030   Code   RO         4294    .text               c_w.l(_printf_char_common.o)
    0x08000a90   0x08000a90   0x0000000a   Code   RO         4296    .text               c_w.l(_sputc.o)
    0x08000a9a   0x08000a9a   0x00000010   Code   RO         4298    .text               c_w.l(_snputc.o)
    0x08000aaa   0x08000aaa   0x0000002c   Code   RO         4300    .text               c_w.l(_printf_char.o)
    0x08000ad6   0x08000ad6   0x00000070   Code   RO         4332    .text               c_w.l(strtol.o)
    0x08000b46   0x08000b46   0x00000002   PAD
    0x08000b48   0x08000b48   0x00000044   Code   RO         4334    .text               c_w.l(strtok_int.o)
    0x08000b8c   0x08000b8c   0x00000064   Code   RO         4336    .text               c_w.l(rt_memcpy_w.o)
    0x08000bf0   0x08000bf0   0x0000007a   Code   RO         4338    .text               c_w.l(rt_memmove_w.o)
    0x08000c6a   0x08000c6a   0x00000002   PAD
    0x08000c6c   0x08000c6c   0x00000008   Code   RO         4348    .text               c_w.l(libspace.o)
    0x08000c74   0x08000c74   0x00000010   Code   RO         4366    .text               c_w.l(rt_ctype_table.o)
    0x08000c84   0x08000c84   0x0000009e   Code   RO         4379    .text               c_w.l(_strtoul.o)
    0x08000d22   0x08000d22   0x00000020   Code   RO         4383    .text               c_w.l(strcspn.o)
    0x08000d42   0x08000d42   0x0000001c   Code   RO         4385    .text               c_w.l(strspn.o)
    0x08000d5e   0x08000d5e   0x0000004a   Code   RO         4387    .text               c_w.l(sys_stackheap_outer.o)
    0x08000da8   0x08000da8   0x00000008   Code   RO         4392    .text               c_w.l(rt_locale_intlibspace.o)
    0x08000db0   0x08000db0   0x0000001c   Code   RO         4396    .text               c_w.l(_chval.o)
    0x08000dcc   0x08000dcc   0x00000012   Code   RO         4429    .text               c_w.l(exit.o)
    0x08000dde   0x08000dde   0x00000002   PAD
    0x08000de0   0x08000de0   0x0000000c   Code   RO         4500    .text               c_w.l(sys_exit.o)
    0x08000dec   0x08000dec   0x00000002   Code   RO         4511    .text               c_w.l(use_no_semi.o)
    0x08000dee   0x08000dee   0x00000000   Code   RO         4513    .text               c_w.l(indicate_semi.o)
    0x08000dee   0x08000dee   0x00000002   Code   RO          324    i.BusFault_Handler  stm32f1xx_it.o
    0x08000df0   0x08000df0   0x00000004   Code   RO          565    i.CDC_Control_FS    usbd_cdc_if.o
    0x08000df4   0x08000df4   0x00000004   Code   RO          566    i.CDC_DeInit_FS     usbd_cdc_if.o
    0x08000df8   0x08000df8   0x00000420   Code   RO          567    i.CDC_Init_FS       usbd_cdc_if.o
    0x08001218   0x08001218   0x00000038   Code   RO          568    i.CDC_Receive_FS    usbd_cdc_if.o
    0x08001250   0x08001250   0x0000002c   Code   RO          569    i.CDC_Transmit_FS   usbd_cdc_if.o
    0x0800127c   0x0800127c   0x00000022   Code   RO          630    i.CFG_CheckCRC16LE  mxt_bridge.o
    0x0800129e   0x0800129e   0x00000030   Code   RO          631    i.CFG_SendResp      mxt_bridge.o
    0x080012ce   0x080012ce   0x00000002   PAD
    0x080012d0   0x080012d0   0x00000042   Code   RO         1062    i.CRC16_CCITT_FALSE  mxt_touch.o
    0x08001312   0x08001312   0x00000002   Code   RO          325    i.DebugMon_Handler  stm32f1xx_it.o
    0x08001314   0x08001314   0x0000003c   Code   RO          326    i.EXTI3_IRQHandler  stm32f1xx_it.o
    0x08001350   0x08001350   0x00000004   Code   RO           13    i.Error_Handler     main.o
    0x08001354   0x08001354   0x00000046   Code   RO         2426    i.HAL_DMA_Abort     stm32f1xx_hal_dma.o
    0x0800139a   0x0800139a   0x00000002   PAD
    0x0800139c   0x0800139c   0x00000098   Code   RO         2427    i.HAL_DMA_Abort_IT  stm32f1xx_hal_dma.o
    0x08001434   0x08001434   0x00000024   Code   RO         2052    i.HAL_Delay         stm32f1xx_hal.o
    0x08001458   0x08001458   0x000001e0   Code   RO         2362    i.HAL_GPIO_Init     stm32f1xx_hal_gpio.o
    0x08001638   0x08001638   0x0000000a   Code   RO         2364    i.HAL_GPIO_ReadPin  stm32f1xx_hal_gpio.o
    0x08001642   0x08001642   0x0000000a   Code   RO         2366    i.HAL_GPIO_WritePin  stm32f1xx_hal_gpio.o
    0x0800164c   0x0800164c   0x0000000c   Code   RO         2056    i.HAL_GetTick       stm32f1xx_hal.o
    0x08001658   0x08001658   0x00000188   Code   RO         3033    i.HAL_I2C_Init      stm32f1xx_hal_i2c.o
    0x080017e0   0x080017e0   0x0000016c   Code   RO         3034    i.HAL_I2C_IsDeviceReady  stm32f1xx_hal_i2c.o
    0x0800194c   0x0800194c   0x00000250   Code   RO         3039    i.HAL_I2C_Master_Receive  stm32f1xx_hal_i2c.o
    0x08001b9c   0x08001b9c   0x0000012c   Code   RO         3046    i.HAL_I2C_Master_Transmit  stm32f1xx_hal_i2c.o
    0x08001cc8   0x08001cc8   0x0000025c   Code   RO         3051    i.HAL_I2C_Mem_Read  stm32f1xx_hal_i2c.o
    0x08001f24   0x08001f24   0x00000130   Code   RO         3054    i.HAL_I2C_Mem_Write  stm32f1xx_hal_i2c.o
    0x08002054   0x08002054   0x00000060   Code   RO          241    i.HAL_I2C_MspInit   i2c.o
    0x080020b4   0x080020b4   0x00000010   Code   RO         2062    i.HAL_IncTick       stm32f1xx_hal.o
    0x080020c4   0x080020c4   0x00000024   Code   RO         2063    i.HAL_Init          stm32f1xx_hal.o
    0x080020e8   0x080020e8   0x00000040   Code   RO         2064    i.HAL_InitTick      stm32f1xx_hal.o
    0x08002128   0x08002128   0x0000003c   Code   RO          424    i.HAL_MspInit       stm32f1xx_hal_msp.o
    0x08002164   0x08002164   0x0000001a   Code   RO         2522    i.HAL_NVIC_EnableIRQ  stm32f1xx_hal_cortex.o
    0x0800217e   0x0800217e   0x00000002   PAD
    0x08002180   0x08002180   0x00000040   Code   RO         2528    i.HAL_NVIC_SetPriority  stm32f1xx_hal_cortex.o
    0x080021c0   0x080021c0   0x00000024   Code   RO         2529    i.HAL_NVIC_SetPriorityGrouping  stm32f1xx_hal_cortex.o
    0x080021e4   0x080021e4   0x0000003c   Code   RO         1819    i.HAL_PCDEx_PMAConfig  stm32f1xx_hal_pcd_ex.o
    0x08002220   0x08002220   0x00000002   Code   RO         1332    i.HAL_PCDEx_SetConnectionState  usbd_conf.o
    0x08002222   0x08002222   0x00000012   Code   RO         1334    i.HAL_PCD_DataInStageCallback  usbd_conf.o
    0x08002234   0x08002234   0x00000014   Code   RO         1335    i.HAL_PCD_DataOutStageCallback  usbd_conf.o
    0x08002248   0x08002248   0x0000004a   Code   RO         1590    i.HAL_PCD_EP_Close  stm32f1xx_hal_pcd.o
    0x08002292   0x08002292   0x0000005a   Code   RO         1591    i.HAL_PCD_EP_ClrStall  stm32f1xx_hal_pcd.o
    0x080022ec   0x080022ec   0x000000e6   Code   RO         1592    i.HAL_PCD_EP_DB_Receive  stm32f1xx_hal_pcd.o
    0x080023d2   0x080023d2   0x00000338   Code   RO         1593    i.HAL_PCD_EP_DB_Transmit  stm32f1xx_hal_pcd.o
    0x0800270a   0x0800270a   0x00000012   Code   RO         1595    i.HAL_PCD_EP_GetRxCount  stm32f1xx_hal_pcd.o
    0x0800271c   0x0800271c   0x00000058   Code   RO         1596    i.HAL_PCD_EP_Open   stm32f1xx_hal_pcd.o
    0x08002774   0x08002774   0x0000002e   Code   RO         1597    i.HAL_PCD_EP_Receive  stm32f1xx_hal_pcd.o
    0x080027a2   0x080027a2   0x00000070   Code   RO         1598    i.HAL_PCD_EP_SetStall  stm32f1xx_hal_pcd.o
    0x08002812   0x08002812   0x0000002e   Code   RO         1599    i.HAL_PCD_EP_Transmit  stm32f1xx_hal_pcd.o
    0x08002840   0x08002840   0x00000134   Code   RO         1601    i.HAL_PCD_IRQHandler  stm32f1xx_hal_pcd.o
    0x08002974   0x08002974   0x000000ba   Code   RO         1604    i.HAL_PCD_Init      stm32f1xx_hal_pcd.o
    0x08002a2e   0x08002a2e   0x00000002   PAD
    0x08002a30   0x08002a30   0x0000003c   Code   RO         1340    i.HAL_PCD_MspInit   usbd_conf.o
    0x08002a6c   0x08002a6c   0x00000026   Code   RO         1341    i.HAL_PCD_ResetCallback  usbd_conf.o
    0x08002a92   0x08002a92   0x00000008   Code   RO         1342    i.HAL_PCD_ResumeCallback  usbd_conf.o
    0x08002a9a   0x08002a9a   0x00000008   Code   RO         1343    i.HAL_PCD_SOFCallback  usbd_conf.o
    0x08002aa2   0x08002aa2   0x00000026   Code   RO         1610    i.HAL_PCD_SetAddress  stm32f1xx_hal_pcd.o
    0x08002ac8   0x08002ac8   0x0000000e   Code   RO         1344    i.HAL_PCD_SetupStageCallback  usbd_conf.o
    0x08002ad6   0x08002ad6   0x00000032   Code   RO         1612    i.HAL_PCD_Start     stm32f1xx_hal_pcd.o
    0x08002b08   0x08002b08   0x00000024   Code   RO         1345    i.HAL_PCD_SuspendCallback  usbd_conf.o
    0x08002b2c   0x08002b2c   0x000000ec   Code   RO         2324    i.HAL_RCCEx_PeriphCLKConfig  stm32f1xx_hal_rcc_ex.o
    0x08002c18   0x08002c18   0x0000012c   Code   RO         2220    i.HAL_RCC_ClockConfig  stm32f1xx_hal_rcc.o
    0x08002d44   0x08002d44   0x00000020   Code   RO         2227    i.HAL_RCC_GetPCLK1Freq  stm32f1xx_hal_rcc.o
    0x08002d64   0x08002d64   0x0000004c   Code   RO         2229    i.HAL_RCC_GetSysClockFreq  stm32f1xx_hal_rcc.o
    0x08002db0   0x08002db0   0x00000320   Code   RO         2232    i.HAL_RCC_OscConfig  stm32f1xx_hal_rcc.o
    0x080030d0   0x080030d0   0x00000120   Code   RO         3459    i.HAL_SPI_Abort     stm32f1xx_hal_spi.o
    0x080031f0   0x080031f0   0x00000040   Code   RO          858    i.HAL_SPI_ErrorCallback  mxt_spi_stream.o
    0x08003230   0x08003230   0x000000e0   Code   RO         3469    i.HAL_SPI_IRQHandler  stm32f1xx_hal_spi.o
    0x08003310   0x08003310   0x000000b2   Code   RO         3470    i.HAL_SPI_Init      stm32f1xx_hal_spi.o
    0x080033c2   0x080033c2   0x00000002   PAD
    0x080033c4   0x080033c4   0x00000064   Code   RO          283    i.HAL_SPI_MspInit   spi.o
    0x08003428   0x08003428   0x000000a8   Code   RO         3475    i.HAL_SPI_Receive_IT  stm32f1xx_hal_spi.o
    0x080034d0   0x080034d0   0x000000b0   Code   RO          859    i.HAL_SPI_RxCpltCallback  mxt_spi_stream.o
    0x08003580   0x08003580   0x0000009c   Code   RO         3481    i.HAL_SPI_TransmitReceive_IT  stm32f1xx_hal_spi.o
    0x0800361c   0x0800361c   0x00000002   Code   RO         3486    i.HAL_SPI_TxRxCpltCallback  stm32f1xx_hal_spi.o
    0x0800361e   0x0800361e   0x00000028   Code   RO         2533    i.HAL_SYSTICK_Config  stm32f1xx_hal_cortex.o
    0x08003646   0x08003646   0x00000002   Code   RO          327    i.HardFault_Handler  stm32f1xx_it.o
    0x08003648   0x08003648   0x0000002e   Code   RO         3076    i.I2C_IsAcknowledgeFailed  stm32f1xx_hal_i2c.o
    0x08003676   0x08003676   0x00000002   PAD
    0x08003678   0x08003678   0x000000ec   Code   RO         3079    i.I2C_MasterRequestRead  stm32f1xx_hal_i2c.o
    0x08003764   0x08003764   0x0000009c   Code   RO         3080    i.I2C_MasterRequestWrite  stm32f1xx_hal_i2c.o
    0x08003800   0x08003800   0x000000fc   Code   RO         3086    i.I2C_RequestMemoryRead  stm32f1xx_hal_i2c.o
    0x080038fc   0x080038fc   0x000000a8   Code   RO         3087    i.I2C_RequestMemoryWrite  stm32f1xx_hal_i2c.o
    0x080039a4   0x080039a4   0x00000056   Code   RO         3091    i.I2C_WaitOnBTFFlagUntilTimeout  stm32f1xx_hal_i2c.o
    0x080039fa   0x080039fa   0x00000002   PAD
    0x080039fc   0x080039fc   0x00000090   Code   RO         3092    i.I2C_WaitOnFlagUntilTimeout  stm32f1xx_hal_i2c.o
    0x08003a8c   0x08003a8c   0x000000bc   Code   RO         3093    i.I2C_WaitOnMasterAddressFlagUntilTimeout  stm32f1xx_hal_i2c.o
    0x08003b48   0x08003b48   0x00000070   Code   RO         3094    i.I2C_WaitOnRXNEFlagUntilTimeout  stm32f1xx_hal_i2c.o
    0x08003bb8   0x08003bb8   0x00000056   Code   RO         3095    i.I2C_WaitOnTXEFlagUntilTimeout  stm32f1xx_hal_i2c.o
    0x08003c0e   0x08003c0e   0x00000002   PAD
    0x08003c10   0x08003c10   0x00000038   Code   RO          479    i.IntToUnicode      usbd_desc.o
    0x08003c48   0x08003c48   0x000000b0   Code   RO         1241    i.MSG_BufferFlush   mxt_usb_io.o
    0x08003cf8   0x08003cf8   0x000000ac   Code   RO         1242    i.MSG_BufferWrite   mxt_usb_io.o
    0x08003da4   0x08003da4   0x000000b4   Code   RO         1063    i.MXT_ApplyStartupDebugCtrl  mxt_touch.o
    0x08003e58   0x08003e58   0x000001e8   Code   RO          822    i.MXT_CheckAndProcessMessages  mxt_msg.o
    0x08004040   0x08004040   0x00000024   Code   RO          740    i.MXT_DelayUs       mxt_i2c.o
    0x08004064   0x08004064   0x0000000c   Code   RO         1068    i.MXT_EnableOutput  mxt_touch.o
    0x08004070   0x08004070   0x000001b8   Code   RO          632    i.MXT_ExportConfigAsBin  mxt_bridge.o
    0x08004228   0x08004228   0x00000228   Code   RO          633    i.MXT_ExportConfigAsTxt  mxt_bridge.o
    0x08004450   0x08004450   0x00000060   Code   RO          741    i.MXT_FindI2CAddress  mxt_i2c.o
    0x080044b0   0x080044b0   0x00000014   Code   RO         1243    i.MXT_FlushMessageBuffer  mxt_usb_io.o
    0x080044c4   0x080044c4   0x00000040   Code   RO         1069    i.MXT_FormatInfoBlockLine  mxt_touch.o
    0x08004504   0x08004504   0x000000a8   Code   RO         1070    i.MXT_GetObjectAddr  mxt_touch.o
    0x080045ac   0x080045ac   0x0000001c   Code   RO          743    i.MXT_I2C_Probe     mxt_i2c.o
    0x080045c8   0x080045c8   0x00000020   Code   RO          744    i.MXT_I2C_Read      mxt_i2c.o
    0x080045e8   0x080045e8   0x00000020   Code   RO          745    i.MXT_I2C_ReadNoReg  mxt_i2c.o
    0x08004608   0x08004608   0x00000020   Code   RO          747    i.MXT_I2C_Write     mxt_i2c.o
    0x08004628   0x08004628   0x00000020   Code   RO          748    i.MXT_I2C_WriteNoReg  mxt_i2c.o
    0x08004648   0x08004648   0x00000078   Code   RO         1071    i.MXT_InitTouchScreen  mxt_touch.o
    0x080046c0   0x080046c0   0x0000000c   Code   RO         1072    i.MXT_IsOutputEnabled  mxt_touch.o
    0x080046cc   0x080046cc   0x000001a0   Code   RO         1074    i.MXT_OutputDiagnosticData  mxt_touch.o
    0x0800486c   0x0800486c   0x0000010c   Code   RO         1075    i.MXT_OutputMap16   mxt_touch.o
    0x08004978   0x08004978   0x000001cc   Code   RO         1076    i.MXT_OutputMap16Transformed  mxt_touch.o
    0x08004b44   0x08004b44   0x000000f8   Code   RO         1077    i.MXT_OutputMapAll  mxt_touch.o
    0x08004c3c   0x08004c3c   0x00000048   Code   RO          634    i.MXT_PacketUseBridgeBinary  mxt_bridge.o
    0x08004c84   0x08004c84   0x0000037c   Code   RO          823    i.MXT_ParseMessage  mxt_msg.o
    0x08005000   0x08005000   0x00000054   Code   RO          697    i.MXT_ProcessCommand  mxt_cmd.o
    0x08005054   0x08005054   0x000000c4   Code   RO          635    i.MXT_ProcessControlPending  mxt_bridge.o
    0x08005118   0x08005118   0x00000124   Code   RO          860    i.MXT_ProcessSPICheck  mxt_spi_stream.o
    0x0800523c   0x0800523c   0x00000006   Code   RO         1078    i.MXT_ReadCompleteDiagnosticFrame  mxt_touch.o
    0x08005242   0x08005242   0x00000002   PAD
    0x08005244   0x08005244   0x00000164   Code   RO         1079    i.MXT_ReadCompleteDiagnosticFrameInternal  mxt_touch.o
    0x080053a8   0x080053a8   0x0000023c   Code   RO         1080    i.MXT_ReadObjectTable  mxt_touch.o
    0x080055e4   0x080055e4   0x00000110   Code   RO         1081    i.MXT_ReadT100UnknownFields  mxt_touch.o
    0x080056f4   0x080056f4   0x000001f0   Code   RO         1082    i.MXT_ReadT37Page   mxt_touch.o
    0x080058e4   0x080058e4   0x00000028   Code   RO          861    i.MXT_SPI_PrepareStream  mxt_spi_stream.o
    0x0800590c   0x0800590c   0x00000074   Code   RO          862    i.MXT_SPI_StartIT   mxt_spi_stream.o
    0x08005980   0x08005980   0x0000002c   Code   RO          863    i.MXT_SPI_StopIT    mxt_spi_stream.o
    0x080059ac   0x080059ac   0x00000204   Code   RO         1083    i.MXT_SendMode3Packets  mxt_touch.o
    0x08005bb0   0x08005bb0   0x00000108   Code   RO         1084    i.MXT_SendSelfCapMode3Packets  mxt_touch.o
    0x08005cb8   0x08005cb8   0x0000000c   Code   RO          824    i.MXT_SetChgPending  mxt_msg.o
    0x08005cc4   0x08005cc4   0x000000d4   Code   RO         1085    i.MXT_TimerDiagnosticRead  mxt_touch.o
    0x08005d98   0x08005d98   0x00000048   Code   RO         1086    i.MXT_TouchQueuePop  mxt_touch.o
    0x08005de0   0x08005de0   0x00000044   Code   RO         1087    i.MXT_TouchQueuePush  mxt_touch.o
    0x08005e24   0x08005e24   0x00000020   Code   RO          864    i.MXT_USB_ServiceTx  mxt_spi_stream.o
    0x08005e44   0x08005e44   0x00000054   Code   RO         1244    i.MXT_WaitUsbIdle   mxt_usb_io.o
    0x08005e98   0x08005e98   0x00000134   Code   RO          216    i.MX_GPIO_Init      gpio.o
    0x08005fcc   0x08005fcc   0x00000040   Code   RO          242    i.MX_I2C2_Init      i2c.o
    0x0800600c   0x0800600c   0x00000040   Code   RO          284    i.MX_SPI1_Init      spi.o
    0x0800604c   0x0800604c   0x00000054   Code   RO          448    i.MX_USB_DEVICE_Init  usb_device.o
    0x080060a0   0x080060a0   0x0000003c   Code   RO         1088    i.Map16_CalcCRC16   mxt_touch.o
    0x080060dc   0x080060dc   0x00000002   Code   RO          328    i.MemManage_Handler  stm32f1xx_it.o
    0x080060de   0x080060de   0x00000002   Code   RO          329    i.NMI_Handler       stm32f1xx_it.o
    0x080060e0   0x080060e0   0x000003a6   Code   RO         1616    i.PCD_EP_ISR_Handler  stm32f1xx_hal_pcd.o
    0x08006486   0x08006486   0x00000002   Code   RO          330    i.PendSV_Handler    stm32f1xx_it.o
    0x08006488   0x08006488   0x000007f4   Code   RO          636    i.ProcessBridgePacket  mxt_bridge.o
    0x08006c7c   0x08006c7c   0x000022cc   Code   RO          698    i.ProcessPendingCommand  mxt_cmd.o
    0x08008f48   0x08008f48   0x000000e0   Code   RO          699    i.ProcessStringCommand  mxt_cmd.o
    0x08009028   0x08009028   0x0000000c   Code   RO          331    i.SPI1_IRQHandler   stm32f1xx_it.o
    0x08009034   0x08009034   0x0000003c   Code   RO          865    i.SPIUSB_EnsureSpace  mxt_spi_stream.o
    0x08009070   0x08009070   0x00000058   Code   RO          866    i.SPIUSB_HexEnqueueByte  mxt_spi_stream.o
    0x080090c8   0x080090c8   0x00000048   Code   RO          867    i.SPIUSB_LineEnqueue  mxt_spi_stream.o
    0x08009110   0x08009110   0x000000a0   Code   RO          868    i.SPIUSB_ResetState  mxt_spi_stream.o
    0x080091b0   0x080091b0   0x00000084   Code   RO          869    i.SPIUSB_Start1_HandlePageMarker  mxt_spi_stream.o
    0x08009234   0x08009234   0x000000ec   Code   RO          870    i.SPIUSB_Start1_ProcessPayloadByte  mxt_spi_stream.o
    0x08009320   0x08009320   0x000000ac   Code   RO          871    i.SPIUSB_Start3_EmitRowPacket  mxt_spi_stream.o
    0x080093cc   0x080093cc   0x00000054   Code   RO          872    i.SPIUSB_TryFlush   mxt_spi_stream.o
    0x08009420   0x08009420   0x00000030   Code   RO         3488    i.SPI_2linesRxISR_16BIT  stm32f1xx_hal_spi.o
    0x08009450   0x08009450   0x00000030   Code   RO         3489    i.SPI_2linesRxISR_8BIT  stm32f1xx_hal_spi.o
    0x08009480   0x08009480   0x00000030   Code   RO         3490    i.SPI_2linesTxISR_16BIT  stm32f1xx_hal_spi.o
    0x080094b0   0x080094b0   0x00000030   Code   RO         3491    i.SPI_2linesTxISR_8BIT  stm32f1xx_hal_spi.o
    0x080094e0   0x080094e0   0x00000058   Code   RO         3492    i.SPI_AbortRx_ISR   stm32f1xx_hal_spi.o
    0x08009538   0x08009538   0x0000001c   Code   RO         3493    i.SPI_AbortTx_ISR   stm32f1xx_hal_spi.o
    0x08009554   0x08009554   0x00000090   Code   RO         3494    i.SPI_CloseRxTx_ISR  stm32f1xx_hal_spi.o
    0x080095e4   0x080095e4   0x0000004c   Code   RO         3495    i.SPI_CloseRx_ISR   stm32f1xx_hal_spi.o
    0x08009630   0x08009630   0x00000010   Code   RO         3497    i.SPI_DMAAbortOnError  stm32f1xx_hal_spi.o
    0x08009640   0x08009640   0x0000005c   Code   RO         3507    i.SPI_EndRxTransaction  stm32f1xx_hal_spi.o
    0x0800969c   0x0800969c   0x00000034   Code   RO         3508    i.SPI_EndRxTxTransaction  stm32f1xx_hal_spi.o
    0x080096d0   0x080096d0   0x00000020   Code   RO         3509    i.SPI_RxISR_16BIT   stm32f1xx_hal_spi.o
    0x080096f0   0x080096f0   0x00000020   Code   RO         3510    i.SPI_RxISR_8BIT    stm32f1xx_hal_spi.o
    0x08009710   0x08009710   0x000000b8   Code   RO         3513    i.SPI_WaitFlagStateUntilTimeout  stm32f1xx_hal_spi.o
    0x080097c8   0x080097c8   0x00000002   Code   RO          332    i.SVC_Handler       stm32f1xx_it.o
    0x080097ca   0x080097ca   0x00000002   PAD
    0x080097cc   0x080097cc   0x0000004c   Code   RO         1245    i.SendResponse      mxt_usb_io.o
    0x08009818   0x08009818   0x00000004   Code   RO          333    i.SysTick_Handler   stm32f1xx_it.o
    0x0800981c   0x0800981c   0x00000076   Code   RO           14    i.SystemClock_Config  main.o
    0x08009892   0x08009892   0x00000002   Code   RO         3782    i.SystemInit        system_stm32f1xx.o
    0x08009894   0x08009894   0x00000046   Code   RO         4082    i.USBD_CDC_DataIn   usbd_cdc.o
    0x080098da   0x080098da   0x0000002e   Code   RO         4083    i.USBD_CDC_DataOut  usbd_cdc.o
    0x08009908   0x08009908   0x00000044   Code   RO         4084    i.USBD_CDC_DeInit   usbd_cdc.o
    0x0800994c   0x0800994c   0x00000024   Code   RO         4085    i.USBD_CDC_EP0_RxReady  usbd_cdc.o
    0x08009970   0x08009970   0x0000000c   Code   RO         4086    i.USBD_CDC_GetDeviceQualifierDescriptor  usbd_cdc.o
    0x0800997c   0x0800997c   0x0000000c   Code   RO         4087    i.USBD_CDC_GetFSCfgDesc  usbd_cdc.o
    0x08009988   0x08009988   0x0000000c   Code   RO         4088    i.USBD_CDC_GetHSCfgDesc  usbd_cdc.o
    0x08009994   0x08009994   0x0000000c   Code   RO         4089    i.USBD_CDC_GetOtherSpeedCfgDesc  usbd_cdc.o
    0x080099a0   0x080099a0   0x00000094   Code   RO         4090    i.USBD_CDC_Init     usbd_cdc.o
    0x08009a34   0x08009a34   0x00000028   Code   RO         4091    i.USBD_CDC_ReceivePacket  usbd_cdc.o
    0x08009a5c   0x08009a5c   0x00000010   Code   RO         4092    i.USBD_CDC_RegisterInterface  usbd_cdc.o
    0x08009a6c   0x08009a6c   0x0000000c   Code   RO         4093    i.USBD_CDC_SetRxBuffer  usbd_cdc.o
    0x08009a78   0x08009a78   0x00000010   Code   RO         4094    i.USBD_CDC_SetTxBuffer  usbd_cdc.o
    0x08009a88   0x08009a88   0x000000ac   Code   RO         4095    i.USBD_CDC_Setup    usbd_cdc.o
    0x08009b34   0x08009b34   0x00000036   Code   RO         4096    i.USBD_CDC_TransmitPacket  usbd_cdc.o
    0x08009b6a   0x08009b6a   0x0000000e   Code   RO         3819    i.USBD_ClrClassConfig  usbd_core.o
    0x08009b78   0x08009b78   0x00000010   Code   RO         4022    i.USBD_CtlContinueRx  usbd_ioreq.o
    0x08009b88   0x08009b88   0x00000010   Code   RO         4023    i.USBD_CtlContinueSendData  usbd_ioreq.o
    0x08009b98   0x08009b98   0x00000016   Code   RO         3957    i.USBD_CtlError     usbd_ctlreq.o
    0x08009bae   0x08009bae   0x0000001e   Code   RO         4024    i.USBD_CtlPrepareRx  usbd_ioreq.o
    0x08009bcc   0x08009bcc   0x00000016   Code   RO         4025    i.USBD_CtlReceiveStatus  usbd_ioreq.o
    0x08009be2   0x08009be2   0x0000001a   Code   RO         4026    i.USBD_CtlSendData  usbd_ioreq.o
    0x08009bfc   0x08009bfc   0x00000016   Code   RO         4027    i.USBD_CtlSendStatus  usbd_ioreq.o
    0x08009c12   0x08009c12   0x00000002   PAD
    0x08009c14   0x08009c14   0x00000020   Code   RO          480    i.USBD_FS_ConfigStrDescriptor  usbd_desc.o
    0x08009c34   0x08009c34   0x0000000c   Code   RO          481    i.USBD_FS_DeviceDescriptor  usbd_desc.o
    0x08009c40   0x08009c40   0x00000024   Code   RO          482    i.USBD_FS_InterfaceStrDescriptor  usbd_desc.o
    0x08009c64   0x08009c64   0x0000000c   Code   RO          483    i.USBD_FS_LangIDStrDescriptor  usbd_desc.o
    0x08009c70   0x08009c70   0x00000028   Code   RO          484    i.USBD_FS_ManufacturerStrDescriptor  usbd_desc.o
    0x08009c98   0x08009c98   0x0000002c   Code   RO          485    i.USBD_FS_ProductStrDescriptor  usbd_desc.o
    0x08009cc4   0x08009cc4   0x00000038   Code   RO          486    i.USBD_FS_SerialStrDescriptor  usbd_desc.o
    0x08009cfc   0x08009cfc   0x000000e8   Code   RO         3958    i.USBD_GetDescriptor  usbd_ctlreq.o
    0x08009de4   0x08009de4   0x00000048   Code   RO         3959    i.USBD_GetString    usbd_ctlreq.o
    0x08009e2c   0x08009e2c   0x00000018   Code   RO         1346    i.USBD_Get_USB_Status  usbd_conf.o
    0x08009e44   0x08009e44   0x0000002a   Code   RO         3821    i.USBD_Init         usbd_core.o
    0x08009e6e   0x08009e6e   0x00000012   Code   RO         1347    i.USBD_LL_ClearStallEP  usbd_conf.o
    0x08009e80   0x08009e80   0x00000012   Code   RO         1348    i.USBD_LL_CloseEP   usbd_conf.o
    0x08009e92   0x08009e92   0x000000c6   Code   RO         3822    i.USBD_LL_DataInStage  usbd_core.o
    0x08009f58   0x08009f58   0x00000082   Code   RO         3823    i.USBD_LL_DataOutStage  usbd_core.o
    0x08009fda   0x08009fda   0x00000008   Code   RO         1352    i.USBD_LL_GetRxDataSize  usbd_conf.o
    0x08009fe2   0x08009fe2   0x00000002   PAD
    0x08009fe4   0x08009fe4   0x00000080   Code   RO         1353    i.USBD_LL_Init      usbd_conf.o
    0x0800a064   0x0800a064   0x0000001e   Code   RO         1354    i.USBD_LL_IsStallEP  usbd_conf.o
    0x0800a082   0x0800a082   0x00000018   Code   RO         1355    i.USBD_LL_OpenEP    usbd_conf.o
    0x0800a09a   0x0800a09a   0x00000012   Code   RO         1356    i.USBD_LL_PrepareReceive  usbd_conf.o
    0x0800a0ac   0x0800a0ac   0x00000050   Code   RO         3828    i.USBD_LL_Reset     usbd_core.o
    0x0800a0fc   0x0800a0fc   0x00000014   Code   RO         3829    i.USBD_LL_Resume    usbd_core.o
    0x0800a110   0x0800a110   0x00000018   Code   RO         3830    i.USBD_LL_SOF       usbd_core.o
    0x0800a128   0x0800a128   0x00000006   Code   RO         3831    i.USBD_LL_SetSpeed  usbd_core.o
    0x0800a12e   0x0800a12e   0x00000012   Code   RO         1357    i.USBD_LL_SetUSBAddress  usbd_conf.o
    0x0800a140   0x0800a140   0x0000005a   Code   RO         3832    i.USBD_LL_SetupStage  usbd_core.o
    0x0800a19a   0x0800a19a   0x00000012   Code   RO         1358    i.USBD_LL_StallEP   usbd_conf.o
    0x0800a1ac   0x0800a1ac   0x00000012   Code   RO         1359    i.USBD_LL_Start     usbd_conf.o
    0x0800a1be   0x0800a1be   0x00000012   Code   RO         3833    i.USBD_LL_Suspend   usbd_core.o
    0x0800a1d0   0x0800a1d0   0x00000012   Code   RO         1361    i.USBD_LL_Transmit  usbd_conf.o
    0x0800a1e2   0x0800a1e2   0x00000028   Code   RO         3960    i.USBD_ParseSetupRequest  usbd_ctlreq.o
    0x0800a20a   0x0800a20a   0x00000010   Code   RO         3834    i.USBD_RegisterClass  usbd_core.o
    0x0800a21a   0x0800a21a   0x00000016   Code   RO         3836    i.USBD_SetClassConfig  usbd_core.o
    0x0800a230   0x0800a230   0x00000084   Code   RO         3961    i.USBD_SetConfig    usbd_ctlreq.o
    0x0800a2b4   0x0800a2b4   0x0000000a   Code   RO         3837    i.USBD_Start        usbd_core.o
    0x0800a2be   0x0800a2be   0x00000112   Code   RO         3962    i.USBD_StdDevReq    usbd_ctlreq.o
    0x0800a3d0   0x0800a3d0   0x00000150   Code   RO         3963    i.USBD_StdEPReq     usbd_ctlreq.o
    0x0800a520   0x0800a520   0x0000004e   Code   RO         3964    i.USBD_StdItfReq    usbd_ctlreq.o
    0x0800a56e   0x0800a56e   0x00000002   Code   RO         1362    i.USBD_static_free  usbd_conf.o
    0x0800a570   0x0800a570   0x00000008   Code   RO         1363    i.USBD_static_malloc  usbd_conf.o
    0x0800a578   0x0800a578   0x0000029c   Code   RO         1859    i.USB_ActivateEndpoint  stm32f1xx_ll_usb.o
    0x0800a814   0x0800a814   0x00000004   Code   RO         1862    i.USB_CoreInit      stm32f1xx_ll_usb.o
    0x0800a818   0x0800a818   0x0000010e   Code   RO         1864    i.USB_DeactivateEndpoint  stm32f1xx_ll_usb.o
    0x0800a926   0x0800a926   0x00000004   Code   RO         1865    i.USB_DevConnect    stm32f1xx_ll_usb.o
    0x0800a92a   0x0800a92a   0x00000004   Code   RO         1866    i.USB_DevDisconnect  stm32f1xx_ll_usb.o
    0x0800a92e   0x0800a92e   0x00000012   Code   RO         1867    i.USB_DevInit       stm32f1xx_ll_usb.o
    0x0800a940   0x0800a940   0x0000000e   Code   RO         1868    i.USB_DisableGlobalInt  stm32f1xx_ll_usb.o
    0x0800a94e   0x0800a94e   0x00000004   Code   RO         1869    i.USB_EP0_OutStart  stm32f1xx_ll_usb.o
    0x0800a952   0x0800a952   0x00000078   Code   RO         1870    i.USB_EPClearStall  stm32f1xx_ll_usb.o
    0x0800a9ca   0x0800a9ca   0x00000032   Code   RO         1871    i.USB_EPSetStall    stm32f1xx_ll_usb.o
    0x0800a9fc   0x0800a9fc   0x000004e2   Code   RO         1872    i.USB_EPStartXfer   stm32f1xx_ll_usb.o
    0x0800aede   0x0800aede   0x00000012   Code   RO         1874    i.USB_EnableGlobalInt  stm32f1xx_ll_usb.o
    0x0800aef0   0x0800aef0   0x0000000c   Code   RO          334    i.USB_HP_CAN1_TX_IRQHandler  stm32f1xx_it.o
    0x0800aefc   0x0800aefc   0x0000000c   Code   RO          335    i.USB_LP_CAN1_RX0_IRQHandler  stm32f1xx_it.o
    0x0800af08   0x0800af08   0x00000006   Code   RO         1881    i.USB_ReadInterrupts  stm32f1xx_ll_usb.o
    0x0800af0e   0x0800af0e   0x00000002   PAD
    0x0800af10   0x0800af10   0x0000002c   Code   RO         1882    i.USB_ReadPMA       stm32f1xx_ll_usb.o
    0x0800af3c   0x0800af3c   0x00000028   Code   RO         1251    i.USB_SendString    mxt_usb_io.o
    0x0800af64   0x0800af64   0x00000004   Code   RO         1883    i.USB_SetCurrentMode  stm32f1xx_ll_usb.o
    0x0800af68   0x0800af68   0x0000000c   Code   RO         1884    i.USB_SetDevAddress  stm32f1xx_ll_usb.o
    0x0800af74   0x0800af74   0x00000026   Code   RO         1886    i.USB_WritePMA      stm32f1xx_ll_usb.o
    0x0800af9a   0x0800af9a   0x00000002   Code   RO          336    i.UsageFault_Handler  stm32f1xx_it.o
    0x0800af9c   0x0800af9c   0x00000020   Code   RO         2535    i.__NVIC_SetPriority  stm32f1xx_hal_cortex.o
    0x0800afbc   0x0800afbc   0x0000000e   Code   RO         4234    i._is_digit         c_w.l(__printf_wp.o)
    0x0800afca   0x0800afca   0x00000002   PAD
    0x0800afcc   0x0800afcc   0x00000090   Code   RO           15    i.main              main.o
    0x0800b05c   0x0800b05c   0x0000002c   Code   RO         4424    locale$$code        c_w.l(lc_ctype_c.o)
    0x0800b088   0x0800b088   0x00000004   Data   RO          637    .constdata          mxt_bridge.o
    0x0800b08c   0x0800b08c   0x00000012   Data   RO         2233    .constdata          stm32f1xx_hal_rcc.o
    0x0800b09e   0x0800b09e   0x00000010   Data   RO         3783    .constdata          system_stm32f1xx.o
    0x0800b0ae   0x0800b0ae   0x00000008   Data   RO         3784    .constdata          system_stm32f1xx.o
    0x0800b0b6   0x0800b0b6   0x00000028   Data   RO         4222    .constdata          c_w.l(_printf_hex_int_ll_ptr.o)
    0x0800b0de   0x0800b0de   0x00000011   Data   RO         4242    .constdata          c_w.l(__printf_flags_ss_wp.o)
    0x0800b0ef   0x0800b0ef   0x00000001   PAD
    0x0800b0f0   0x0800b0f0   0x000000ea   Data   RO          701    .conststring        mxt_cmd.o
    0x0800b1da   0x0800b1da   0x00000002   PAD
    0x0800b1dc   0x0800b1dc   0x000000e8   Data   RO         1089    .conststring        mxt_touch.o
    0x0800b2c4   0x0800b2c4   0x0000004f   Data   RO         1252    .conststring        mxt_usb_io.o
    0x0800b313   0x0800b313   0x00000001   PAD
    0x0800b314   0x0800b314   0x00000020   Data   RO         4568    Region$$Table       anon$$obj.o
    0x0800b334   0x0800b334   0x00000110   Data   RO         4423    locale$$data        c_w.l(lc_ctype_c.o)


    Execution Region RW_IRAM1 (Exec base: 0x20000000, Load base: 0x0800b444, Size: 0x00003968, Max: 0x00008000, ABSOLUTE, COMPRESSED[0x000000dc])

    Exec Addr    Load Addr    Size         Type   Attr      Idx    E Section Name        Object

    0x20000000   COMPRESSED   0x0000001c   Data   RW          488    .data               usbd_desc.o
    0x2000001c   COMPRESSED   0x00000032   Data   RW          489    .data               usbd_desc.o
    0x2000004e   COMPRESSED   0x00000002   Data   RW          571    .data               usbd_cdc_if.o
    0x20000050   COMPRESSED   0x00000010   Data   RW          572    .data               usbd_cdc_if.o
    0x20000060   COMPRESSED   0x00000001   Data   RW          638    .data               mxt_bridge.o
    0x20000061   COMPRESSED   0x00000001   Data   RW          702    .data               mxt_cmd.o
    0x20000062   COMPRESSED   0x00000001   Data   RW          970    .data               mxt_state.o
    0x20000063   COMPRESSED   0x00000001   Data   RW          971    .data               mxt_state.o
    0x20000064   COMPRESSED   0x00000001   Data   RW          972    .data               mxt_state.o
    0x20000065   COMPRESSED   0x00000001   Data   RW          973    .data               mxt_state.o
    0x20000066   COMPRESSED   0x00000001   Data   RW          974    .data               mxt_state.o
    0x20000067   COMPRESSED   0x00000001   Data   RW          975    .data               mxt_state.o
    0x20000068   COMPRESSED   0x00000002   Data   RW          976    .data               mxt_state.o
    0x2000006a   COMPRESSED   0x00000002   Data   RW          977    .data               mxt_state.o
    0x2000006c   COMPRESSED   0x00000002   Data   RW          978    .data               mxt_state.o
    0x2000006e   COMPRESSED   0x00000001   Data   RW          979    .data               mxt_state.o
    0x2000006f   COMPRESSED   0x00000001   PAD
    0x20000070   COMPRESSED   0x00000002   Data   RW          980    .data               mxt_state.o
    0x20000072   COMPRESSED   0x00000001   Data   RW          981    .data               mxt_state.o
    0x20000073   COMPRESSED   0x00000001   PAD
    0x20000074   COMPRESSED   0x00000002   Data   RW          982    .data               mxt_state.o
    0x20000076   COMPRESSED   0x00000001   Data   RW          983    .data               mxt_state.o
    0x20000077   COMPRESSED   0x00000001   PAD
    0x20000078   COMPRESSED   0x00000004   Data   RW          984    .data               mxt_state.o
    0x2000007c   COMPRESSED   0x00000001   Data   RW          985    .data               mxt_state.o
    0x2000007d   COMPRESSED   0x00000001   Data   RW          986    .data               mxt_state.o
    0x2000007e   COMPRESSED   0x00000001   Data   RW          987    .data               mxt_state.o
    0x2000007f   COMPRESSED   0x00000001   Data   RW          988    .data               mxt_state.o
    0x20000080   COMPRESSED   0x00000001   Data   RW          989    .data               mxt_state.o
    0x20000081   COMPRESSED   0x00000001   Data   RW          990    .data               mxt_state.o
    0x20000082   COMPRESSED   0x00000002   Data   RW          991    .data               mxt_state.o
    0x20000084   COMPRESSED   0x00000001   Data   RW          992    .data               mxt_state.o
    0x20000085   COMPRESSED   0x00000001   PAD
    0x20000086   COMPRESSED   0x00000002   Data   RW          993    .data               mxt_state.o
    0x20000088   COMPRESSED   0x00000002   Data   RW          994    .data               mxt_state.o
    0x2000008a   COMPRESSED   0x00000002   Data   RW          995    .data               mxt_state.o
    0x2000008c   COMPRESSED   0x00000004   Data   RW          996    .data               mxt_state.o
    0x20000090   COMPRESSED   0x00000002   Data   RW          997    .data               mxt_state.o
    0x20000092   COMPRESSED   0x00000002   PAD
    0x20000094   COMPRESSED   0x00000004   Data   RW          998    .data               mxt_state.o
    0x20000098   COMPRESSED   0x00000001   Data   RW          999    .data               mxt_state.o
    0x20000099   COMPRESSED   0x00000001   PAD
    0x2000009a   COMPRESSED   0x00000002   Data   RW         1000    .data               mxt_state.o
    0x2000009c   COMPRESSED   0x00000004   Data   RW         1001    .data               mxt_state.o
    0x200000a0   COMPRESSED   0x00000001   Data   RW         1002    .data               mxt_state.o
    0x200000a1   COMPRESSED   0x00000001   Data   RW         1003    .data               mxt_state.o
    0x200000a2   COMPRESSED   0x00000002   Data   RW         1004    .data               mxt_state.o
    0x200000a4   COMPRESSED   0x00000001   Data   RW         1005    .data               mxt_state.o
    0x200000a5   COMPRESSED   0x00000001   Data   RW         1006    .data               mxt_state.o
    0x200000a6   COMPRESSED   0x00000001   Data   RW         1007    .data               mxt_state.o
    0x200000a7   COMPRESSED   0x00000001   Data   RW         1008    .data               mxt_state.o
    0x200000a8   COMPRESSED   0x00000001   Data   RW         1009    .data               mxt_state.o
    0x200000a9   COMPRESSED   0x00000001   PAD
    0x200000aa   COMPRESSED   0x00000002   Data   RW         1010    .data               mxt_state.o
    0x200000ac   COMPRESSED   0x00000002   Data   RW         1011    .data               mxt_state.o
    0x200000ae   COMPRESSED   0x00000002   Data   RW         1012    .data               mxt_state.o
    0x200000b0   COMPRESSED   0x00000002   Data   RW         1013    .data               mxt_state.o
    0x200000b2   COMPRESSED   0x00000002   Data   RW         1014    .data               mxt_state.o
    0x200000b4   COMPRESSED   0x00000001   Data   RW         1015    .data               mxt_state.o
    0x200000b5   COMPRESSED   0x00000001   Data   RW         1016    .data               mxt_state.o
    0x200000b6   COMPRESSED   0x00000001   Data   RW         1017    .data               mxt_state.o
    0x200000b7   COMPRESSED   0x00000001   Data   RW         1018    .data               mxt_state.o
    0x200000b8   COMPRESSED   0x00000001   Data   RW         1019    .data               mxt_state.o
    0x200000b9   COMPRESSED   0x00000001   Data   RW         1020    .data               mxt_state.o
    0x200000ba   COMPRESSED   0x00000001   Data   RW         1021    .data               mxt_state.o
    0x200000bb   COMPRESSED   0x00000001   PAD
    0x200000bc   COMPRESSED   0x00000004   Data   RW         1022    .data               mxt_state.o
    0x200000c0   COMPRESSED   0x00000001   Data   RW         1023    .data               mxt_state.o
    0x200000c1   COMPRESSED   0x00000001   Data   RW         1024    .data               mxt_state.o
    0x200000c2   COMPRESSED   0x00000001   Data   RW         1025    .data               mxt_state.o
    0x200000c3   COMPRESSED   0x00000001   PAD
    0x200000c4   COMPRESSED   0x00000004   Data   RW         1026    .data               mxt_state.o
    0x200000c8   COMPRESSED   0x00000001   Data   RW         1027    .data               mxt_state.o
    0x200000c9   COMPRESSED   0x00000001   Data   RW         1028    .data               mxt_state.o
    0x200000ca   COMPRESSED   0x00000001   Data   RW         1029    .data               mxt_state.o
    0x200000cb   COMPRESSED   0x00000001   PAD
    0x200000cc   COMPRESSED   0x00000002   Data   RW         1030    .data               mxt_state.o
    0x200000ce   COMPRESSED   0x00000002   Data   RW         1031    .data               mxt_state.o
    0x200000d0   COMPRESSED   0x00000001   Data   RW         1032    .data               mxt_state.o
    0x200000d1   COMPRESSED   0x00000003   PAD
    0x200000d4   COMPRESSED   0x00000004   Data   RW         1033    .data               mxt_state.o
    0x200000d8   COMPRESSED   0x00000001   Data   RW         1034    .data               mxt_state.o
    0x200000d9   COMPRESSED   0x00000001   Data   RW         1035    .data               mxt_state.o
    0x200000da   COMPRESSED   0x00000001   Data   RW         1036    .data               mxt_state.o
    0x200000db   COMPRESSED   0x00000001   Data   RW         1037    .data               mxt_state.o
    0x200000dc   COMPRESSED   0x00000001   Data   RW         1038    .data               mxt_state.o
    0x200000dd   COMPRESSED   0x00000001   Data   RW         1039    .data               mxt_state.o
    0x200000de   COMPRESSED   0x00000001   Data   RW         1040    .data               mxt_state.o
    0x200000df   COMPRESSED   0x00000001   Data   RW         1041    .data               mxt_state.o
    0x200000e0   COMPRESSED   0x00000001   Data   RW         1042    .data               mxt_state.o
    0x200000e1   COMPRESSED   0x00000001   Data   RW         1043    .data               mxt_state.o
    0x200000e2   COMPRESSED   0x00000002   PAD
    0x200000e4   COMPRESSED   0x00000004   Data   RW         1044    .data               mxt_state.o
    0x200000e8   COMPRESSED   0x00000001   Data   RW         1045    .data               mxt_state.o
    0x200000e9   COMPRESSED   0x00000001   Data   RW         1046    .data               mxt_state.o
    0x200000ea   COMPRESSED   0x00000008   Data   RW         1047    .data               mxt_state.o
    0x200000f2   COMPRESSED   0x00000002   PAD
    0x200000f4   COMPRESSED   0x0000000c   Data   RW         2070    .data               stm32f1xx_hal.o
    0x20000100   COMPRESSED   0x00000004   Data   RW         3785    .data               system_stm32f1xx.o
    0x20000104   COMPRESSED   0x00000001   Data   RW         3965    .data               usbd_ctlreq.o
    0x20000105   COMPRESSED   0x00000003   PAD
    0x20000108   COMPRESSED   0x000000d7   Data   RW         4097    .data               usbd_cdc.o
    0x200001df   COMPRESSED   0x00000001   PAD
    0x200001e0   COMPRESSED   0x00000038   Data   RW         4098    .data               usbd_cdc.o
    0x20000218   COMPRESSED   0x00000004   Data   RW         4252    .data               c_w.l(strtok.o)
    0x2000021c        -       0x00000054   Zero   RW          243    .bss                i2c.o
    0x20000270        -       0x00000058   Zero   RW          285    .bss                spi.o
    0x200002c8        -       0x000002c4   Zero   RW          449    .bss                usb_device.o
    0x2000058c        -       0x00000200   Zero   RW          487    .bss                usbd_desc.o
    0x2000078c        -       0x00000500   Zero   RW          570    .bss                usbd_cdc_if.o
    0x20000c8c        -       0x00000040   Zero   RW          700    .bss                mxt_cmd.o
    0x20000ccc        -       0x00000082   Zero   RW          957    .bss                mxt_state.o
    0x20000d4e        -       0x00000200   Zero   RW          958    .bss                mxt_state.o
    0x20000f4e        -       0x0000021c   Zero   RW          959    .bss                mxt_state.o
    0x2000116a        -       0x00000400   Zero   RW          960    .bss                mxt_state.o
    0x2000156a        -       0x00000400   Zero   RW          961    .bss                mxt_state.o
    0x2000196a        -       0x00000800   Zero   RW          962    .bss                mxt_state.o
    0x2000216a        -       0x00000020   Zero   RW          963    .bss                mxt_state.o
    0x2000218a        -       0x00000500   Zero   RW          964    .bss                mxt_state.o
    0x2000268a        -       0x00000100   Zero   RW          965    .bss                mxt_state.o
    0x2000278a        -       0x00000400   Zero   RW          966    .bss                mxt_state.o
    0x20002b8a        -       0x00000040   Zero   RW          967    .bss                mxt_state.o
    0x20002bca        -       0x00000040   Zero   RW          968    .bss                mxt_state.o
    0x20002c0a        -       0x00000200   Zero   RW          969    .bss                mxt_state.o
    0x20002e0a   COMPRESSED   0x00000002   PAD
    0x20002e0c        -       0x000004f8   Zero   RW         1364    .bss                usbd_conf.o
    0x20003304        -       0x00000060   Zero   RW         4349    .bss                c_w.l(libspace.o)
    0x20003364   COMPRESSED   0x00000004   PAD
    0x20003368        -       0x00000200   Zero   RW            2    HEAP                startup_stm32f103xb.o
    0x20003568        -       0x00000400   Zero   RW            1    STACK               startup_stm32f103xb.o


==============================================================================

Image component sizes


      Code (inc. data)   RO Data    RW Data    ZI Data      Debug   Object Name

       308         22          0          0          0        975   gpio.o
       160         28          0          0         84       1521   i2c.o
       266         12          0          0          0     423855   main.o
      3378        778          4          1          0      13390   mxt_bridge.o
      9216       4924        234          1         64       8236   mxt_cmd.o
       288         34          0          0          0       4467   mxt_i2c.o
      1392        436          0          0          0       4629   mxt_msg.o
      1768        406          0          0          0      10348   mxt_spi_stream.o
         0          0          0        128       8510       5325   mxt_state.o
      4908       1418        232          0          0      20880   mxt_touch.o
       568         74         79          0          0       4609   mxt_usb_io.o
       164         22          0          0         88       1525   spi.o
        64         26        236          0       1536        784   startup_stm32f103xb.o
       164         28          0         12          0       5697   stm32f1xx_hal.o
       198         14          0          0          0      28775   stm32f1xx_hal_cortex.o
       222          4          0          0          0       1691   stm32f1xx_hal_dma.o
       500         34          0          0          0       3407   stm32f1xx_hal_gpio.o
      4030        104          0          0          0      18637   stm32f1xx_hal_i2c.o
        60          8          0          0          0        822   stm32f1xx_hal_msp.o
      3044          0          0          0          0      13861   stm32f1xx_hal_pcd.o
        60          0          0          0          0       1122   stm32f1xx_hal_pcd_ex.o
      1208         72         18          0          0       4421   stm32f1xx_hal_rcc.o
       236         12          0          0          0       1332   stm32f1xx_hal_rcc_ex.o
      1952         58          0          0          0      13821   stm32f1xx_hal_spi.o
       116         30          0          0          0       5392   stm32f1xx_it.o
      2528          0          0          0          0      15651   stm32f1xx_ll_usb.o
         2          0         24          4          0       1035   system_stm32f1xx.o
        84         18          0          0        708        740   usb_device.o
       726         16          0        271          0      12578   usbd_cdc.o
      1164        870          0         18       1280       3617   usbd_cdc_if.o
       554         30          0          0       1272      13557   usbd_conf.o
       670          0          0          0          0       9095   usbd_core.o
      1186         28          0          1          0       7688   usbd_ctlreq.o
       288        104          0         78        512       5665   usbd_desc.o
       132          0          0          0          0       4140   usbd_ioreq.o

    ----------------------------------------------------------------------
     41630       9610        862        536      14056     673288   Object Totals
         0          0         32          0          0          0   (incl. Generated)
        26          0          3         22          2          0   (incl. Padding)

    ----------------------------------------------------------------------

      Code (inc. data)   RO Data    RW Data    ZI Data      Debug   Library Member Name

        56          6          0          0          0         88   __2snprintf.o
        90          0          0          0          0          0   __dczerorl2.o
         8          0          0          0          0         68   __main.o
       392          4         17          0          0         92   __printf_flags_ss_wp.o
        14          0          0          0          0         68   __printf_wp.o
         0          0          0          0          0          0   __rtentry.o
        12          0          0          0          0          0   __rtentry2.o
         6          0          0          0          0          0   __rtentry4.o
        52          8          0          0          0          0   __scatter.o
        28          0          0          0          0          0   __scatter_zi.o
        28          0          0          0          0         68   _chval.o
        44          0          0          0          0        108   _printf_char.o
        48          6          0          0          0         96   _printf_char_common.o
         6          0          0          0          0          0   _printf_d.o
       120         16          0          0          0         92   _printf_dec.o
       148          4         40          0          0        160   _printf_hex_int_ll_ptr.o
       178          0          0          0          0         88   _printf_intcommon.o
        78          0          0          0          0        108   _printf_pad.o
         0          0          0          0          0          0   _printf_percent.o
         4          0          0          0          0          0   _printf_percent_end.o
         6          0          0          0          0          0   _printf_s.o
        82          0          0          0          0         80   _printf_str.o
         6          0          0          0          0          0   _printf_u.o
         6          0          0          0          0          0   _printf_x.o
        16          0          0          0          0         68   _snputc.o
        10          0          0          0          0         68   _sputc.o
       158          0          0          0          0         92   _strtoul.o
        26          0          0          0          0         80   atoi.o
        18          0          0          0          0         80   exit.o
         6          0          0          0          0        152   heapauxi.o
         0          0          0          0          0          0   indicate_semi.o
        44         10        272          0          0         76   lc_ctype_c.o
         2          0          0          0          0          0   libinit.o
        20          0          0          0          0          0   libinit2.o
         2          0          0          0          0          0   libshutdown.o
         2          0          0          0          0          0   libshutdown2.o
         8          4          0          0         96         68   libspace.o
        16          4          0          0          0         76   rt_ctype_table.o
         8          4          0          0          0         68   rt_errno_addr_intlibspace.o
         8          4          0          0          0         68   rt_locale_intlibspace.o
        68          0          0          0          0         68   rt_memclr.o
        78          0          0          0          0         80   rt_memclr_w.o
       138          0          0          0          0         68   rt_memcpy_v6.o
       100          0          0          0          0         80   rt_memcpy_w.o
       132          0          0          0          0         68   rt_memmove_v6.o
       122          0          0          0          0         80   rt_memmove_w.o
         2          0          0          0          0          0   rtexit.o
        10          0          0          0          0          0   rtexit2.o
        42          0          0          0          0         84   strcasecmp.o
        20          0          0          0          0         68   strchr.o
       128          0          0          0          0         68   strcmpv7m.o
        32          0          0          0          0         80   strcspn.o
        62          0          0          0          0         76   strlen.o
        50          0          0          0          0         84   strncasecmp.o
       150          0          0          0          0         80   strncmp.o
        86          0          0          0          0         76   strncpy.o
        28          0          0          0          0         80   strspn.o
        12          6          0          4          0         68   strtok.o
        68          4          0          0          0         84   strtok_int.o
       112          0          0          0          0         88   strtol.o
        12          4          0          0          0         68   sys_exit.o
        74          0          0          0          0         80   sys_stackheap_outer.o
        26          0          0          0          0         76   tolower.o
         2          0          0          0          0         68   use_no_semi.o

    ----------------------------------------------------------------------
      3326         84        330          4        100       3684   Library Totals
        16          0          1          0          4          0   (incl. Padding)

    ----------------------------------------------------------------------

      Code (inc. data)   RO Data    RW Data    ZI Data      Debug   Library Name

      3310         84        329          4         96       3684   c_w.l

    ----------------------------------------------------------------------
      3326         84        330          4        100       3684   Library Totals

    ----------------------------------------------------------------------

==============================================================================


      Code (inc. data)   RO Data    RW Data    ZI Data      Debug   

     44956       9694       1192        540      14156     661992   Grand Totals
     44956       9694       1192        220      14156     661992   ELF Image Totals (compressed)
     44956       9694       1192        220          0          0   ROM Totals

==============================================================================

    Total RO  Size (Code + RO Data)                46148 (  45.07kB)
    Total RW  Size (RW Data + ZI Data)             14696 (  14.35kB)
    Total ROM Size (Code + RO Data + RW Data)      46368 (  45.28kB)

==============================================================================

